[2026-09-09 21:45:20] === a168_10_14  [[168,10]]  w=6  d_ub=14  X-log=10  Z-log=10
[2026-09-09 21:45:49] dZ sector 1/10: >= 14  (29s)
[2026-09-09 21:46:29] dZ sector 2/10: >= 14  (40s)
[2026-09-09 21:46:54] dZ sector 3/10: >= 14  (25s)
[2026-09-09 21:47:21] dZ sector 4/10: >= 14  (28s)
[2026-09-09 21:48:06] dZ sector 5/10: >= 14  (45s)
[2026-09-09 21:48:48] dZ sector 6/10: >= 14  (42s)
[2026-09-09 21:49:31] dZ sector 7/10: >= 14  (43s)
[2026-09-09 21:50:08] dZ sector 8/10: >= 14  (37s)
[2026-09-09 21:50:39] dZ sector 9/10: >= 14  (31s)
[2026-09-09 21:51:17] dZ sector 10/10: >= 14  (38s)
[2026-09-09 21:52:07] dX sector 1/10: >= 14  (50s)
[2026-09-09 21:52:38] dX sector 2/10: >= 14  (32s)
[2026-09-09 21:53:18] dX sector 3/10: >= 14  (40s)
[2026-09-09 21:53:48] dX sector 4/10: >= 14  (30s)
[2026-09-09 21:54:22] dX sector 5/10: >= 14  (34s)
[2026-09-09 21:54:58] dX sector 6/10: >= 14  (35s)
[2026-09-09 21:55:32] dX sector 7/10: >= 14  (34s)
[2026-09-09 21:56:04] dX sector 8/10: >= 14  (32s)
[2026-09-09 21:56:41] dX sector 9/10: >= 14  (37s)
[2026-09-09 21:57:18] dX sector 10/10: >= 14  (36s)
[2026-09-09 21:57:18] PROVEN d = 14
[2026-09-09 21:57:18] witness dZ sector 1 weight 14 support [0, 11, 54, 59, 62, 79, 84, 93, 112, 125, 136, 140, 153, 167]
[2026-09-09 21:57:18] === FINAL [[168,10,14]] w=6 Q=11.667
