
Gurobi 13.0.3 (linux64) logging started Wed Sep  9 21:45:20 2026

Set parameter LogFile to value "a168_10_14_gurobi.log"
Set parameter Threads to value 8
Set parameter NodefileStart to value 35
Set parameter NodefileDir to value "."
Set parameter Cutoff to value 13.5
Set parameter MIPFocus to value 3
Set parameter Symmetry to value 2
Gurobi Optimizer version 13.0.3 build v13.0.3rc0 (linux64 - "Ubuntu 24.04.4 LTS")

CPU model: AMD Ryzen Threadripper PRO 9975WX 32-Cores, instruction set [SSE2|AVX|AVX2|AVX512]
Thread count: 32 physical cores, 64 logical processors, using up to 8 threads

Non-default parameters:
Cutoff  13.5
MIPFocus  3
NodefileStart  35
Symmetry  2
Threads  8

Optimize a model with 85 rows, 253 columns and 609 nonzeros (Min)
Model fingerprint: 0x87ad5e02
Model has 168 linear objective coefficients
Variable types: 0 continuous, 253 integer (168 binary)
Coefficient statistics:
  Matrix range     [1e+00, 2e+00]
  Objective range  [1e+00, 1e+00]
  Bounds range     [1e+00, 1e+01]
  RHS range        [1e+00, 1e+00]

Presolve time: 0.00s
Presolved: 85 rows, 253 columns, 609 nonzeros
Variable types: 0 continuous, 253 integer (168 binary)
Root relaxation presolve removed 85 rows and 253 columns
Root relaxation presolve: All rows and columns removed

Root relaxation: objective 1.000000e+00, 0 iterations, 0.00 seconds (0.00 work units)

    Nodes    |    Current Node    |     Objective Bounds      |     Work
 Expl Unexpl |  Obj  Depth IntInf | Incumbent    BestBd   Gap | It/Node Time

     0     0    1.00000    0    3          -    1.00000      -     -    0s
     0     0    1.00000    0    3          -    1.00000      -     -    0s
     0     0    2.00000    0    3          -    2.00000      -     -    0s
     0     0    3.00000    0    3          -    3.00000      -     -    0s
     0     0    3.00000    0    3          -    3.00000      -     -    0s
     0     2    3.00000    0    3          -    3.00000      -     -    0s
 55459 20616   12.56481   33   69          -    9.00000      -  20.8    5s
 84813 22693   12.80385   28  113          -   10.16667      -  27.3   10s
 107556 21523     cutoff   35               -   11.00000      -  31.0   15s
 126467 18818   12.74576   35   94          -   11.58333      -  33.6   20s
 145449 10806     cutoff   38               -   12.23810      -  35.5   25s

Cutting planes:
  Gomory: 27
  Implied bound: 477
  MIR: 244
  Inf proof: 66
  Zero half: 363
  Relax-and-lift: 3

Explored 159047 nodes (5622844 simplex iterations) in 29.06 seconds (75.98 work units)
Thread count was 8 (of 64 available processors)

Solution count 0

Model objective exceeds cutoff
Best objective -, best bound 1.350000000145e+01, gap -

Gurobi 13.0.3 (linux64) logging started Wed Sep  9 21:45:49 2026

Set parameter LogFile to value "a168_10_14_gurobi.log"
Set parameter Threads to value 8
Set parameter NodefileStart to value 35
Set parameter NodefileDir to value "."
Set parameter Cutoff to value 13.5
Set parameter MIPFocus to value 3
Set parameter Symmetry to value 2
Gurobi Optimizer version 13.0.3 build v13.0.3rc0 (linux64 - "Ubuntu 24.04.4 LTS")

CPU model: AMD Ryzen Threadripper PRO 9975WX 32-Cores, instruction set [SSE2|AVX|AVX2|AVX512]
Thread count: 32 physical cores, 64 logical processors, using up to 8 threads

Non-default parameters:
Cutoff  13.5
MIPFocus  3
NodefileStart  35
Symmetry  2
Threads  8

Optimize a model with 85 rows, 253 columns and 613 nonzeros (Min)
Model fingerprint: 0xdb10ee67
Model has 168 linear objective coefficients
Variable types: 0 continuous, 253 integer (168 binary)
Coefficient statistics:
  Matrix range     [1e+00, 2e+00]
  Objective range  [1e+00, 1e+00]
  Bounds range     [1e+00, 1e+01]
  RHS range        [1e+00, 1e+00]

Presolve time: 0.00s
Presolved: 85 rows, 253 columns, 613 nonzeros
Variable types: 0 continuous, 253 integer (168 binary)
Root relaxation presolve removed 85 rows and 253 columns
Root relaxation presolve: All rows and columns removed

Root relaxation: objective 1.000000e+00, 0 iterations, 0.00 seconds (0.00 work units)

    Nodes    |    Current Node    |     Objective Bounds      |     Work
 Expl Unexpl |  Obj  Depth IntInf | Incumbent    BestBd   Gap | It/Node Time

     0     0    1.00000    0    3          -    1.00000      -     -    0s
     0     0    2.00000    0   11          -    2.00000      -     -    0s
     0     0    2.00000    0    2          -    2.00000      -     -    0s
     0     0    2.00000    0    6          -    2.00000      -     -    0s
     0     0    3.00000    0    6          -    3.00000      -     -    0s
     0     2    3.00000    0    6          -    3.00000      -     -    0s
 39218 16311   10.50000   26   14          -    9.00000      -  20.0    5s
 74490 24326     cutoff   38               -   10.00000      -  23.2   10s
 104554 27666   11.00000   32   58          -   10.52174      -  25.8   15s
 130553 27549   12.50000   36   26          -   11.00000      -  28.1   20s
 151509 26189     cutoff   39               -   11.39394      -  30.1   25s
 167537 22315   13.26360   33  120          -   11.75000      -  31.9   30s
 182622 14375   12.86775   28  105          -   12.10345      -  33.4   35s

Cutting planes:
  Gomory: 23
  Cover: 3
  Implied bound: 132
  MIR: 367
  Inf proof: 78
  Zero half: 428
  Relax-and-lift: 3

Explored 200260 nodes (6773801 simplex iterations) in 39.64 seconds (94.79 work units)
Thread count was 8 (of 64 available processors)

Solution count 0

Model objective exceeds cutoff
Best objective -, best bound 1.350000000145e+01, gap -

Gurobi 13.0.3 (linux64) logging started Wed Sep  9 21:46:29 2026

Set parameter LogFile to value "a168_10_14_gurobi.log"
Set parameter Threads to value 8
Set parameter NodefileStart to value 35
Set parameter NodefileDir to value "."
Set parameter Cutoff to value 13.5
Set parameter MIPFocus to value 3
Set parameter Symmetry to value 2
Gurobi Optimizer version 13.0.3 build v13.0.3rc0 (linux64 - "Ubuntu 24.04.4 LTS")

CPU model: AMD Ryzen Threadripper PRO 9975WX 32-Cores, instruction set [SSE2|AVX|AVX2|AVX512]
Thread count: 32 physical cores, 64 logical processors, using up to 8 threads

Non-default parameters:
Cutoff  13.5
MIPFocus  3
NodefileStart  35
Symmetry  2
Threads  8

Optimize a model with 85 rows, 253 columns and 609 nonzeros (Min)
Model fingerprint: 0x7cae3854
Model has 168 linear objective coefficients
Variable types: 0 continuous, 253 integer (168 binary)
Coefficient statistics:
  Matrix range     [1e+00, 2e+00]
  Objective range  [1e+00, 1e+00]
  Bounds range     [1e+00, 1e+01]
  RHS range        [1e+00, 1e+00]

Presolve time: 0.00s
Presolved: 85 rows, 253 columns, 609 nonzeros
Variable types: 0 continuous, 253 integer (168 binary)
Root relaxation presolve removed 85 rows and 253 columns
Root relaxation presolve: All rows and columns removed

Root relaxation: objective 1.000000e+00, 0 iterations, 0.00 seconds (0.00 work units)

    Nodes    |    Current Node    |     Objective Bounds      |     Work
 Expl Unexpl |  Obj  Depth IntInf | Incumbent    BestBd   Gap | It/Node Time

     0     0    1.00000    0    3          -    1.00000      -     -    0s
     0     0    1.00000    0    3          -    1.00000      -     -    0s
     0     0    2.00000    0    3          -    2.00000      -     -    0s
     0     0    3.00000    0    3          -    3.00000      -     -    0s
     0     0    3.00000    0    3          -    3.00000      -     -    0s
     0     2    3.00000    0    3          -    3.00000      -     -    0s
 48775 17532     cutoff   38               -    9.00000      -  23.0    5s
 74832 18663   11.82927   30   82          -   10.50000      -  30.3   10s
 93123 16839     cutoff   34               -   11.24324      -  33.9   15s
 110611 12797     cutoff   33               -   12.00000      -  37.0   20s
 128377    10 infeasible   40               -   13.00000      -  37.5   25s

Cutting planes:
  Gomory: 29
  Implied bound: 477
  MIR: 312
  Inf proof: 43
  Zero half: 378
  Relax-and-lift: 4

Explored 129577 nodes (4835110 simplex iterations) in 25.06 seconds (64.50 work units)
Thread count was 8 (of 64 available processors)

Solution count 0

Model objective exceeds cutoff
Best objective -, best bound 1.350000000145e+01, gap -

Gurobi 13.0.3 (linux64) logging started Wed Sep  9 21:46:54 2026

Set parameter LogFile to value "a168_10_14_gurobi.log"
Set parameter Threads to value 8
Set parameter NodefileStart to value 35
Set parameter NodefileDir to value "."
Set parameter Cutoff to value 13.5
Set parameter MIPFocus to value 3
Set parameter Symmetry to value 2
Gurobi Optimizer version 13.0.3 build v13.0.3rc0 (linux64 - "Ubuntu 24.04.4 LTS")

CPU model: AMD Ryzen Threadripper PRO 9975WX 32-Cores, instruction set [SSE2|AVX|AVX2|AVX512]
Thread count: 32 physical cores, 64 logical processors, using up to 8 threads

Non-default parameters:
Cutoff  13.5
MIPFocus  3
NodefileStart  35
Symmetry  2
Threads  8

Optimize a model with 85 rows, 253 columns and 609 nonzeros (Min)
Model fingerprint: 0xa91f4bf0
Model has 168 linear objective coefficients
Variable types: 0 continuous, 253 integer (168 binary)
Coefficient statistics:
  Matrix range     [1e+00, 2e+00]
  Objective range  [1e+00, 1e+00]
  Bounds range     [1e+00, 1e+01]
  RHS range        [1e+00, 1e+00]

Presolve time: 0.00s
Presolved: 85 rows, 253 columns, 609 nonzeros
Variable types: 0 continuous, 253 integer (168 binary)
Root relaxation presolve removed 85 rows and 253 columns
Root relaxation presolve: All rows and columns removed

Root relaxation: objective 1.000000e+00, 0 iterations, 0.00 seconds (0.00 work units)

    Nodes    |    Current Node    |     Objective Bounds      |     Work
 Expl Unexpl |  Obj  Depth IntInf | Incumbent    BestBd   Gap | It/Node Time

     0     0    1.00000    0    3          -    1.00000      -     -    0s
     0     0    1.00000    0    3          -    1.00000      -     -    0s
     0     0    2.00000    0    3          -    2.00000      -     -    0s
     0     0    3.00000    0    3          -    3.00000      -     -    0s
     0     0    3.00000    0    3          -    3.00000      -     -    0s
     0     2    3.00000    0    3          -    3.00000      -     -    0s
 59193 21536 infeasible   30               -    9.00000      -  21.2    5s
 87586 22959   12.00000   29   59          -   10.20000      -  27.6   10s
 111075 20513 infeasible   33               -   11.00000      -  31.5   15s
 132071 17230     cutoff   33               -   11.75747      -  34.1   20s
 146830 10328     cutoff   30               -   12.25714      -  35.3   25s

Cutting planes:
  Gomory: 24
  Implied bound: 491
  MIR: 287
  Inf proof: 50
  Zero half: 367
  Relax-and-lift: 6

Explored 159655 nodes (5598734 simplex iterations) in 27.82 seconds (70.59 work units)
Thread count was 8 (of 64 available processors)

Solution count 0

Model objective exceeds cutoff
Best objective -, best bound 1.350000000145e+01, gap -

Gurobi 13.0.3 (linux64) logging started Wed Sep  9 21:47:21 2026

Set parameter LogFile to value "a168_10_14_gurobi.log"
Set parameter Threads to value 8
Set parameter NodefileStart to value 35
Set parameter NodefileDir to value "."
Set parameter Cutoff to value 13.5
Set parameter MIPFocus to value 3
Set parameter Symmetry to value 2
Gurobi Optimizer version 13.0.3 build v13.0.3rc0 (linux64 - "Ubuntu 24.04.4 LTS")

CPU model: AMD Ryzen Threadripper PRO 9975WX 32-Cores, instruction set [SSE2|AVX|AVX2|AVX512]
Thread count: 32 physical cores, 64 logical processors, using up to 8 threads

Non-default parameters:
Cutoff  13.5
MIPFocus  3
NodefileStart  35
Symmetry  2
Threads  8

Optimize a model with 85 rows, 253 columns and 613 nonzeros (Min)
Model fingerprint: 0x0e1f23b8
Model has 168 linear objective coefficients
Variable types: 0 continuous, 253 integer (168 binary)
Coefficient statistics:
  Matrix range     [1e+00, 2e+00]
  Objective range  [1e+00, 1e+00]
  Bounds range     [1e+00, 1e+01]
  RHS range        [1e+00, 1e+00]

Presolve time: 0.00s
Presolved: 85 rows, 253 columns, 613 nonzeros
Variable types: 0 continuous, 253 integer (168 binary)
Root relaxation presolve removed 85 rows and 253 columns
Root relaxation presolve: All rows and columns removed

Root relaxation: objective 1.000000e+00, 0 iterations, 0.00 seconds (0.00 work units)

    Nodes    |    Current Node    |     Objective Bounds      |     Work
 Expl Unexpl |  Obj  Depth IntInf | Incumbent    BestBd   Gap | It/Node Time

     0     0    1.00000    0    3          -    1.00000      -     -    0s
     0     0    1.00000    0    3          -    1.00000      -     -    0s
     0     0    2.00000    0    3          -    2.00000      -     -    0s
     0     0    2.00000    0    3          -    2.00000      -     -    0s
     0     2    3.00000    0    3          -    3.00000      -     -    0s
 27534 12436    9.76250   24   51          -    8.75000      -  26.1    5s
 64404 22062   11.56170   28  102          -    9.86900      -  29.7   10s
 89296 25900   11.61111   28   69          -   10.30168      -  32.1   15s
 115102 27815   12.83434   30   67          -   10.77273      -  35.4   20s
 136758 26922     cutoff   31               -   11.15504      -  38.1   25s
 156133 24399     cutoff   33               -   11.50000      -  40.5   30s
 172545 20270     cutoff   36               -   11.88288      -  42.7   35s
 186405 13040 infeasible   24               -   12.20207      -  44.4   40s

Cutting planes:
  Gomory: 21
  Lift-and-project: 2
  Implied bound: 139
  MIR: 311
  Inf proof: 71
  Zero half: 523
  Relax-and-lift: 6

Explored 202451 nodes (9056745 simplex iterations) in 44.54 seconds (116.95 work units)
Thread count was 8 (of 64 available processors)

Solution count 0

Model objective exceeds cutoff
Best objective -, best bound 1.350000000145e+01, gap -

Gurobi 13.0.3 (linux64) logging started Wed Sep  9 21:48:06 2026

Set parameter LogFile to value "a168_10_14_gurobi.log"
Set parameter Threads to value 8
Set parameter NodefileStart to value 35
Set parameter NodefileDir to value "."
Set parameter Cutoff to value 13.5
Set parameter MIPFocus to value 3
Set parameter Symmetry to value 2
Gurobi Optimizer version 13.0.3 build v13.0.3rc0 (linux64 - "Ubuntu 24.04.4 LTS")

CPU model: AMD Ryzen Threadripper PRO 9975WX 32-Cores, instruction set [SSE2|AVX|AVX2|AVX512]
Thread count: 32 physical cores, 64 logical processors, using up to 8 threads

Non-default parameters:
Cutoff  13.5
MIPFocus  3
NodefileStart  35
Symmetry  2
Threads  8

Optimize a model with 85 rows, 253 columns and 627 nonzeros (Min)
Model fingerprint: 0x99d04639
Model has 168 linear objective coefficients
Variable types: 0 continuous, 253 integer (168 binary)
Coefficient statistics:
  Matrix range     [1e+00, 2e+00]
  Objective range  [1e+00, 1e+00]
  Bounds range     [1e+00, 2e+01]
  RHS range        [1e+00, 1e+00]

Presolve time: 0.00s
Presolved: 85 rows, 253 columns, 627 nonzeros
Variable types: 0 continuous, 253 integer (168 binary)
Root relaxation presolve removed 85 rows and 253 columns
Root relaxation presolve: All rows and columns removed

Root relaxation: objective 1.000000e+00, 0 iterations, 0.00 seconds (0.00 work units)

    Nodes    |    Current Node    |     Objective Bounds      |     Work
 Expl Unexpl |  Obj  Depth IntInf | Incumbent    BestBd   Gap | It/Node Time

     0     0    1.00000    0    3          -    1.00000      -     -    0s
     0     0    1.00000    0    3          -    1.00000      -     -    0s
     0     0    1.00000    0    3          -    1.00000      -     -    0s
     0     0    2.00000    0    3          -    2.00000      -     -    0s
     0     0    2.50000    0    3          -    2.50000      -     -    0s
     0     2    2.50000    0    3          -    2.50000      -     -    0s
 42725 16937   11.63636   32   45          -    8.11111      -  24.1    5s
 76303 22991   11.64347   29  100          -    9.66667      -  28.7   10s
 108180 26551   12.41176   29   69          -   10.46875      -  30.8   15s
 138958 28365 infeasible   31               -   11.00000      -  32.2   20s
 162742 27590 infeasible   27               -   11.30000      -  33.1   25s
 186439 25182   12.75202   30  107          -   11.64634      -  34.0   30s
 210138 19441     cutoff   23               -   12.00000      -  34.8   35s
 231989  9601 infeasible   25               -   12.50000      -  35.4   40s

Cutting planes:
  Gomory: 27
  Implied bound: 414
  MIR: 111
  Inf proof: 27
  Zero half: 431
  Relax-and-lift: 1

Explored 242602 nodes (8518563 simplex iterations) in 41.93 seconds (114.75 work units)
Thread count was 8 (of 64 available processors)

Solution count 0

Model objective exceeds cutoff
Best objective -, best bound 1.350000000145e+01, gap -

Gurobi 13.0.3 (linux64) logging started Wed Sep  9 21:48:48 2026

Set parameter LogFile to value "a168_10_14_gurobi.log"
Set parameter Threads to value 8
Set parameter NodefileStart to value 35
Set parameter NodefileDir to value "."
Set parameter Cutoff to value 13.5
Set parameter MIPFocus to value 3
Set parameter Symmetry to value 2
Gurobi Optimizer version 13.0.3 build v13.0.3rc0 (linux64 - "Ubuntu 24.04.4 LTS")

CPU model: AMD Ryzen Threadripper PRO 9975WX 32-Cores, instruction set [SSE2|AVX|AVX2|AVX512]
Thread count: 32 physical cores, 64 logical processors, using up to 8 threads

Non-default parameters:
Cutoff  13.5
MIPFocus  3
NodefileStart  35
Symmetry  2
Threads  8

Optimize a model with 85 rows, 253 columns and 631 nonzeros (Min)
Model fingerprint: 0xf9ea33eb
Model has 168 linear objective coefficients
Variable types: 0 continuous, 253 integer (168 binary)
Coefficient statistics:
  Matrix range     [1e+00, 2e+00]
  Objective range  [1e+00, 1e+00]
  Bounds range     [1e+00, 2e+01]
  RHS range        [1e+00, 1e+00]

Presolve time: 0.00s
Presolved: 85 rows, 253 columns, 631 nonzeros
Variable types: 0 continuous, 253 integer (168 binary)
Root relaxation presolve removed 85 rows and 253 columns
Root relaxation presolve: All rows and columns removed

Root relaxation: objective 1.000000e+00, 0 iterations, 0.00 seconds (0.00 work units)

    Nodes    |    Current Node    |     Objective Bounds      |     Work
 Expl Unexpl |  Obj  Depth IntInf | Incumbent    BestBd   Gap | It/Node Time

     0     0    1.00000    0    3          -    1.00000      -     -    0s
     0     0    1.00000    0    3          -    1.00000      -     -    0s
     0     0    1.00000    0    3          -    1.00000      -     -    0s
     0     0    2.00000    0    3          -    2.00000      -     -    0s
     0     0    2.00000    0    3          -    2.00000      -     -    0s
     0     2    2.00000    0    3          -    2.00000      -     -    0s
 38714 15567   10.74914   34   96          -    8.35845      -  27.2    5s
 68003 20937   10.37917   26   83          -    9.79808      -  31.8   10s
 94486 23966   13.00000   32   29          -   10.50000      -  33.8   15s
 117123 26141   11.75000   32   29          -   10.98214      -  35.1   20s
 142205 25237     cutoff   33               -   11.33333      -  36.3   25s
 160964 23577   12.57576   31   48          -   11.60526      -  37.1   30s
 181776 19453   12.00000   29    2          -   12.00000      -  38.0   35s
 201598 11194     cutoff   33               -   12.40000      -  38.6   40s

Cutting planes:
  Gomory: 25
  Implied bound: 434
  MIR: 108
  Inf proof: 18
  Zero half: 429
  Relax-and-lift: 1

Explored 216292 nodes (8256629 simplex iterations) in 43.03 seconds (119.22 work units)
Thread count was 8 (of 64 available processors)

Solution count 0

Model objective exceeds cutoff
Best objective -, best bound 1.350000000145e+01, gap -

Gurobi 13.0.3 (linux64) logging started Wed Sep  9 21:49:31 2026

Set parameter LogFile to value "a168_10_14_gurobi.log"
Set parameter Threads to value 8
Set parameter NodefileStart to value 35
Set parameter NodefileDir to value "."
Set parameter Cutoff to value 13.5
Set parameter MIPFocus to value 3
Set parameter Symmetry to value 2
Gurobi Optimizer version 13.0.3 build v13.0.3rc0 (linux64 - "Ubuntu 24.04.4 LTS")

CPU model: AMD Ryzen Threadripper PRO 9975WX 32-Cores, instruction set [SSE2|AVX|AVX2|AVX512]
Thread count: 32 physical cores, 64 logical processors, using up to 8 threads

Non-default parameters:
Cutoff  13.5
MIPFocus  3
NodefileStart  35
Symmetry  2
Threads  8

Optimize a model with 85 rows, 253 columns and 623 nonzeros (Min)
Model fingerprint: 0x6c5b8a1b
Model has 168 linear objective coefficients
Variable types: 0 continuous, 253 integer (168 binary)
Coefficient statistics:
  Matrix range     [1e+00, 2e+00]
  Objective range  [1e+00, 1e+00]
  Bounds range     [1e+00, 2e+01]
  RHS range        [1e+00, 1e+00]

Presolve time: 0.00s
Presolved: 85 rows, 253 columns, 623 nonzeros
Variable types: 0 continuous, 253 integer (168 binary)
Root relaxation presolve removed 85 rows and 253 columns
Root relaxation presolve: All rows and columns removed

Root relaxation: objective 1.000000e+00, 0 iterations, 0.00 seconds (0.00 work units)

    Nodes    |    Current Node    |     Objective Bounds      |     Work
 Expl Unexpl |  Obj  Depth IntInf | Incumbent    BestBd   Gap | It/Node Time

     0     0    1.00000    0    3          -    1.00000      -     -    0s
     0     0    1.00000    0    3          -    1.00000      -     -    0s
     0     0    1.00000    0    3          -    1.00000      -     -    0s
     0     0    2.00000    0    3          -    2.00000      -     -    0s
     0     0    3.00000    0    3          -    3.00000      -     -    0s
     0     2    3.00000    0    3          -    3.00000      -     -    0s
 35171 13879   11.00000   34   28          -    8.35765      -  28.6    5s
 55948 17055 infeasible   35               -    9.66667      -  33.5   10s
 77384 19043   11.27368   26  103          -   10.50000      -  36.4   15s
 100101 19716   11.37532   33  104          -   11.09091      -  38.4   20s
 119872 18544   12.97861   35   85          -   11.55405      -  39.8   25s
 138352 14252 infeasible   34               -   12.00000      -  40.9   30s
 153673  7373     cutoff   34               -   12.50000      -  41.5   35s

Cutting planes:
  Gomory: 32
  Implied bound: 479
  MIR: 221
  Inf proof: 16
  Zero half: 460
  Relax-and-lift: 1

Explored 161854 nodes (6648788 simplex iterations) in 36.94 seconds (104.35 work units)
Thread count was 8 (of 64 available processors)

Solution count 0

Model objective exceeds cutoff
Best objective -, best bound 1.350000000145e+01, gap -

Gurobi 13.0.3 (linux64) logging started Wed Sep  9 21:50:08 2026

Set parameter LogFile to value "a168_10_14_gurobi.log"
Set parameter Threads to value 8
Set parameter NodefileStart to value 35
Set parameter NodefileDir to value "."
Set parameter Cutoff to value 13.5
Set parameter MIPFocus to value 3
Set parameter Symmetry to value 2
Gurobi Optimizer version 13.0.3 build v13.0.3rc0 (linux64 - "Ubuntu 24.04.4 LTS")

CPU model: AMD Ryzen Threadripper PRO 9975WX 32-Cores, instruction set [SSE2|AVX|AVX2|AVX512]
Thread count: 32 physical cores, 64 logical processors, using up to 8 threads

Non-default parameters:
Cutoff  13.5
MIPFocus  3
NodefileStart  35
Symmetry  2
Threads  8

Optimize a model with 85 rows, 253 columns and 629 nonzeros (Min)
Model fingerprint: 0xd2feff3f
Model has 168 linear objective coefficients
Variable types: 0 continuous, 253 integer (168 binary)
Coefficient statistics:
  Matrix range     [1e+00, 2e+00]
  Objective range  [1e+00, 1e+00]
  Bounds range     [1e+00, 2e+01]
  RHS range        [1e+00, 1e+00]

Presolve time: 0.00s
Presolved: 85 rows, 253 columns, 629 nonzeros
Variable types: 0 continuous, 253 integer (168 binary)
Root relaxation presolve removed 85 rows and 253 columns
Root relaxation presolve: All rows and columns removed

Root relaxation: objective 1.000000e+00, 0 iterations, 0.00 seconds (0.00 work units)

    Nodes    |    Current Node    |     Objective Bounds      |     Work
 Expl Unexpl |  Obj  Depth IntInf | Incumbent    BestBd   Gap | It/Node Time

     0     0    1.00000    0    3          -    1.00000      -     -    0s
     0     0    1.00000    0    3          -    1.00000      -     -    0s
     0     0    1.00000    0    3          -    1.00000      -     -    0s
     0     0    2.00000    0    3          -    2.00000      -     -    0s
     0     0    2.50000    0    3          -    2.50000      -     -    0s
     0     2    2.50000    0    3          -    2.50000      -     -    0s
 43012 15933   10.63476   23   80          -    8.66667      -  24.5    5s
 67853 18351 infeasible   38               -   10.00000      -  30.2   10s
 94650 20713   12.45510   29   89          -   10.96194      -  33.5   15s
 118085 18779     cutoff   25               -   11.49468      -  35.6   20s
 138691 12978     cutoff   31               -   12.00000      -  37.1   25s
 152975  6161     cutoff   24               -   12.53205      -  37.9   30s

Cutting planes:
  Gomory: 20
  Implied bound: 455
  MIR: 104
  Inf proof: 24
  Zero half: 373
  Relax-and-lift: 1

Explored 160381 nodes (6001993 simplex iterations) in 31.20 seconds (86.22 work units)
Thread count was 8 (of 64 available processors)

Solution count 0

Model objective exceeds cutoff
Best objective -, best bound 1.350000000145e+01, gap -

Gurobi 13.0.3 (linux64) logging started Wed Sep  9 21:50:39 2026

Set parameter LogFile to value "a168_10_14_gurobi.log"
Set parameter Threads to value 8
Set parameter NodefileStart to value 35
Set parameter NodefileDir to value "."
Set parameter Cutoff to value 13.5
Set parameter MIPFocus to value 3
Set parameter Symmetry to value 2
Gurobi Optimizer version 13.0.3 build v13.0.3rc0 (linux64 - "Ubuntu 24.04.4 LTS")

CPU model: AMD Ryzen Threadripper PRO 9975WX 32-Cores, instruction set [SSE2|AVX|AVX2|AVX512]
Thread count: 32 physical cores, 64 logical processors, using up to 8 threads

Non-default parameters:
Cutoff  13.5
MIPFocus  3
NodefileStart  35
Symmetry  2
Threads  8

Optimize a model with 85 rows, 253 columns and 635 nonzeros (Min)
Model fingerprint: 0xa72b71be
Model has 168 linear objective coefficients
Variable types: 0 continuous, 253 integer (168 binary)
Coefficient statistics:
  Matrix range     [1e+00, 2e+00]
  Objective range  [1e+00, 1e+00]
  Bounds range     [1e+00, 2e+01]
  RHS range        [1e+00, 1e+00]

Presolve time: 0.00s
Presolved: 85 rows, 253 columns, 635 nonzeros
Variable types: 0 continuous, 253 integer (168 binary)
Root relaxation presolve removed 85 rows and 253 columns
Root relaxation presolve: All rows and columns removed

Root relaxation: objective 1.000000e+00, 0 iterations, 0.00 seconds (0.00 work units)

    Nodes    |    Current Node    |     Objective Bounds      |     Work
 Expl Unexpl |  Obj  Depth IntInf | Incumbent    BestBd   Gap | It/Node Time

     0     0    1.00000    0    3          -    1.00000      -     -    0s
     0     0    1.00000    0    3          -    1.00000      -     -    0s
     0     0    1.00000    0    3          -    1.00000      -     -    0s
     0     0    2.00000    0    8          -    2.00000      -     -    0s
     0     0    2.00000    0    8          -    2.00000      -     -    0s
     0     2    2.00000    0    8          -    2.00000      -     -    0s
 41974 16345 infeasible   42               -    8.00000      -  25.7    5s
 66223 19752   11.41117   35  100          -    9.50000      -  30.8   10s
 92263 22762     cutoff   31               -   10.45833      -  33.7   15s
 117285 23429     cutoff   28               -   11.00000      -  35.5   20s
 140644 22624     cutoff   29               -   11.46642      -  36.9   25s
 160452 18647   12.00000   30   14          -   11.87137      -  38.1   30s
 181584 11105   12.89407   35  119          -   12.33333      -  38.8   35s

Cutting planes:
  Gomory: 29
  Implied bound: 454
  MIR: 154
  Inf proof: 31
  Zero half: 371
  Relax-and-lift: 4

Explored 196649 nodes (7546796 simplex iterations) in 38.21 seconds (107.35 work units)
Thread count was 8 (of 64 available processors)

Solution count 0

Model objective exceeds cutoff
Best objective -, best bound 1.350000000145e+01, gap -

Gurobi 13.0.3 (linux64) logging started Wed Sep  9 21:51:17 2026

Set parameter LogFile to value "a168_10_14_gurobi.log"
Set parameter Threads to value 8
Set parameter NodefileStart to value 35
Set parameter NodefileDir to value "."
Set parameter Cutoff to value 13.5
Set parameter MIPFocus to value 3
Set parameter Symmetry to value 2
Gurobi Optimizer version 13.0.3 build v13.0.3rc0 (linux64 - "Ubuntu 24.04.4 LTS")

CPU model: AMD Ryzen Threadripper PRO 9975WX 32-Cores, instruction set [SSE2|AVX|AVX2|AVX512]
Thread count: 32 physical cores, 64 logical processors, using up to 8 threads

Non-default parameters:
Cutoff  13.5
MIPFocus  3
NodefileStart  35
Symmetry  2
Threads  8

Optimize a model with 85 rows, 253 columns and 613 nonzeros (Min)
Model fingerprint: 0xd1eaa42b
Model has 168 linear objective coefficients
Variable types: 0 continuous, 253 integer (168 binary)
Coefficient statistics:
  Matrix range     [1e+00, 2e+00]
  Objective range  [1e+00, 1e+00]
  Bounds range     [1e+00, 1e+01]
  RHS range        [1e+00, 1e+00]

Presolve time: 0.00s
Presolved: 85 rows, 253 columns, 613 nonzeros
Variable types: 0 continuous, 253 integer (168 binary)
Root relaxation presolve removed 85 rows and 253 columns
Root relaxation presolve: All rows and columns removed

Root relaxation: objective 1.000000e+00, 0 iterations, 0.00 seconds (0.00 work units)

    Nodes    |    Current Node    |     Objective Bounds      |     Work
 Expl Unexpl |  Obj  Depth IntInf | Incumbent    BestBd   Gap | It/Node Time

     0     0    1.00000    0    3          -    1.00000      -     -    0s
     0     0    4.00000    0   20          -    4.00000      -     -    0s
     0     0    4.00000    0    6          -    4.00000      -     -    0s
     0     0    4.00000    0    8          -    4.00000      -     -    0s
     0     0    4.00000    0    8          -    4.00000      -     -    0s
     0     0    4.00000    0    8          -    4.00000      -     -    0s
     0     2    4.00000    0    8          -    4.00000      -     -    0s
 21411 10046   10.46827   26  110          -    8.63095      -  25.0    5s
 52967 19281   11.02398   27  101          -    9.64411      -  26.1   10s
 82258 25087   11.05279   28   97          -   10.25641      -  28.0   15s
 103518 27650   11.49062   27   72          -   10.63265      -  29.5   20s
 125701 28359   13.00000   25   56          -   11.00000      -  31.3   25s
 146131 27507     cutoff   30               -   11.30769      -  32.9   30s
 162646 24847 infeasible   35               -   11.59444      -  34.4   35s
 176092 21028 infeasible   37               -   11.88494      -  35.7   40s
 189433 13826   12.51038   30  115          -   12.20000      -  37.0   45s

Cutting planes:
  Gomory: 23
  Lift-and-project: 6
  Implied bound: 159
  MIR: 334
  Inf proof: 59
  Zero half: 462
  Relax-and-lift: 12

Explored 206061 nodes (7666183 simplex iterations) in 49.59 seconds (132.24 work units)
Thread count was 8 (of 64 available processors)

Solution count 0

Model objective exceeds cutoff
Best objective -, best bound 1.350000000145e+01, gap -

Gurobi 13.0.3 (linux64) logging started Wed Sep  9 21:52:07 2026

Set parameter LogFile to value "a168_10_14_gurobi.log"
Set parameter Threads to value 8
Set parameter NodefileStart to value 35
Set parameter NodefileDir to value "."
Set parameter Cutoff to value 13.5
Set parameter MIPFocus to value 3
Set parameter Symmetry to value 2
Gurobi Optimizer version 13.0.3 build v13.0.3rc0 (linux64 - "Ubuntu 24.04.4 LTS")

CPU model: AMD Ryzen Threadripper PRO 9975WX 32-Cores, instruction set [SSE2|AVX|AVX2|AVX512]
Thread count: 32 physical cores, 64 logical processors, using up to 8 threads

Non-default parameters:
Cutoff  13.5
MIPFocus  3
NodefileStart  35
Symmetry  2
Threads  8

Optimize a model with 85 rows, 253 columns and 609 nonzeros (Min)
Model fingerprint: 0x7264a3eb
Model has 168 linear objective coefficients
Variable types: 0 continuous, 253 integer (168 binary)
Coefficient statistics:
  Matrix range     [1e+00, 2e+00]
  Objective range  [1e+00, 1e+00]
  Bounds range     [1e+00, 1e+01]
  RHS range        [1e+00, 1e+00]

Presolve time: 0.00s
Presolved: 85 rows, 253 columns, 609 nonzeros
Variable types: 0 continuous, 253 integer (168 binary)
Root relaxation presolve removed 85 rows and 253 columns
Root relaxation presolve: All rows and columns removed

Root relaxation: objective 1.000000e+00, 0 iterations, 0.00 seconds (0.00 work units)

    Nodes    |    Current Node    |     Objective Bounds      |     Work
 Expl Unexpl |  Obj  Depth IntInf | Incumbent    BestBd   Gap | It/Node Time

     0     0    1.00000    0    3          -    1.00000      -     -    0s
     0     0    1.00000    0    3          -    1.00000      -     -    0s
     0     0    2.00000    0    3          -    2.00000      -     -    0s
     0     0    3.00000    0    3          -    3.00000      -     -    0s
     0     0    3.00000    0    3          -    3.00000      -     -    0s
     0     2    3.00000    0    3          -    3.00000      -     -    0s
 48134 18305   12.00000   32   36          -    9.00000      -  25.0    5s
 69959 20442   12.25287   35  106          -   10.00000      -  30.4   10s
 92903 21446     cutoff   30               -   10.85938      -  34.4   15s
 115305 18775   12.04082   29   98          -   11.50000      -  37.1   20s
 133136 13838     cutoff   40               -   12.00000      -  38.7   25s
 146199  6606   12.73600   27   89          -   12.50000      -  39.6   30s

Cutting planes:
  Gomory: 25
  Implied bound: 484
  MIR: 273
  Inf proof: 30
  Zero half: 449
  Relax-and-lift: 2

Explored 153058 nodes (5989344 simplex iterations) in 31.54 seconds (95.44 work units)
Thread count was 8 (of 64 available processors)

Solution count 0

Model objective exceeds cutoff
Best objective -, best bound 1.350000000145e+01, gap -

Gurobi 13.0.3 (linux64) logging started Wed Sep  9 21:52:38 2026

Set parameter LogFile to value "a168_10_14_gurobi.log"
Set parameter Threads to value 8
Set parameter NodefileStart to value 35
Set parameter NodefileDir to value "."
Set parameter Cutoff to value 13.5
Set parameter MIPFocus to value 3
Set parameter Symmetry to value 2
Gurobi Optimizer version 13.0.3 build v13.0.3rc0 (linux64 - "Ubuntu 24.04.4 LTS")

CPU model: AMD Ryzen Threadripper PRO 9975WX 32-Cores, instruction set [SSE2|AVX|AVX2|AVX512]
Thread count: 32 physical cores, 64 logical processors, using up to 8 threads

Non-default parameters:
Cutoff  13.5
MIPFocus  3
NodefileStart  35
Symmetry  2
Threads  8

Optimize a model with 85 rows, 253 columns and 613 nonzeros (Min)
Model fingerprint: 0x4e328b2a
Model has 168 linear objective coefficients
Variable types: 0 continuous, 253 integer (168 binary)
Coefficient statistics:
  Matrix range     [1e+00, 2e+00]
  Objective range  [1e+00, 1e+00]
  Bounds range     [1e+00, 1e+01]
  RHS range        [1e+00, 1e+00]

Presolve time: 0.00s
Presolved: 85 rows, 253 columns, 613 nonzeros
Variable types: 0 continuous, 253 integer (168 binary)
Root relaxation presolve removed 85 rows and 253 columns
Root relaxation presolve: All rows and columns removed

Root relaxation: objective 1.000000e+00, 0 iterations, 0.00 seconds (0.00 work units)

    Nodes    |    Current Node    |     Objective Bounds      |     Work
 Expl Unexpl |  Obj  Depth IntInf | Incumbent    BestBd   Gap | It/Node Time

     0     0    1.00000    0    3          -    1.00000      -     -    0s
     0     0    5.00000    0   76          -    5.00000      -     -    0s
     0     0    5.00000    0   61          -    5.00000      -     -    0s
     0     0    5.00000    0   68          -    5.00000      -     -    0s
     0     0    5.00000    0   67          -    5.00000      -     -    0s
     0     0    6.00000    0   85          -    6.00000      -     -    0s
     0     0    6.00000    0   67          -    6.00000      -     -    0s
     0     0    6.00000    0   67          -    6.00000      -     -    0s
     0     0    6.00000    0   58          -    6.00000      -     -    0s
     0     2    6.00000    0   57          -    6.00000      -     -    0s
 39753 18078   10.50000   25   14          -    8.68718      -  18.6    5s
 84506 28373   11.25100   24  101          -    9.82353      -  21.3   10s
 119052 32688   11.18056   27   96          -   10.42857      -  23.5   15s
 149211 34170   11.80580   25   98          -   10.94737      -  25.4   20s
 175177 31510     cutoff   31               -   11.31169      -  27.4   25s
 196671 26834   12.50000   30   45          -   11.70000      -  29.1   30s
 215513 17224     cutoff   41               -   12.03571      -  30.5   35s

Cutting planes:
  Gomory: 14
  Lift-and-project: 3
  Implied bound: 110
  MIR: 340
  Inf proof: 88
  Zero half: 370
  Relax-and-lift: 10

Explored 236952 nodes (7351568 simplex iterations) in 39.91 seconds (93.07 work units)
Thread count was 8 (of 64 available processors)

Solution count 0

Model objective exceeds cutoff
Best objective -, best bound 1.350000000145e+01, gap -

Gurobi 13.0.3 (linux64) logging started Wed Sep  9 21:53:18 2026

Set parameter LogFile to value "a168_10_14_gurobi.log"
Set parameter Threads to value 8
Set parameter NodefileStart to value 35
Set parameter NodefileDir to value "."
Set parameter Cutoff to value 13.5
Set parameter MIPFocus to value 3
Set parameter Symmetry to value 2
Gurobi Optimizer version 13.0.3 build v13.0.3rc0 (linux64 - "Ubuntu 24.04.4 LTS")

CPU model: AMD Ryzen Threadripper PRO 9975WX 32-Cores, instruction set [SSE2|AVX|AVX2|AVX512]
Thread count: 32 physical cores, 64 logical processors, using up to 8 threads

Non-default parameters:
Cutoff  13.5
MIPFocus  3
NodefileStart  35
Symmetry  2
Threads  8

Optimize a model with 85 rows, 253 columns and 609 nonzeros (Min)
Model fingerprint: 0x48948e31
Model has 168 linear objective coefficients
Variable types: 0 continuous, 253 integer (168 binary)
Coefficient statistics:
  Matrix range     [1e+00, 2e+00]
  Objective range  [1e+00, 1e+00]
  Bounds range     [1e+00, 1e+01]
  RHS range        [1e+00, 1e+00]

Presolve time: 0.00s
Presolved: 85 rows, 253 columns, 609 nonzeros
Variable types: 0 continuous, 253 integer (168 binary)
Root relaxation presolve removed 85 rows and 253 columns
Root relaxation presolve: All rows and columns removed

Root relaxation: objective 1.000000e+00, 0 iterations, 0.00 seconds (0.00 work units)

    Nodes    |    Current Node    |     Objective Bounds      |     Work
 Expl Unexpl |  Obj  Depth IntInf | Incumbent    BestBd   Gap | It/Node Time

     0     0    1.00000    0    3          -    1.00000      -     -    0s
     0     0    1.00000    0    3          -    1.00000      -     -    0s
     0     0    2.00000    0    3          -    2.00000      -     -    0s
     0     0    3.00000    0    3          -    3.00000      -     -    0s
     0     0    3.00000    0    3          -    3.00000      -     -    0s
     0     2    3.00000    0    3          -    3.00000      -     -    0s
 38831 14560     cutoff   30               -    9.00000      -  26.2    5s
 65028 17156   11.75576   28  115          -   10.19355      -  32.6   10s
 86955 16881     cutoff   37               -   11.00000      -  36.0   15s
 104702 15652     cutoff   36               -   11.58333      -  38.1   20s
 118627 11275     cutoff   44               -   12.00000      -  39.4   25s

Cutting planes:
  Gomory: 38
  Implied bound: 478
  MIR: 359
  Mixing: 1
  Inf proof: 15
  Zero half: 444
  Relax-and-lift: 2

Explored 135492 nodes (5385142 simplex iterations) in 29.84 seconds (82.94 work units)
Thread count was 8 (of 64 available processors)

Solution count 0

Model objective exceeds cutoff
Best objective -, best bound 1.350000000145e+01, gap -

Gurobi 13.0.3 (linux64) logging started Wed Sep  9 21:53:48 2026

Set parameter LogFile to value "a168_10_14_gurobi.log"
Set parameter Threads to value 8
Set parameter NodefileStart to value 35
Set parameter NodefileDir to value "."
Set parameter Cutoff to value 13.5
Set parameter MIPFocus to value 3
Set parameter Symmetry to value 2
Gurobi Optimizer version 13.0.3 build v13.0.3rc0 (linux64 - "Ubuntu 24.04.4 LTS")

CPU model: AMD Ryzen Threadripper PRO 9975WX 32-Cores, instruction set [SSE2|AVX|AVX2|AVX512]
Thread count: 32 physical cores, 64 logical processors, using up to 8 threads

Non-default parameters:
Cutoff  13.5
MIPFocus  3
NodefileStart  35
Symmetry  2
Threads  8

Optimize a model with 85 rows, 253 columns and 609 nonzeros (Min)
Model fingerprint: 0xa5789741
Model has 168 linear objective coefficients
Variable types: 0 continuous, 253 integer (168 binary)
Coefficient statistics:
  Matrix range     [1e+00, 2e+00]
  Objective range  [1e+00, 1e+00]
  Bounds range     [1e+00, 1e+01]
  RHS range        [1e+00, 1e+00]

Presolve time: 0.00s
Presolved: 85 rows, 253 columns, 609 nonzeros
Variable types: 0 continuous, 253 integer (168 binary)
Root relaxation presolve removed 85 rows and 253 columns
Root relaxation presolve: All rows and columns removed

Root relaxation: objective 1.000000e+00, 0 iterations, 0.00 seconds (0.00 work units)

    Nodes    |    Current Node    |     Objective Bounds      |     Work
 Expl Unexpl |  Obj  Depth IntInf | Incumbent    BestBd   Gap | It/Node Time

     0     0    1.00000    0    3          -    1.00000      -     -    0s
     0     0    1.00000    0    3          -    1.00000      -     -    0s
     0     0    2.00000    0    3          -    2.00000      -     -    0s
     0     0    3.00000    0    3          -    3.00000      -     -    0s
     0     0    3.00000    0    3          -    3.00000      -     -    0s
     0     2    3.00000    0    3          -    3.00000      -     -    0s
 49184 18253   12.02041   26   79          -    9.00000      -  22.5    5s
 73249 20029   11.17857   33   98          -   10.00000      -  28.9   10s
 95964 21469   13.02233   30   94          -   10.93333      -  32.7   15s
 116659 19023   12.75000   35   50          -   11.47778      -  35.0   20s
 134450 15784 infeasible   33               -   11.99014      -  36.9   25s
 145734 10440   12.44231   34   93          -   12.27035      -  37.6   30s

Cutting planes:
  Gomory: 34
  Implied bound: 456
  MIR: 189
  Inf proof: 44
  Zero half: 431
  Relax-and-lift: 6

Explored 158670 nodes (5956787 simplex iterations) in 34.27 seconds (92.53 work units)
Thread count was 8 (of 64 available processors)

Solution count 0

Model objective exceeds cutoff
Best objective -, best bound 1.350000000145e+01, gap -

Gurobi 13.0.3 (linux64) logging started Wed Sep  9 21:54:22 2026

Set parameter LogFile to value "a168_10_14_gurobi.log"
Set parameter Threads to value 8
Set parameter NodefileStart to value 35
Set parameter NodefileDir to value "."
Set parameter Cutoff to value 13.5
Set parameter MIPFocus to value 3
Set parameter Symmetry to value 2
Gurobi Optimizer version 13.0.3 build v13.0.3rc0 (linux64 - "Ubuntu 24.04.4 LTS")

CPU model: AMD Ryzen Threadripper PRO 9975WX 32-Cores, instruction set [SSE2|AVX|AVX2|AVX512]
Thread count: 32 physical cores, 64 logical processors, using up to 8 threads

Non-default parameters:
Cutoff  13.5
MIPFocus  3
NodefileStart  35
Symmetry  2
Threads  8

Optimize a model with 85 rows, 253 columns and 629 nonzeros (Min)
Model fingerprint: 0x50e2833d
Model has 168 linear objective coefficients
Variable types: 0 continuous, 253 integer (168 binary)
Coefficient statistics:
  Matrix range     [1e+00, 2e+00]
  Objective range  [1e+00, 1e+00]
  Bounds range     [1e+00, 2e+01]
  RHS range        [1e+00, 1e+00]

Presolve time: 0.00s
Presolved: 85 rows, 253 columns, 629 nonzeros
Variable types: 0 continuous, 253 integer (168 binary)
Root relaxation presolve removed 85 rows and 253 columns
Root relaxation presolve: All rows and columns removed

Root relaxation: objective 1.000000e+00, 0 iterations, 0.00 seconds (0.00 work units)

    Nodes    |    Current Node    |     Objective Bounds      |     Work
 Expl Unexpl |  Obj  Depth IntInf | Incumbent    BestBd   Gap | It/Node Time

     0     0    1.00000    0    3          -    1.00000      -     -    0s
     0     0    1.00000    0    3          -    1.00000      -     -    0s
     0     0    1.00000    0    3          -    1.00000      -     -    0s
     0     0    2.00000    0    3          -    2.00000      -     -    0s
     0     0    2.50000    0    3          -    2.50000      -     -    0s
     0     2    2.50000    0    3          -    2.50000      -     -    0s
 45294 17631   10.21425   19  104          -    8.48276      -  24.3    5s
 71618 20505 infeasible   31               -   10.00000      -  30.4   10s
 91438 21886 infeasible   30               -   10.64045      -  33.1   15s
 114147 21506   12.45316   27   97          -   11.18182      -  35.3   20s
 136197 19505     cutoff   26               -   11.68065      -  37.1   25s
 156094 13664     cutoff   32               -   12.08333      -  38.1   30s
 176001   723     cutoff   33               -   13.00000      -  38.4   35s

Cutting planes:
  Gomory: 31
  Cover: 1
  Implied bound: 468
  MIR: 173
  Inf proof: 26
  Zero half: 403
  Relax-and-lift: 2

Explored 177129 nodes (6785966 simplex iterations) in 35.12 seconds (98.15 work units)
Thread count was 8 (of 64 available processors)

Solution count 0

Model objective exceeds cutoff
Best objective -, best bound 1.350000000145e+01, gap -

Gurobi 13.0.3 (linux64) logging started Wed Sep  9 21:54:58 2026

Set parameter LogFile to value "a168_10_14_gurobi.log"
Set parameter Threads to value 8
Set parameter NodefileStart to value 35
Set parameter NodefileDir to value "."
Set parameter Cutoff to value 13.5
Set parameter MIPFocus to value 3
Set parameter Symmetry to value 2
Gurobi Optimizer version 13.0.3 build v13.0.3rc0 (linux64 - "Ubuntu 24.04.4 LTS")

CPU model: AMD Ryzen Threadripper PRO 9975WX 32-Cores, instruction set [SSE2|AVX|AVX2|AVX512]
Thread count: 32 physical cores, 64 logical processors, using up to 8 threads

Non-default parameters:
Cutoff  13.5
MIPFocus  3
NodefileStart  35
Symmetry  2
Threads  8

Optimize a model with 85 rows, 253 columns and 631 nonzeros (Min)
Model fingerprint: 0xc8c4f742
Model has 168 linear objective coefficients
Variable types: 0 continuous, 253 integer (168 binary)
Coefficient statistics:
  Matrix range     [1e+00, 2e+00]
  Objective range  [1e+00, 1e+00]
  Bounds range     [1e+00, 2e+01]
  RHS range        [1e+00, 1e+00]

Presolve time: 0.00s
Presolved: 85 rows, 253 columns, 631 nonzeros
Variable types: 0 continuous, 253 integer (168 binary)
Root relaxation presolve removed 85 rows and 253 columns
Root relaxation presolve: All rows and columns removed

Root relaxation: objective 1.000000e+00, 0 iterations, 0.00 seconds (0.00 work units)

    Nodes    |    Current Node    |     Objective Bounds      |     Work
 Expl Unexpl |  Obj  Depth IntInf | Incumbent    BestBd   Gap | It/Node Time

     0     0    1.00000    0    3          -    1.00000      -     -    0s
     0     0    1.00000    0    3          -    1.00000      -     -    0s
     0     0    1.00000    0    3          -    1.00000      -     -    0s
     0     0    2.00000    0    8          -    2.00000      -     -    0s
     0     0    2.50000    0    8          -    2.50000      -     -    0s
     0     2    2.50000    0    8          -    2.50000      -     -    0s
 44208 16583    9.90909   24   77          -    8.54707      -  24.3    5s
 69067 20346   11.58333   36   69          -    9.90755      -  29.3   10s
 98624 22653   12.24295   32   92          -   10.76190      -  32.4   15s
 123971 21831 infeasible   28               -   11.28125      -  34.3   20s
 148711 18930   12.37722   31   92          -   11.80000      -  35.8   25s
 170309 11532   12.66667   37   84          -   12.29613      -  36.8   30s

Cutting planes:
  Gomory: 24
  Implied bound: 450
  MIR: 126
  Inf proof: 45
  Zero half: 410
  Relax-and-lift: 6

Explored 184215 nodes (6762412 simplex iterations) in 33.92 seconds (98.70 work units)
Thread count was 8 (of 64 available processors)

Solution count 0

Model objective exceeds cutoff
Best objective -, best bound 1.350000000145e+01, gap -

Gurobi 13.0.3 (linux64) logging started Wed Sep  9 21:55:32 2026

Set parameter LogFile to value "a168_10_14_gurobi.log"
Set parameter Threads to value 8
Set parameter NodefileStart to value 35
Set parameter NodefileDir to value "."
Set parameter Cutoff to value 13.5
Set parameter MIPFocus to value 3
Set parameter Symmetry to value 2
Gurobi Optimizer version 13.0.3 build v13.0.3rc0 (linux64 - "Ubuntu 24.04.4 LTS")

CPU model: AMD Ryzen Threadripper PRO 9975WX 32-Cores, instruction set [SSE2|AVX|AVX2|AVX512]
Thread count: 32 physical cores, 64 logical processors, using up to 8 threads

Non-default parameters:
Cutoff  13.5
MIPFocus  3
NodefileStart  35
Symmetry  2
Threads  8

Optimize a model with 85 rows, 253 columns and 627 nonzeros (Min)
Model fingerprint: 0x36d718e7
Model has 168 linear objective coefficients
Variable types: 0 continuous, 253 integer (168 binary)
Coefficient statistics:
  Matrix range     [1e+00, 2e+00]
  Objective range  [1e+00, 1e+00]
  Bounds range     [1e+00, 2e+01]
  RHS range        [1e+00, 1e+00]

Presolve time: 0.00s
Presolved: 85 rows, 253 columns, 627 nonzeros
Variable types: 0 continuous, 253 integer (168 binary)
Root relaxation presolve removed 85 rows and 253 columns
Root relaxation presolve: All rows and columns removed

Root relaxation: objective 1.000000e+00, 0 iterations, 0.00 seconds (0.00 work units)

    Nodes    |    Current Node    |     Objective Bounds      |     Work
 Expl Unexpl |  Obj  Depth IntInf | Incumbent    BestBd   Gap | It/Node Time

     0     0    1.00000    0    3          -    1.00000      -     -    0s
     0     0    1.00000    0    3          -    1.00000      -     -    0s
     0     0    1.00000    0    3          -    1.00000      -     -    0s
     0     0    2.00000    0    3          -    2.00000      -     -    0s
     0     0    2.00000    0    3          -    2.00000      -     -    0s
     0     2    2.00000    0    3          -    2.00000      -     -    0s
 52551 20076   10.90611   31  120          -    8.55714      -  21.9    5s
 81943 22526   13.06452   22   87          -   10.00000      -  28.1   10s
 109066 23841   12.00000   25   86          -   10.91312      -  31.9   15s
 130785 20882   13.17714   30   95          -   11.45455      -  34.3   20s
 144321 17651   12.64516   22   89          -   11.84091      -  35.8   25s
 162591  8214   13.00000   26    9          -   12.48413      -  36.9   30s

Cutting planes:
  Gomory: 32
  Cover: 1
  Implied bound: 485
  MIR: 273
  Inf proof: 36
  Zero half: 409
  Relax-and-lift: 3

Explored 172761 nodes (6285630 simplex iterations) in 32.43 seconds (87.37 work units)
Thread count was 8 (of 64 available processors)

Solution count 0

Model objective exceeds cutoff
Best objective -, best bound 1.350000000145e+01, gap -

Gurobi 13.0.3 (linux64) logging started Wed Sep  9 21:56:04 2026

Set parameter LogFile to value "a168_10_14_gurobi.log"
Set parameter Threads to value 8
Set parameter NodefileStart to value 35
Set parameter NodefileDir to value "."
Set parameter Cutoff to value 13.5
Set parameter MIPFocus to value 3
Set parameter Symmetry to value 2
Gurobi Optimizer version 13.0.3 build v13.0.3rc0 (linux64 - "Ubuntu 24.04.4 LTS")

CPU model: AMD Ryzen Threadripper PRO 9975WX 32-Cores, instruction set [SSE2|AVX|AVX2|AVX512]
Thread count: 32 physical cores, 64 logical processors, using up to 8 threads

Non-default parameters:
Cutoff  13.5
MIPFocus  3
NodefileStart  35
Symmetry  2
Threads  8

Optimize a model with 85 rows, 253 columns and 633 nonzeros (Min)
Model fingerprint: 0x8d6f2d17
Model has 168 linear objective coefficients
Variable types: 0 continuous, 253 integer (168 binary)
Coefficient statistics:
  Matrix range     [1e+00, 2e+00]
  Objective range  [1e+00, 1e+00]
  Bounds range     [1e+00, 2e+01]
  RHS range        [1e+00, 1e+00]

Presolve time: 0.00s
Presolved: 85 rows, 253 columns, 633 nonzeros
Variable types: 0 continuous, 253 integer (168 binary)
Root relaxation presolve removed 85 rows and 253 columns
Root relaxation presolve: All rows and columns removed

Root relaxation: objective 1.000000e+00, 0 iterations, 0.00 seconds (0.00 work units)

    Nodes    |    Current Node    |     Objective Bounds      |     Work
 Expl Unexpl |  Obj  Depth IntInf | Incumbent    BestBd   Gap | It/Node Time

     0     0    1.00000    0    3          -    1.00000      -     -    0s
     0     0    1.00000    0    3          -    1.00000      -     -    0s
     0     0    1.00000    0    3          -    1.00000      -     -    0s
     0     0    2.00000    0    8          -    2.00000      -     -    0s
     0     0    2.00000    0    8          -    2.00000      -     -    0s
     0     2    2.00000    0    8          -    2.00000      -     -    0s
 48935 19179   10.60000   38   29          -    8.30605      -  24.5    5s
 73411 22393     cutoff   32               -    9.60000      -  29.9   10s
 98880 23678   12.83019   28   85          -   10.50000      -  33.3   15s
 122248 23075   11.62677   30  107          -   11.08744      -  35.3   20s
 141562 21280   12.07330   32   71          -   11.56250      -  36.8   25s
 156647 17820   12.25000   31   90          -   11.97619      -  37.9   30s
 175928  8825     cutoff   30               -   12.49351      -  38.5   35s

Cutting planes:
  Gomory: 23
  Cover: 1
  Implied bound: 485
  MIR: 249
  Inf proof: 41
  Zero half: 408
  Relax-and-lift: 4

Explored 186628 nodes (7102803 simplex iterations) in 37.24 seconds (105.33 work units)
Thread count was 8 (of 64 available processors)

Solution count 0

Model objective exceeds cutoff
Best objective -, best bound 1.350000000145e+01, gap -

Gurobi 13.0.3 (linux64) logging started Wed Sep  9 21:56:41 2026

Set parameter LogFile to value "a168_10_14_gurobi.log"
Set parameter Threads to value 8
Set parameter NodefileStart to value 35
Set parameter NodefileDir to value "."
Set parameter Cutoff to value 13.5
Set parameter MIPFocus to value 3
Set parameter Symmetry to value 2
Gurobi Optimizer version 13.0.3 build v13.0.3rc0 (linux64 - "Ubuntu 24.04.4 LTS")

CPU model: AMD Ryzen Threadripper PRO 9975WX 32-Cores, instruction set [SSE2|AVX|AVX2|AVX512]
Thread count: 32 physical cores, 64 logical processors, using up to 8 threads

Non-default parameters:
Cutoff  13.5
MIPFocus  3
NodefileStart  35
Symmetry  2
Threads  8

Optimize a model with 85 rows, 253 columns and 629 nonzeros (Min)
Model fingerprint: 0x9715f422
Model has 168 linear objective coefficients
Variable types: 0 continuous, 253 integer (168 binary)
Coefficient statistics:
  Matrix range     [1e+00, 2e+00]
  Objective range  [1e+00, 1e+00]
  Bounds range     [1e+00, 2e+01]
  RHS range        [1e+00, 1e+00]

Presolve time: 0.00s
Presolved: 85 rows, 253 columns, 629 nonzeros
Variable types: 0 continuous, 253 integer (168 binary)
Root relaxation presolve removed 85 rows and 253 columns
Root relaxation presolve: All rows and columns removed

Root relaxation: objective 1.000000e+00, 0 iterations, 0.00 seconds (0.00 work units)

    Nodes    |    Current Node    |     Objective Bounds      |     Work
 Expl Unexpl |  Obj  Depth IntInf | Incumbent    BestBd   Gap | It/Node Time

     0     0    1.00000    0    3          -    1.00000      -     -    0s
     0     0    1.00000    0    3          -    1.00000      -     -    0s
     0     0    1.00000    0    3          -    1.00000      -     -    0s
     0     0    2.00000    0    3          -    2.00000      -     -    0s
     0     0    2.00000    0    3          -    2.00000      -     -    0s
     0     2    2.00000    0    3          -    2.00000      -     -    0s
 41344 15647   11.80563   40   95          -    8.40000      -  26.0    5s
 66645 19646   10.02941   20   59          -    9.68750      -  31.1   10s
 95156 22657   10.66667   28   53          -   10.56818      -  33.8   15s
 120774 22989     cutoff   24               -   11.04527      -  35.4   20s
 142814 22493   12.90000   25   48          -   11.48020      -  36.5   25s
 164774 18399     cutoff   31               -   11.93023      -  37.6   30s
 188794  7659     cutoff   24               -   12.51923      -  38.4   35s

Cutting planes:
  Gomory: 30
  Implied bound: 443
  MIR: 142
  Inf proof: 23
  Zero half: 418
  Relax-and-lift: 10

Explored 197001 nodes (7484970 simplex iterations) in 36.30 seconds (105.73 work units)
Thread count was 8 (of 64 available processors)

Solution count 0

Model objective exceeds cutoff
Best objective -, best bound 1.350000000145e+01, gap -
