[2026-09-27 04:40:54] === D3_3 [[240,16]] w=7 d_ub=13 Xlog=16 Zlog=16 threads=8 nodefile=10GB memlimit=40GB
[2026-09-27 04:41:06] dZ sector 1/16: >= 13  (12s)
[2026-09-27 04:41:29] dZ sector 2/16: >= 13  (22s)
[2026-09-27 04:41:48] dZ sector 3/16: >= 13  (19s)
[2026-09-27 04:41:59] dZ sector 4/16: >= 13  (11s)
[2026-09-27 04:42:17] dZ sector 5/16: >= 13  (18s)
[2026-09-27 04:42:34] dZ sector 6/16: >= 13  (17s)
[2026-09-27 04:42:51] dZ sector 7/16: >= 13  (17s)
[2026-09-27 04:43:13] dZ sector 8/16: >= 13  (22s)
[2026-09-27 04:43:37] dZ sector 9/16: >= 13  (24s)
[2026-09-27 04:43:57] dZ sector 10/16: >= 13  (20s)
[2026-09-27 04:44:19] dZ sector 11/16: >= 13  (22s)
[2026-09-27 04:44:37] dZ sector 12/16: >= 13  (18s)
[2026-09-27 04:45:03] dZ sector 13/16: >= 13  (26s)
[2026-09-27 04:45:29] dZ sector 14/16: >= 13  (26s)
[2026-09-27 04:45:52] dZ sector 15/16: >= 13  (23s)
[2026-09-27 04:46:19] dZ sector 16/16: >= 13  (27s)
[2026-09-27 04:46:40] dX sector 1/16: >= 13  (21s)
[2026-09-27 04:47:04] dX sector 2/16: >= 13  (24s)
[2026-09-27 04:47:25] dX sector 3/16: >= 13  (22s)
[2026-09-27 04:47:51] dX sector 4/16: >= 13  (25s)
[2026-09-27 04:48:12] dX sector 5/16: >= 13  (21s)
[2026-09-27 04:48:43] dX sector 6/16: >= 13  (31s)
[2026-09-27 04:49:20] dX sector 7/16: >= 13  (37s)
[2026-09-27 04:49:51] dX sector 8/16: >= 13  (31s)
[2026-09-27 04:50:21] dX sector 9/16: >= 13  (31s)
[2026-09-27 04:50:38] dX sector 10/16: >= 13  (17s)
[2026-09-27 04:51:02] dX sector 11/16: >= 13  (24s)
[2026-09-27 04:51:29] dX sector 12/16: >= 13  (27s)
[2026-09-27 04:51:59] dX sector 13/16: >= 13  (29s)
[2026-09-27 04:52:25] dX sector 14/16: >= 13  (27s)
[2026-09-27 04:52:31] dX sector 15/16: >= 13  (6s)
[2026-09-27 04:52:56] dX sector 16/16: >= 13  (25s)
[2026-09-27 04:52:56] PROVEN d = 13
[2026-09-27 04:52:56] witness dZ sector 1 weight 13 support [60, 82, 92, 96, 98, 99, 103, 106, 113, 117, 141, 147, 201]
[2026-09-27 04:52:56] === FINAL [[240,16,13]] w=7 Q=11.267
