[2026-09-27 04:25:44] === D3_56 [[168,20]] w=7 d_ub=10 Xlog=20 Zlog=20 threads=8 nodefile=10GB memlimit=40GB
[2026-09-27 04:25:44] dZ sector 1/20: >= 10  (1s)
[2026-09-27 04:25:46] dZ sector 2/20: >= 10  (1s)
[2026-09-27 04:25:47] dZ sector 3/20: >= 10  (2s)
[2026-09-27 04:25:49] dZ sector 4/20: >= 10  (1s)
[2026-09-27 04:25:51] dZ sector 5/20: >= 10  (2s)
[2026-09-27 04:25:52] dZ sector 6/20: >= 10  (1s)
[2026-09-27 04:25:54] dZ sector 7/20: >= 10  (2s)
[2026-09-27 04:25:57] dZ sector 8/20: >= 10  (3s)
[2026-09-27 04:25:58] dZ sector 9/20: >= 10  (1s)
[2026-09-27 04:26:00] dZ sector 10/20: >= 10  (2s)
[2026-09-27 04:26:06] dZ sector 11/20: >= 10  (6s)
[2026-09-27 04:26:08] dZ sector 12/20: >= 10  (2s)
[2026-09-27 04:26:13] dZ sector 13/20: >= 10  (5s)
[2026-09-27 04:26:18] dZ sector 14/20: >= 10  (5s)
[2026-09-27 04:26:20] dZ sector 15/20: >= 10  (2s)
[2026-09-27 04:26:25] dZ sector 16/20: >= 10  (5s)
[2026-09-27 04:26:30] dZ sector 17/20: >= 10  (5s)
[2026-09-27 04:26:32] dZ sector 18/20: >= 10  (2s)
[2026-09-27 04:26:34] dZ sector 19/20: >= 10  (3s)
[2026-09-27 04:26:37] dZ sector 20/20: >= 10  (2s)
[2026-09-27 04:26:38] dX sector 1/20: >= 10  (1s)
[2026-09-27 04:26:39] dX sector 2/20: >= 10  (1s)
[2026-09-27 04:26:40] dX sector 3/20: >= 10  (1s)
[2026-09-27 04:26:40] dX sector 4/20: >= 10  (1s)
[2026-09-27 04:26:41] dX sector 5/20: >= 10  (1s)
[2026-09-27 04:26:42] dX sector 6/20: >= 10  (1s)
[2026-09-27 04:26:43] dX sector 7/20: >= 10  (1s)
[2026-09-27 04:26:44] dX sector 8/20: >= 10  (1s)
[2026-09-27 04:26:46] dX sector 9/20: >= 10  (2s)
[2026-09-27 04:26:52] dX sector 10/20: >= 10  (6s)
[2026-09-27 04:26:54] dX sector 11/20: >= 10  (2s)
[2026-09-27 04:26:56] dX sector 12/20: >= 10  (2s)
[2026-09-27 04:26:57] dX sector 13/20: >= 10  (1s)
[2026-09-27 04:26:59] dX sector 14/20: >= 10  (2s)
[2026-09-27 04:27:01] dX sector 15/20: >= 10  (3s)
[2026-09-27 04:27:05] dX sector 16/20: >= 10  (3s)
[2026-09-27 04:27:07] dX sector 17/20: >= 10  (3s)
[2026-09-27 04:27:10] dX sector 18/20: >= 10  (2s)
[2026-09-27 04:27:12] dX sector 19/20: >= 10  (3s)
[2026-09-27 04:27:14] dX sector 20/20: >= 10  (2s)
[2026-09-27 04:27:14] PROVEN d = 10
[2026-09-27 04:27:14] witness dZ sector 1 weight 10 support [1, 4, 5, 10, 23, 27, 29, 34, 35, 41]
[2026-09-27 04:27:14] === FINAL [[168,20,10]] w=7 Q=11.905
