[2026-09-27 04:24:06] === D2_23 [[180,12]] w=5 d_ub=8 Xlog=12 Zlog=12 threads=8 nodefile=10GB memlimit=40GB
[2026-09-27 04:24:07] dZ sector 1/12: >= 8  (0s)
[2026-09-27 04:24:07] dZ sector 2/12: >= 8  (0s)
[2026-09-27 04:24:07] dZ sector 3/12: >= 8  (0s)
[2026-09-27 04:24:07] dZ sector 4/12: >= 8  (0s)
[2026-09-27 04:24:07] dZ sector 5/12: >= 8  (0s)
[2026-09-27 04:24:07] dZ sector 6/12: >= 8  (0s)
[2026-09-27 04:24:07] dZ sector 7/12: >= 8  (0s)
[2026-09-27 04:24:07] dZ sector 8/12: >= 8  (0s)
[2026-09-27 04:24:07] dZ sector 9/12: >= 8  (0s)
[2026-09-27 04:24:08] dZ sector 10/12: >= 8  (0s)
[2026-09-27 04:24:08] dZ sector 11/12: >= 8  (0s)
[2026-09-27 04:24:08] dZ sector 12/12: >= 8  (0s)
[2026-09-27 04:24:08] dX sector 1/12: >= 8  (0s)
[2026-09-27 04:24:08] dX sector 2/12: >= 8  (0s)
[2026-09-27 04:24:08] dX sector 3/12: >= 8  (0s)
[2026-09-27 04:24:08] dX sector 4/12: >= 8  (0s)
[2026-09-27 04:24:08] dX sector 5/12: >= 8  (0s)
[2026-09-27 04:24:09] dX sector 6/12: >= 8  (0s)
[2026-09-27 04:24:09] dX sector 7/12: >= 8  (0s)
[2026-09-27 04:24:09] dX sector 8/12: >= 8  (0s)
[2026-09-27 04:24:09] dX sector 9/12: >= 8  (0s)
[2026-09-27 04:24:09] dX sector 10/12: >= 8  (0s)
[2026-09-27 04:24:09] dX sector 11/12: >= 8  (0s)
[2026-09-27 04:24:09] dX sector 12/12: >= 8  (0s)
[2026-09-27 04:24:09] PROVEN d = 8
[2026-09-27 04:24:09] witness dZ sector 1 weight 8 support [0, 89, 92, 98, 114, 123, 124, 130]
[2026-09-27 04:24:09] === FINAL [[180,12,8]] w=5 Q=4.267
