[2026-09-27 04:28:38] === D3_39 [[168,14]] w=7 d_ub=12 Xlog=14 Zlog=14 threads=8 nodefile=10GB memlimit=40GB
[2026-09-27 04:28:43] dZ sector 1/14: >= 12  (5s)
[2026-09-27 04:28:49] dZ sector 2/14: >= 12  (5s)
[2026-09-27 04:29:00] dZ sector 3/14: >= 12  (11s)
[2026-09-27 04:29:04] dZ sector 4/14: >= 12  (4s)
[2026-09-27 04:29:08] dZ sector 5/14: >= 12  (4s)
[2026-09-27 04:29:13] dZ sector 6/14: >= 12  (5s)
[2026-09-27 04:29:21] dZ sector 7/14: >= 12  (9s)
[2026-09-27 04:29:30] dZ sector 8/14: >= 12  (9s)
[2026-09-27 04:29:45] dZ sector 9/14: >= 12  (15s)
[2026-09-27 04:29:54] dZ sector 10/14: >= 12  (9s)
[2026-09-27 04:30:11] dZ sector 11/14: >= 12  (18s)
[2026-09-27 04:30:21] dZ sector 12/14: >= 12  (9s)
[2026-09-27 04:30:30] dZ sector 13/14: >= 12  (10s)
[2026-09-27 04:30:39] dZ sector 14/14: >= 12  (9s)
[2026-09-27 04:30:45] dX sector 1/14: >= 12  (6s)
[2026-09-27 04:30:53] dX sector 2/14: >= 12  (9s)
[2026-09-27 04:30:59] dX sector 3/14: >= 12  (5s)
[2026-09-27 04:31:06] dX sector 4/14: >= 12  (8s)
[2026-09-27 04:31:17] dX sector 5/14: >= 12  (11s)
[2026-09-27 04:31:23] dX sector 6/14: >= 12  (5s)
[2026-09-27 04:31:30] dX sector 7/14: >= 12  (7s)
[2026-09-27 04:31:37] dX sector 8/14: >= 12  (8s)
[2026-09-27 04:31:45] dX sector 9/14: >= 12  (8s)
[2026-09-27 04:31:56] dX sector 10/14: >= 12  (11s)
[2026-09-27 04:32:16] dX sector 11/14: >= 12  (20s)
[2026-09-27 04:32:25] dX sector 12/14: >= 12  (9s)
[2026-09-27 04:32:32] dX sector 13/14: >= 12  (8s)
[2026-09-27 04:32:51] dX sector 14/14: >= 12  (19s)
[2026-09-27 04:32:51] PROVEN d = 12
[2026-09-27 04:35:15] witness dZ sector 8 weight 12 support [96, 99, 108, 111, 114, 117, 138, 141, 150, 153, 156, 159]
[2026-09-27 04:35:15] === FINAL [[168,14,12]] w=7 Q=12.000
