[2026-10-02 01:56:33] === D2_10 [[216,8]] w=7 d_ub=18 Xlog=8 Zlog=8 threads=48 nodefile=200GB memlimit=1000GB
[2026-10-02 02:04:30] dZ sector 1/8: >= 18  (477s)
[2026-10-02 02:11:39] dZ sector 2/8: >= 18  (429s)
[2026-10-02 02:16:25] dZ sector 3/8: >= 18  (286s)
[2026-10-02 02:21:45] dZ sector 4/8: >= 18  (320s)
[2026-10-02 03:48:48] dZ sector 5/8: >= 18  (5223s)
[2026-10-02 05:10:18] dZ sector 6/8: >= 18  (4890s)
[2026-10-02 06:34:16] dZ sector 7/8: >= 18  (5038s)
[2026-10-02 09:09:31] dZ sector 8/8: >= 18  (9315s)
[2026-10-02 09:20:50] dX sector 1/8: >= 18  (679s)
[2026-10-02 09:34:55] dX sector 2/8: >= 18  (845s)
[2026-10-02 09:45:53] dX sector 3/8: >= 18  (658s)
[2026-10-02 09:54:57] dX sector 4/8: >= 18  (544s)
[2026-10-02 11:41:38] dX sector 5/8: >= 18  (6401s)
[2026-10-02 14:29:28] dX sector 6/8: >= 18  (10070s)
[2026-10-02 15:16:29] dX sector 7/8: >= 18  (2821s)
[2026-10-02 16:25:54] dX sector 8/8: >= 18  (4165s)
[2026-10-02 16:25:54] PROVEN d = 18
[2026-10-02 16:25:54] witness dZ sector 1 weight 18 support [1, 3, 5, 7, 9, 12, 14, 16, 19, 20, 23, 26, 28, 31, 35, 38, 42, 47]
[2026-10-02 16:25:54] === FINAL [[216,8,18]] w=7 Q=12.000
