
Gurobi 13.0.3 (linux64) logging started Wed Sep  9 18:45:15 2026

Set parameter LogFile to value "D3_4_dZ_2.log"
Set parameter Threads to value 64
Set parameter NodefileStart to value 60
Set parameter NodefileDir to value "."
Set parameter Cutoff to value 19.5
Set parameter MIPGap to value 0
Set parameter MIPFocus to value 3
Set parameter Symmetry to value 2
Gurobi Optimizer version 13.0.3 build v13.0.3rc0 (linux64 - "Ubuntu 24.04.4 LTS")

CPU model: AMD Ryzen Threadripper PRO 9975WX 32-Cores, instruction set [SSE2|AVX|AVX2|AVX512]
Thread count: 32 physical cores, 64 logical processors, using up to 64 threads

Non-default parameters:
Cutoff  19.5
MIPGap  0
MIPFocus  3
NodefileStart  60
Symmetry  2
Threads  64

Optimize a model with 121 rows, 361 columns and 871 nonzeros (Min)
Model fingerprint: 0xa493d395
Model has 240 linear objective coefficients
Variable types: 0 continuous, 361 integer (240 binary)
Coefficient statistics:
  Matrix range     [1e+00, 2e+00]
  Objective range  [1e+00, 1e+00]
  Bounds range     [1e+00, 2e+01]
  RHS range        [1e+00, 1e+00]

Presolve time: 0.00s
Presolved: 121 rows, 361 columns, 871 nonzeros
Variable types: 0 continuous, 361 integer (240 binary)
Root relaxation presolve removed 121 rows and 361 columns
Root relaxation presolve: All rows and columns removed

Root relaxation: objective 1.000000e+00, 0 iterations, 0.00 seconds (0.00 work units)

    Nodes    |    Current Node    |     Objective Bounds      |     Work
 Expl Unexpl |  Obj  Depth IntInf | Incumbent    BestBd   Gap | It/Node Time

     0     0    1.00000    0    3          -    1.00000      -     -    0s
     0     0    4.00000    0   12          -    4.00000      -     -    0s
     0     0    4.00000    0    8          -    4.00000      -     -    0s
     0     0    4.00000    0   29          -    4.00000      -     -    0s
     0     0    4.00000    0    6          -    4.00000      -     -    0s
     0     0    5.00000    0   12          -    5.00000      -     -    0s
     0     0    5.00000    0   10          -    5.00000      -     -    0s
     0     0    5.00000    0   10          -    5.00000      -     -    0s
     0     0    5.00000    0   10          -    5.00000      -     -    0s
     0     2    5.00000    0   10          -    5.00000      -     -    0s
 55735 41476   12.29204   36   66          -   11.06804      -  47.4    5s
 209258 143619   12.99569   26  111          -   11.83362      -  37.5   10s
 363015 235739   16.00000   33   55          -   12.20130      -  35.5   15s
 495187 311730   12.76805   30  157          -   12.44615      -  34.9   20s
 648500 398317   13.50000   24   24          -   12.65217      -  34.6   25s
 804371 481864   13.33333   32   43          -   12.82609      -  34.4   30s
 970873 569502   15.00000   27    7          -   13.00000      -  34.3   35s
 1123119 645737   13.24393   31  114          -   13.07692      -  34.3   40s
 1283420 729347   14.00000   41    6          -   13.21355      -  34.2   45s
 1444756 811206   17.66667   41   54          -   13.32807      -  34.1   50s
 1595435 884756   14.00000   33   12          -   13.40803      -  34.1   55s
 1747815 957334   14.00000   45    8          -   13.50000      -  34.1   60s
 1824385 1019261   14.00000   34   40          -   13.50000      -  34.1   72s
 1957936 1055897   13.62500   26  100          -   13.58095      -  34.1   75s
 2110043 1125967   15.18468   38  122          -   13.66393      -  34.1   80s
 2275362 1202242   15.25387   30   89          -   13.72222      -  34.1   85s
 2430724 1270537   14.52699   29  140          -   13.78571      -  34.1   90s
 2594544 1343319   15.66667   31   32          -   13.85106      -  34.1   95s
 2757869 1415132   15.23404   36   87          -   13.91667      -  34.1  100s
 2921429 1486272   14.91781   33  103          -   14.00000      -  34.2  105s
 3073834 1543557   15.00000   29    6          -   14.00000      -  34.2  110s
 3239020 1611007   14.00000   34   10          -   14.00000      -  34.3  115s
 3399548 1678425   15.39344   35   76          -   14.00629      -  34.2  120s
 3549906 1743623   14.16667   34   67          -   14.08511      -  34.2  125s
 3704308 1809828   15.66667   37   35          -   14.14286      -  34.2  130s
 3863581 1877070   15.00000   28   23          -   14.19544      -  34.2  135s
 4022807 1942785   15.00000   30   17          -   14.24113      -  34.2  140s
 4140966 1987108   14.82353   36   73          -   14.26316      -  34.2  145s
 4141992 1988130   14.64444   38  103          -   14.27153      -  34.2  150s
 4142509 1988636   14.66817   37  143          -   14.27302      -  34.2  155s
 4144710 1990767   14.55645   30   78          -   14.27692      -  34.2  161s
 4172123 2003697   14.88462   31  101          -   14.28068      -  34.2  165s
 4230971 2025487   15.00000   42   70          -   14.29972      -  34.2  170s
 4292778 2049419   14.50000   28   30          -   14.32000      -  34.2  175s
 4364998 2074653   15.37037   29   57          -   14.33333      -  34.2  180s
 4495046 2125266   16.23077   38   67          -   14.35000      -  34.2  185s
 4658863 2189957   15.70000   25   83          -   14.39827      -  34.2  190s
 4818367 2251945   15.80000   35   61          -   14.42857      -  34.2  195s
 4980375 2313763   14.83178   27   94          -   14.46746      -  34.2  200s
 5138145 2370073   16.25000   42   51          -   14.50000      -  34.2  205s
 5291344 2423643   16.00000   43   10          -   14.50000      -  34.2  210s
 5464207 2487881   15.16667   25   33          -   14.50000      -  34.2  215s
 5619792 2547020   15.51111   32   82          -   14.54923      -  34.2  220s
 5787887 2607875   15.69588   28   85          -   14.58462      -  34.2  225s
 5945147 2665407   16.00000   34   14          -   14.61321      -  34.2  230s
 6100280 2722780   15.66341   36  105          -   14.64744      -  34.2  235s
 6264435 2777713   15.78191   44   68          -   14.66667      -  34.2  240s
 6417998 2834813   15.00000   27    7          -   14.68233      -  34.2  245s
 6575088 2890602   15.66667   34   42          -   14.71429      -  34.2  250s
 6733568 2947202   18.00000   37   16          -   14.75000      -  34.3  255s
 6904049 3004638   15.25992   43  147          -   14.76000      -  34.3  260s
 7059279 3058291   15.99172   34  142          -   14.79167      -  34.3  265s
 7222275 3115047   15.30282   49  101          -   14.81250      -  34.3  270s
 7377949 3168175   16.07317   35   67          -   14.83333      -  34.3  275s
 7536345 3221353   15.23077   41   75          -   14.86364      -  34.3  280s
 7698754 3275370   15.28495   26  127          -   14.88889      -  34.3  285s
 7837587 3323296   15.66667   40   53          -   14.91667      -  34.3  290s
 7993090 3374752   16.12905   37  109          -   14.94710      -  34.3  295s
 8143687 3423303   16.50000   43   57          -   14.98276      -  34.4  300s
 8297415 3463040   17.31250   36  103          -   15.00000      -  34.4  305s
 8457960 3501781   17.00000   36   11          -   15.00000      -  34.5  310s
 8613537 3538815   17.00000   37   11          -   15.00000      -  34.5  315s
 8766668 3582289     cutoff   43               -   15.00000      -  34.5  320s
 8921680 3627659   16.00000   40   12          -   15.00000      -  34.5  325s
 9082830 3676304   17.66667   52   89          -   15.00000      -  34.5  330s
 9247448 3726745   16.00000   33    6          -   15.00000      -  34.5  335s
 9402418 3776703   15.22917   31   64          -   15.00000      -  34.5  340s
 9566042 3826940   15.00000   27    5          -   15.00000      -  34.5  345s
 9720388 3874879   15.00000   27    7          -   15.00000      -  34.5  350s
 9867539 3925549   15.54386   41   61          -   15.02174      -  34.5  355s
 10017727 3974297   16.30000   26   88          -   15.05970      -  34.5  360s
 10169226 4023497   16.12902   43  119          -   15.08989      -  34.5  365s
 10329327 4074441   15.61309   34  145          -   15.11364      -  34.4  370s
 10494390 4127477   16.22353   41   87          -   15.14149      -  34.4  375s
 10653632 4175991   16.55002   35  104          -   15.16456      -  34.4  380s
 10822178 4227507   15.66667   41   23          -   15.18182      -  34.4  385s
 10977732 4273309   16.38889   41   72          -   15.20000      -  34.4  390s
 11143895 4323214   15.73684   32   67          -   15.21875      -  34.4  395s
 11302903 4370276   15.49660   29  125          -   15.24242      -  34.4  400s
 11465685 4413990   16.00000   38   10          -   15.25000      -  34.4  405s
 11629883 4463030   15.57143   30   81          -   15.26364      -  34.4  410s
 11787106 4508478   15.60000   36   48          -   15.28571      -  34.4  415s
 11951128 4557033   17.00000   41   68          -   15.30357      -  34.4  420s
 12104719 4600646   17.25000   34   57          -   15.33057      -  34.4  425s
 12266963 4637500   16.00000   32    7          -   15.33333      -  34.4  430s
 12435505 4683037   15.92157   41   62          -   15.33333      -  34.4  435s
 12594180 4729813     cutoff   31               -   15.34375      -  34.4  440s
 12755420 4773728   17.50000   42   73          -   15.36585      -  34.4  445s
 12913233 4817670   16.25641   30  113          -   15.38372      -  34.4  450s
 13063551 4856725   16.00000   29   40          -   15.40000      -  34.4  455s
 13222943 4900943   16.08108   30   46          -   15.40909      -  34.4  460s
 13380474 4943383   16.66859   38   94          -   15.42857      -  34.4  465s
 13539102 4986947   15.91425   38  101          -   15.44444      -  34.4  470s
 13700988 5030560   17.00000   34   12          -   15.46154      -  34.4  475s
 13849843 5071499   16.50000   31   66          -   15.48333      -  34.4  480s
 14003477 5103923   17.75000   38   44          -   15.50000      -  34.4  485s
 14158893 5137434   18.50000   43   27          -   15.50000      -  34.4  490s
 14317192 5173777   16.50000   41   27          -   15.50000      -  34.4  495s
 14493176 5215175   15.50000   30   20          -   15.50000      -  34.4  500s
 14661674 5256703   16.27200   27   77          -   15.50000      -  34.4  505s
 14818861 5297321   16.00000   31   32          -   15.50000      -  34.4  510s
 14985955 5339675   16.00000   48   10          -   15.50000      -  34.4  515s
 15148344 5383165   16.34195   35  118          -   15.51101      -  34.4  520s
 15297094 5423144   15.78689   46   65          -   15.53333      -  34.4  525s
 15454790 5463452   16.71875   35   55          -   15.55172      -  34.4  530s
 15610663 5504430   16.36554   36   97          -   15.56974      -  34.4  535s
 15767914 5544110   16.60104   29   94          -   15.58209      -  34.4  540s
 15917531 5581728   16.18182   35   69          -   15.60000      -  34.4  545s
 16083104 5622854   16.85714   30   49          -   15.60000      -  34.4  550s
 16233188 5659767   17.50000   36   39          -   15.62014      -  34.4  555s
 16377281 5695530   16.00000   37   24          -   15.63158      -  34.4  560s
 16528475 5733137     cutoff   35               -   15.64815      -  34.4  565s
 16686203 5768656   19.50000   39   28          -   15.66667      -  34.4  570s
 16841069 5800154   17.14286   39   56          -   15.66667      -  34.4  575s
 17009489 5838462   16.00000   29   12          -   15.66667      -  34.4  580s
 17163599 5875423   17.37908   40   91          -   15.66667      -  34.4  585s
 17327010 5915441   17.27044   41   77          -   15.67763      -  34.4  590s
 17480031 5952608   17.25000   32   30          -   15.69565      -  34.4  595s
 17634696 5989333   16.47279   32  104          -   15.71111      -  34.4  600s
 17792518 6025772   16.90909   39   82          -   15.72093      -  34.4  605s
 17942504 6060990   17.35106   48   86          -   15.73529      -  34.5  610s
 18093436 6093111   18.00000   41   10          -   15.75000      -  34.5  615s
 18260781 6128808   16.00000   28   46          -   15.75000      -  34.5  620s
 18407338 6163534   17.00000   31   40          -   15.75000      -  34.5  625s
 18555468 6197830   16.93686   38   87          -   15.76761      -  34.5  630s
 18713296 6233808   16.24219   47   89          -   15.78000      -  34.5  635s
 18856793 6266826   16.63636   43   47          -   15.79702      -  34.5  640s
 19012124 6297450   17.05447   24  104          -   15.80000      -  34.5  645s
 19161888 6331680   16.23666   45  110          -   15.80859      -  34.5  650s
 19317197 6367044   16.86486   34   75          -   15.82353      -  34.5  655s
 19478103 6399921   16.00000   36   12          -   15.83333      -  34.5  660s
 19625443 6433211   16.62857   34   79          -   15.84153      -  34.5  665s
 19775197 6465676   18.50000   37   51          -   15.85714      -  34.5  670s
 19931543 6499895   16.21172   40  102          -   15.86477      -  34.6  675s
 20082954 6529873 infeasible   47               -   15.87500      -  34.6  680s
 20234855 6564139   16.16667   36   45          -   15.88889      -  34.6  685s
 20387646 6596985   16.00000   33   10          -   15.90000      -  34.6  690s
 20532904 6627783   16.71429   30   48          -   15.91106      -  34.6  695s
 20682335 6660031   17.54545   44   49          -   15.92350      -  34.6  700s
 20824894 6689739   16.50000   33   18          -   15.93750      -  34.6  705s
 20979784 6722677 infeasible   39               -   15.95304      -  34.6  710s
 21129605 6754472   17.06863   33   83          -   15.97059      -  34.7  715s
 21270203 6783545   16.37500   34   79          -   15.99364      -  34.7  720s
 21419690 6801137   18.00000   38    8          -   16.00000      -  34.7  725s
 21569559 6817847   16.50000   39   13          -   16.00000      -  34.7  730s
 21721465 6834117   18.00000   37   10          -   16.00000      -  34.7  735s
 21870739 6850341   17.00000   40   11          -   16.00000      -  34.8  740s
 22020341 6866484   17.00000   34   21          -   16.00000      -  34.8  745s
 22170523 6882228   16.80000   42   47          -   16.00000      -  34.8  750s
 22326664 6899971   16.00000   35   19          -   16.00000      -  34.8  755s
 22483799 6918343   17.00000   32    9          -   16.00000      -  34.8  760s
 22634893 6938213   17.00000   42   18          -   16.00000      -  34.8  765s
 22793227 6960994   17.00000   33    7          -   16.00000      -  34.8  770s
 22952325 6985430   17.70270   42   48          -   16.00000      -  34.8  775s
 23104129 7010024   17.00000   39   37          -   16.00000      -  34.8  780s
 23264767 7036224   17.33333   39   54          -   16.00000      -  34.8  785s
 23416814 7061978   17.00000   43    7          -   16.00000      -  34.8  790s
 23577236 7089633   16.00000   35    6          -   16.00000      -  34.8  795s
 23737528 7117215   17.00000   35   28          -   16.00000      -  34.8  800s
 23889912 7144270   17.53448   40   82          -   16.00000      -  34.8  805s
 24057425 7175040   17.00000   39    7          -   16.00000      -  34.8  810s
 24218224 7204804   17.00000   42   11          -   16.00000      -  34.8  815s
 24378039 7234448   18.66667   35   42          -   16.00000      -  34.8  820s
 24538548 7265172   17.00000   42    9          -   16.00000      -  34.8  825s
 24706374 7296806   16.33333   42   42          -   16.00000      -  34.8  830s
 24873818 7329509   17.00000   44    9          -   16.00000      -  34.8  835s
 25035563 7360847   16.00000   41    4          -   16.00000      -  34.8  840s
 25196367 7392186   17.00000   41   41          -   16.00000      -  34.8  845s
 25348004 7423581   18.66667   39   60          -   16.00000      -  34.8  850s
 25506573 7456769   18.50000   44   21          -   16.00000      -  34.8  855s
 25663176 7489273   17.00000   37    9          -   16.00000      -  34.8  860s
 25816740 7520339   17.00000   38    5          -   16.00000      -  34.8  865s
 25954170 7547257   18.48485   42   86          -   16.02381      -  34.8  870s
 26103699 7576673   17.27778   46   75          -   16.04545      -  34.8  875s
 26260714 7607482   16.78382   36  120          -   16.06250      -  34.8  880s
 26408635 7637239   18.20690   32   84          -   16.07692      -  34.8  885s
 26565063 7667365   17.28205   34   55          -   16.09091      -  34.8  890s
 26718334 7697969   17.61538   35   74          -   16.10204      -  34.8  895s
 26865138 7726499   16.30303   29   97          -   16.11321      -  34.8  900s
 27014460 7754049   16.60000   39   56          -   16.12500      -  34.8  905s
 27162414 7782265   16.42857   39   32          -   16.13636      -  34.8  910s
 27320379 7810869   17.62500   44   42          -   16.14286      -  34.8  915s
 27467953 7838668   16.80000   35   34          -   16.15625      -  34.8  920s
 27618913 7864314   17.00000   35   30          -   16.16667      -  34.8  925s
 27777181 7894137   17.28571   39   53          -   16.16908      -  34.8  930s
 27931360 7921852   16.35294   30   62          -   16.18182      -  34.8  935s
 28080410 7949634   16.65722   38   88          -   16.19697      -  34.8  940s
 28232551 7971456   16.75000   33   49          -   16.20000      -  34.8  945s
 28397673 8000870   17.50000   42   23          -   16.20118      -  34.8  950s
 28545634 8028045   18.25862   40   95          -   16.21496      -  34.8  955s
 28696447 8054544   17.00000   33   11          -   16.22436      -  34.8  960s
 28837342 8079653   17.56000   36   64          -   16.23529      -  34.8  965s
 28985862 8101959   17.00000   45   13          -   16.25000      -  34.8  970s
 29137811 8121963   17.00000   39   11          -   16.25000      -  34.8  975s
 29296850 8147150   16.48214   45   87          -   16.25000      -  34.8  980s
 29455023 8174845     cutoff   42               -   16.25000      -  34.8  985s
 29608106 8202332   17.31579   40   74          -   16.26087      -  34.8  990s
 29755208 8226843   16.77273   34   92          -   16.27273      -  34.8  995s
 29903706 8252027   17.20406   37   89          -   16.28431      -  34.8 1000s
 30062676 8276186   16.50000   40   54          -   16.28571      -  34.8 1005s
 30203894 8299798   16.50000   30   27          -   16.30000      -  34.8 1010s
 30352294 8323710   17.00000   33   47          -   16.30769      -  34.8 1015s
 30499887 8348342   17.00000   42   11          -   16.31915      -  34.8 1020s
 30647915 8366869   17.00000   28    7          -   16.33333      -  34.9 1025s
 30798164 8380618   17.42857   37   52          -   16.33333      -  34.9 1030s
 30961886 8399657   17.00000   36   13          -   16.33333      -  34.9 1035s
 31120180 8420287   17.76667   41   61          -   16.33333      -  34.8 1040s
 31277225 8442005   17.39865   40   64          -   16.33333      -  34.8 1045s
 31433360 8466381   17.00000   39    9          -   16.33333      -  34.8 1050s
 31590437 8492037   17.35714   39   49          -   16.33333      -  34.8 1055s
 31743364 8516586   17.10660   33  104          -   16.34298      -  34.8 1060s
 31887883 8540244   16.65000   41   58          -   16.35526      -  34.8 1065s
 32032532 8562123   16.52110   42  114          -   16.36364      -  34.8 1070s
 32178404 8583614   17.00000   29   11          -   16.37500      -  34.9 1075s
 32332276 8607558   17.73806   45  102          -   16.38000      -  34.9 1080s
 32473974 8628376   16.77632   30   84          -   16.38893      -  34.9 1085s
 32622615 8646458   17.00000   41    9          -   16.40000      -  34.9 1090s
 32777918 8665513   17.00000   28    9          -   16.40000      -  34.9 1095s
 32934980 8688857   16.73391   39   88          -   16.40000      -  34.9 1100s
 33080497 8711304   16.75000   50   18          -   16.41270      -  34.9 1105s
 33222260 8731270   16.50000   46   56          -   16.42105      -  34.9 1110s
 33370692 8749732   17.29167   34   67          -   16.42857      -  34.9 1115s
 33512847 8771007     cutoff   40               -   16.43396      -  34.9 1120s
 33659366 8790760   16.66667   35   76          -   16.44444      -  34.9 1125s
 33806863 8812215     cutoff   34               -   16.45098      -  34.9 1130s
 33957925 8833211   17.74648   38   93          -   16.46032      -  34.9 1135s
 34105799 8853679   17.21739   36   88          -   16.46970      -  34.9 1140s
 34245942 8873049   16.66667   29   46          -   16.48000      -  34.9 1145s
 34386153 8892638   16.84360   32   93          -   16.49470      -  35.0 1150s
 34533751 8898750   18.00000   38   16          -   16.50000      -  35.0 1155s
 34675770 8905719   18.00000   46    8          -   16.50000      -  35.0 1160s
 34825328 8915596   18.00000   28   23          -   16.50000      -  35.0 1165s
 34972995 8926453   17.00000   41   13          -   16.50000      -  35.0 1170s
 35128977 8939391   16.80000   35   40          -   16.50000      -  35.0 1175s
 35287437 8953264   17.00000   40    9          -   16.50000      -  35.0 1180s
 35439172 8966929     cutoff   49               -   16.50000      -  35.0 1185s
 35596680 8981379   18.00000   32    8          -   16.50000      -  35.0 1190s
 35756558 8998693   17.00000   50   69          -   16.50000      -  35.0 1195s
 35915810 9015703     cutoff   41               -   16.50000      -  34.9 1200s
 36076592 9032637   17.00000   34   11          -   16.50000      -  34.9 1205s
 36226227 9049852   17.00000   38    7          -   16.50000      -  34.9 1210s
 36378672 9067733   16.66667   34   45          -   16.50000      -  34.9 1215s
 36453724 9076174   17.94912   43   93          -   16.50000      -  34.9 1220s
 36454629 9076929   17.00000   34   35          -   16.50000      -  34.9 1225s
 36455056 9077274   18.00000   43   12          -   16.50000      -  34.9 1230s
 36455398 9077573   19.00000   49   17          -   16.50000      -  34.9 1235s
 36459390 9078727   17.00000   32   23          -   16.50000      -  34.9 1241s
 36491689 9082574   17.50000   36   35          -   16.50000      -  34.9 1246s
 36547095 9088402   19.00000   37   20          -   16.50000      -  34.9 1250s
 36616082 9095981   18.11371   40  120          -   16.50000      -  34.9 1255s
 36700237 9105903   17.00000   39   15          -   16.50000      -  34.9 1260s
 36850539 9123977   16.55000   37   59          -   16.50000      -  34.9 1265s
 36999137 9142554   17.00000   38    7          -   16.50000      -  34.9 1270s
 37141502 9160767   18.21492   42   93          -   16.50000      -  34.9 1275s
 37278955 9178288   17.83929   44   83          -   16.51220      -  34.9 1280s
 37413310 9195619   17.50000   34   65          -   16.52381      -  34.9 1285s
 37551237 9212976   16.55556   45   51          -   16.53333      -  34.9 1290s
 37693361 9231215   16.72222   38   74          -   16.54286      -  35.0 1295s
 37835016 9248504   17.65957   28  101          -   16.55046      -  35.0 1300s
 37975044 9264663   17.25000   36   85          -   16.55556      -  35.0 1305s
 38113631 9282673   17.12500   31   66          -   16.56655      -  35.0 1310s
 38248716 9296314   17.71429   36   70          -   16.57143      -  35.0 1315s
 38388191 9314557   18.28767   35   76          -   16.57692      -  35.0 1320s
 38529833 9331704   17.16456   31   97          -   16.58490      -  35.0 1325s
 38667806 9348868   16.80508   45   98          -   16.59633      -  35.0 1330s
 38818059 9359666 infeasible   32               -   16.60000      -  35.0 1335s
 38966630 9374973   17.64615   26   94          -   16.60000      -  35.0 1340s
 39115986 9393061     cutoff   40               -   16.60000      -  35.0 1345s
 39242304 9408679   16.83333   31   61          -   16.61111      -  35.0 1350s
 39375121 9424154   17.77419   32   82          -   16.62000      -  35.0 1355s
 39524755 9438631   16.72449   34   80          -   16.62500      -  35.0 1360s
 39663333 9455232 infeasible   30               -   16.63235      -  35.0 1365s
 39804272 9470801   17.86799   31  119          -   16.64000      -  35.0 1370s
 39937104 9485894   17.51852   42   81          -   16.64815      -  35.0 1375s
 40070621 9500888   17.00000   51   17          -   16.65909      -  35.0 1380s
 40203363 9507112   18.00000   42   23          -   16.66667      -  35.1 1385s
 40344639 9513430   17.00000   24   21          -   16.66667      -  35.1 1390s
 40492548 9523102     cutoff   37               -   16.66667      -  35.1 1395s
 40642019 9533960   17.50000   32   38          -   16.66667      -  35.0 1400s
 40797478 9546303   17.00000   32    7          -   16.66667      -  35.0 1405s
 40948386 9559633   17.00000   39   35          -   16.66667      -  35.0 1410s
 41097382 9574165   17.50000   38   64          -   16.66667      -  35.0 1415s
 41244840 9590328   17.60417   38   69          -   16.66667      -  35.0 1420s
 41394735 9607459   17.00000   31   17          -   16.66667      -  35.0 1425s
 41526826 9622579   16.84211   28   64          -   16.67147      -  35.0 1430s
 41665701 9637314   17.11688   33   73          -   16.68394      -  35.0 1435s
 41794492 9650538   17.23077   33   79          -   16.69231      -  35.1 1440s
 41934911 9664191   17.34615   42   65          -   16.70000      -  35.1 1445s
 42074707 9678733     cutoff   46               -   16.70588      -  35.1 1450s
 42215903 9690739   16.84615   42   52          -   16.71429      -  35.1 1455s
 42357388 9704086 infeasible   43               -   16.71429      -  35.1 1460s
 42483044 9717371   18.75000   30   45          -   16.72308      -  35.1 1465s
 42616912 9730393 infeasible   32               -   16.73034      -  35.1 1470s
 42749938 9743608   16.76563   38   92          -   16.73913      -  35.1 1475s
 42878110 9752987   17.00000   33    3          -   16.75000      -  35.1 1480s
 43022618 9758081     cutoff   38               -   16.75000      -  35.1 1485s
 43161685 9766347   17.50000   42   17          -   16.75000      -  35.1 1490s
 43313007 9777304 infeasible   41               -   16.75000      -  35.1 1495s
 43459280 9790059   17.20000   45   76          -   16.75000      -  35.1 1500s
 43596283 9802949   16.90909   33   42          -   16.75000      -  35.1 1505s
 43739223 9817232   18.79641   42   82          -   16.75542      -  35.1 1510s
 43870087 9829188   17.07692   34   61          -   16.76471      -  35.1 1515s
 44007840 9842339   18.35316   40   87          -   16.77295      -  35.1 1520s
 44146298 9853504 infeasible   35               -   16.77778      -  35.1 1525s
 44279875 9865132   17.00000   36    7          -   16.78571      -  35.2 1530s
 44417683 9877735   17.15217   42   79          -   16.79487      -  35.2 1535s
 44548133 9883255   17.00000   37   11          -   16.80000      -  35.2 1540s
 44692048 9891789   17.25000   41   51          -   16.80000      -  35.2 1545s
 44837970 9904689   17.28571   42   51          -   16.80000      -  35.2 1550s
 44979698 9917910   18.00000   43   16          -   16.80435      -  35.2 1555s
 45115853 9930065   17.31579   38   82          -   16.81344      -  35.2 1560s
 45250726 9941126   17.21429   39   62          -   16.82000      -  35.2 1565s
 45378406 9952202   16.88889   39   80          -   16.82917      -  35.2 1570s
 45521628 9958551   18.00000   42   10          -   16.83333      -  35.2 1575s
 45664729 9968652 infeasible   34               -   16.83333      -  35.2 1580s
 45806514 9981344   17.37895   30   97          -   16.83607      -  35.2 1585s
 45939290 9991483   18.00000   40   44          -   16.84615      -  35.2 1590s
 46069708 10002384   17.42857   31   58          -   16.85398      -  35.2 1595s
 46207337 10008941   17.35843   42  106          -   16.85714      -  35.2 1600s
 46339280 10020046   17.00000   52   13          -   16.85938      -  35.2 1605s
 46472869 10030236   18.00000   42   10          -   16.86842      -  35.2 1610s
 46602264 10036914   18.12500   36   56          -   16.87500      -  35.3 1615s
 46743029 10047940   17.33333   31   27          -   16.87619      -  35.3 1620s
 46872180 10058022   17.11944   49  114          -   16.88608      -  35.3 1625s
 47008008 10065970   17.14907   32   97          -   16.88889      -  35.3 1630s
 47140756 10076261   17.70284   31  121          -   16.89855      -  35.3 1635s
 47275111 10084142   16.96667   45  101          -   16.90141      -  35.3 1640s
 47409515 10092944 infeasible   35               -   16.90909      -  35.3 1645s
 47541381 10101041   17.99138   46   87          -   16.91667      -  35.3 1650s
 47669685 10109597   18.18750   35   75          -   16.92308      -  35.3 1655s
 47803077 10118008   18.00000   38   34          -   16.92857      -  35.3 1660s
 47934597 10126074     cutoff   36               -   16.93750      -  35.3 1665s
 48063510 10134029   17.19672   32   88          -   16.94444      -  35.4 1670s
 48194731 10142659     cutoff   43               -   16.95238      -  35.4 1675s
 48323300 10150419     cutoff   40               -   16.96154      -  35.4 1680s
 48450302 10158225 infeasible   42               -   16.97222      -  35.4 1685s
 48579761 10165929   18.00000   40   14          -   16.98611      -  35.4 1690s
 48698891 10166216     cutoff   37               -   17.00000      -  35.4 1695s
 48828652 10157666   17.16667   37   68          -   17.00000      -  35.4 1700s
 48957367 10148442   17.33333   37   64          -   17.00000      -  35.4 1705s
 49085932 10139072     cutoff   41               -   17.00000      -  35.5 1710s
 49224670 10130235   18.00000   31   10          -   17.00000      -  35.5 1715s
 49353150 10120944   18.00000   45    8          -   17.00000      -  35.5 1720s
 49483381 10111189   17.00000   44   11          -   17.00000      -  35.5 1725s
 49613035 10101327   17.00000   40    9          -   17.00000      -  35.5 1730s
 49744565 10091859   18.37908   38   90          -   17.00000      -  35.5 1735s
 49879826 10082082   18.00000   40    8          -   17.00000      -  35.5 1740s
 50008611 10072265     cutoff   54               -   17.00000      -  35.5 1745s
 50139309 10062412   18.00000   31    6          -   17.00000      -  35.5 1750s
 50275469 10052406   17.00000   38    9          -   17.00000      -  35.5 1755s
 50407527 10043919   18.00000   35    4          -   17.00000      -  35.5 1760s
 50537679 10034824 infeasible   39               -   17.00000      -  35.5 1765s
 50674001 10025379     cutoff   41               -   17.00000      -  35.5 1770s
 50805687 10016258   17.00000   34    9          -   17.00000      -  35.5 1775s
 50936282 10007183   18.00000   38   10          -   17.00000      -  35.5 1780s
 51065988 9998713   18.00000   39    4          -   17.00000      -  35.5 1785s
 51204344 9995560   18.00000   40    6          -   17.00000      -  35.5 1790s
 51341015 9991358   18.00000   52    6          -   17.00000      -  35.5 1795s
 51475545 9987301   17.00000   54    7          -   17.00000      -  35.6 1800s
 51621962 9986042   18.00000   38   10          -   17.00000      -  35.6 1805s
 51752760 9984201 infeasible   39               -   17.00000      -  35.6 1810s
 51883791 9982322     cutoff   52               -   17.00000      -  35.6 1815s
 52031952 9982604   17.82353   37   67          -   17.00000      -  35.6 1820s
 52170521 9982534     cutoff   48               -   17.00000      -  35.6 1825s
 52309004 9982478 infeasible   53               -   17.00000      -  35.6 1830s
 52454052 9982814 infeasible   42               -   17.00000      -  35.6 1835s
 52599498 9985361   18.00000   38   10          -   17.00000      -  35.6 1840s
 52739188 9986784   18.00000   35    8          -   17.00000      -  35.6 1845s
 52871022 9988249   18.00000   34   38          -   17.00000      -  35.6 1850s
 53015505 9990706     cutoff   37               -   17.00000      -  35.6 1855s
 53161301 9993872   18.00000   46    8          -   17.00000      -  35.6 1860s
 53313683 9996978   18.00000   42    6          -   17.00000      -  35.6 1865s
 53452760 9999889     cutoff   43               -   17.00000      -  35.5 1870s
 53597809 10004684   18.00000   32   10          -   17.00000      -  35.5 1875s
 53744406 10008455   19.00000   40   26          -   17.00000      -  35.5 1880s
 53885546 10012518   18.00000   36   10          -   17.00000      -  35.5 1885s
 54029301 10016912   18.57143   37   59          -   17.00000      -  35.5 1890s
 54175173 10021558   18.00000   33   13          -   17.00000      -  35.5 1895s
 54320572 10026446   18.00000   31    4          -   17.00000      -  35.5 1900s
 54464889 10030994   18.00000   45    8          -   17.00000      -  35.5 1905s
 54610982 10036092   18.00000   45   10          -   17.00000      -  35.5 1910s
 54756226 10042256   17.33333   38   73          -   17.00000      -  35.5 1915s
 54894187 10048059   18.00000   37   10          -   17.00000      -  35.5 1920s
 55039472 10053865   18.50000   37   68          -   17.00000      -  35.5 1925s
 55176569 10059861   18.00000   33   10          -   17.00000      -  35.5 1930s
 55314116 10065792   18.00000   37   10          -   17.00000      -  35.5 1935s
 55459352 10071865     cutoff   34               -   17.00000      -  35.5 1940s
 55603424 10078380   18.00000   37   10          -   17.00000      -  35.5 1945s
 55748942 10085858   19.00000   42   11          -   17.00000      -  35.5 1950s
 55892350 10093088   18.66667   33   27          -   17.00000      -  35.5 1955s
 56031970 10100603   19.00000   44   11          -   17.00000      -  35.5 1960s
 56174574 10107940   18.23077   44   45          -   17.00000      -  35.5 1965s
 56313978 10115337   18.00000   31    8          -   17.00000      -  35.5 1970s
 56450563 10123252   17.00000   36   11          -   17.00000      -  35.5 1975s
 56594785 10131751   18.00000   38   40          -   17.00000      -  35.5 1980s
 56735883 10139964   17.45324   44   94          -   17.00000      -  35.5 1985s
 56871855 10147908   17.00000   49    7          -   17.00000      -  35.5 1990s
 57013015 10156996   18.48218   47  102          -   17.00000      -  35.5 1995s
 57148799 10165760     cutoff   38               -   17.00000      -  35.5 2000s
 57273020 10172946     cutoff   33               -   17.00000      -  35.5 2005s
 57413602 10182015   17.00000   49    7          -   17.00000      -  35.6 2010s
 57547442 10190471   17.50000   43   18          -   17.00000      -  35.6 2015s
 57685087 10196955   18.00000   43   10          -   17.00000      -  35.6 2020s
 57809220 10202352   17.72222   41   65          -   17.01145      -  35.6 2025s
 57929482 10207977 infeasible   45               -   17.02703      -  35.6 2030s
 58054093 10214922   17.36111   42  109          -   17.03981      -  35.6 2035s
 58187566 10222400   18.00000   41   31          -   17.05087      -  35.6 2040s
 58320085 10228996   17.83784   33   73          -   17.06154      -  35.6 2045s
 58448582 10235421   18.21429   43   96          -   17.07051      -  35.6 2050s
 58581727 10242475   18.50000   43   90          -   17.07773      -  35.6 2055s
 58716884 10248063   17.65625   44   72          -   17.08571      -  35.6 2060s
 58848278 10254267   17.42857   38   54          -   17.09346      -  35.6 2065s
 58983963 10258979 infeasible   52               -   17.10000      -  35.6 2070s
 59115705 10265024   17.50000   49   40          -   17.10976      -  35.6 2075s
 59250916 10270254   18.60000   30   63          -   17.11298      -  35.6 2080s
 59376828 10275820   17.60870   43   92          -   17.12308      -  35.6 2085s
 59515220 10278631   18.50000   42   15          -   17.12500      -  35.6 2090s
 59646644 10284481   18.50000   31   94          -   17.13333      -  35.6 2095s
 59771688 10287772   17.66667   34   49          -   17.14286      -  35.7 2100s
 59910369 10291329   17.33333   39   41          -   17.14286      -  35.7 2105s
 60039956 10296532   18.35714   36   72          -   17.15000      -  35.7 2110s
 60170540 10301026     cutoff   45               -   17.15789      -  35.7 2115s
 60299041 10301413   17.66667   34   20          -   17.16667      -  35.7 2120s
 60442673 10302061   17.45455   34   62          -   17.16667      -  35.7 2125s
 60584307 10306654   17.43750   36   57          -   17.16667      -  35.7 2130s
 60714872 10311601 infeasible   45               -   17.17549      -  35.7 2135s
 60848161 10314909 infeasible   44               -   17.18182      -  35.7 2140s
 60977617 10318551   17.46667   33   62          -   17.18987      -  35.7 2145s
 61105026 10318487 infeasible   43               -   17.20000      -  35.7 2150s
 61248728 10315582   17.25000   36   60          -   17.20000      -  35.7 2155s
 61391132 10318000   18.00000   39   54          -   17.20000      -  35.7 2160s
 61531007 10322143   17.66667   51   30          -   17.20000      -  35.7 2165s
 61657115 10325786   18.00000   50   32          -   17.20896      -  35.7 2170s
 61789483 10328329   17.27907   36   63          -   17.21649      -  35.7 2175s
 61924275 10329069   17.73684   38   84          -   17.22222      -  35.7 2180s
 62054603 10332274   18.15789   41   61          -   17.22917      -  35.7 2185s
 62181931 10334613     cutoff   33               -   17.23529      -  35.7 2190s
 62310701 10337014   17.62500   37   62          -   17.24615      -  35.8 2195s
 62441151 10325299   17.50000   39   39          -   17.25000      -  35.8 2200s
 62583594 10318942   17.35417   38   62          -   17.25000      -  35.8 2205s
 62719691 10315937   19.00000   36   14          -   17.25000      -  35.8 2210s
 62861015 10314424   17.37500   37   52          -   17.25000      -  35.8 2215s
 62995333 10314982   18.00000   37   10          -   17.25000      -  35.8 2220s
 63135134 10318007   17.50000   36   70          -   17.25000      -  35.8 2225s
 63266145 10320120 infeasible   38               -   17.25325      -  35.8 2230s
 63393599 10321764   17.75000   35   50          -   17.26316      -  35.8 2235s
 63516857 10321938     cutoff   41               -   17.27273      -  35.8 2240s
 63652957 10322490   18.00000   36    8          -   17.27778      -  35.8 2245s
 63780925 10320141   18.25000   40   76          -   17.28571      -  35.8 2250s
 63915517 10319607 infeasible   55               -   17.28571      -  35.8 2255s
 64036147 10320425   19.00000   32   34          -   17.29167      -  35.8 2260s
 64157769 10318879   18.00000   35   46          -   17.30000      -  35.8 2265s
 64289995 10318808   18.25000   36   94          -   17.30366      -  35.8 2270s
 64416763 10318783   17.66667   35   82          -   17.31092      -  35.8 2275s
 64536382 10318363   18.15686   48   74          -   17.31818      -  35.8 2280s
 64660591 10318657   17.91667   34   85          -   17.32824      -  35.8 2285s
 64786533 10302675   18.00000   41    8          -   17.33333      -  35.9 2290s
 64922424 10290225     cutoff   38               -   17.33333      -  35.9 2295s
 65059272 10280658   17.50000   32   21          -   17.33333      -  35.9 2300s
 65196876 10272607   18.00000   47   24          -   17.33333      -  35.9 2305s
 65332816 10265712   18.14286   39   43          -   17.33333      -  35.9 2310s
 65469784 10259821 infeasible   41               -   17.33333      -  35.9 2315s
 65612069 10255069     cutoff   41               -   17.33333      -  35.9 2320s
 65749383 10251782   18.17391   33   96          -   17.33333      -  35.9 2325s
 65884325 10249934   18.66667   29   55          -   17.33333      -  35.9 2330s
 66020489 10248447   18.25000   35   42          -   17.33333      -  35.9 2335s
 66153592 10248097 infeasible   36               -   17.33333      -  35.9 2340s
 66287236 10247451   17.58333   39   63          -   17.33333      -  35.9 2345s
 66403331 10246922     cutoff   29               -   17.34513      -  35.9 2350s
 66530398 10245495   17.70625   36   68          -   17.35294      -  35.9 2355s
 66650514 10243381   18.00000   35    4          -   17.36000      -  35.9 2360s
 66777780 10240828   17.49802   49  135          -   17.36508      -  35.9 2365s
 66900202 10237011   18.40000   42   28          -   17.37500      -  35.9 2370s
 67029861 10232473   17.50000   43   27          -   17.37500      -  35.9 2375s
 67155880 10231195   18.58621   41   88          -   17.38095      -  35.9 2380s
 67274660 10227994 infeasible   38               -   17.38776      -  35.9 2385s
 67392822 10225580   18.94444   34   78          -   17.39655      -  35.9 2390s
 67519268 10212520 infeasible   35               -   17.40000      -  35.9 2395s
 67655376 10204799   18.00000   44   20          -   17.40000      -  36.0 2400s
 67784300 10201228   18.00000   31   28          -   17.40000      -  36.0 2405s
 67917685 10198913   17.50000   42   71          -   17.40000      -  36.0 2410s
 68034996 10196222   17.85714   40   69          -   17.40909      -  36.0 2415s
 68157580 10191953   17.66667   33   77          -   17.41667      -  36.0 2420s
 68284056 10188414   17.63636   49   66          -   17.42222      -  36.0 2425s
 68406276 10179812   18.00000   36    8          -   17.42857      -  36.0 2430s
 68534090 10175163   17.71429   33   70          -   17.42857      -  36.0 2435s
 68660558 10171708   17.85714   39   35          -   17.43478      -  36.0 2440s
 68773794 10167689   17.46667   36   67          -   17.44262      -  36.0 2445s
 68899018 10161238   18.00000   29   67          -   17.44444      -  36.0 2450s
 69017029 10157563   17.54545   45   45          -   17.45238      -  36.0 2455s
 69138469 10151916   18.00000   39   10          -   17.45714      -  36.0 2460s
 69254388 10146926   18.00000   36   74          -   17.46364      -  36.1 2465s
 69376011 10141881   18.42971   36  135          -   17.47059      -  36.1 2470s
 69488711 10137313   17.92308   36   56          -   17.47826      -  36.1 2475s
 69603347 10132350   18.00000   36   12          -   17.48824      -  36.1 2480s
 69714133 10119664   18.00000   46    8          -   17.50000      -  36.1 2485s
 69843276 10094746   18.25000   37   41          -   17.50000      -  36.1 2490s
 69972331 10073266 infeasible   31               -   17.50000      -  36.1 2495s
 70093884 10054254 infeasible   53               -   17.50000      -  36.1 2500s
 70230583 10035507   18.00000   44   12          -   17.50000      -  36.1 2505s
 70359612 10017715 infeasible   47               -   17.50000      -  36.1 2510s
 70495422 10000166   18.00000   43   12          -   17.50000      -  36.1 2515s
 70632508 9983449     cutoff   39               -   17.50000      -  36.1 2520s
 70769749 9968139   18.00000   34    8          -   17.50000      -  36.1 2525s
 70905291 9953388   18.00000   33    9          -   17.50000      -  36.1 2530s
 71034221 9939704   18.66667   43   36          -   17.50000      -  36.1 2535s
 71171250 9925941   18.50000   38   32          -   17.50000      -  36.1 2540s
 71306679 9912743 infeasible   45               -   17.50000      -  36.1 2545s
 71442640 9900409   18.00000   34   12          -   17.50000      -  36.1 2550s
 71579254 9888570   18.00000   41   10          -   17.50000      -  36.1 2555s
 71707982 9877591   18.09091   44   43          -   17.50000      -  36.1 2560s
 71844543 9866379   17.62500   32   43          -   17.50000      -  36.1 2565s
 71974231 9856055     cutoff   51               -   17.50000      -  36.1 2570s
 72110857 9845719   18.00000   32    8          -   17.50000      -  36.1 2575s
 72246060 9835859   17.85714   43   54          -   17.50000      -  36.1 2580s
 72375756 9826722   18.00000   45    8          -   17.50000      -  36.1 2585s
 72504939 9818033   18.00000   36    7          -   17.50000      -  36.1 2590s
 72635029 9809941   17.50000   31   52          -   17.50000      -  36.1 2595s
 72769719 9802080     cutoff   50               -   17.50000      -  36.1 2600s
 72899221 9795252   18.00000   41   14          -   17.50000      -  36.1 2605s
 73022029 9788780   17.50000   52   21          -   17.50000      -  36.1 2610s
 73149951 9782493   17.55000   32   80          -   17.50000      -  36.1 2615s
 73280150 9777271   18.00000   37   42          -   17.50000      -  36.1 2620s
 73409814 9772318     cutoff   44               -   17.50000      -  36.1 2625s
 73538052 9765369   18.00000   42    8          -   17.50000      -  36.1 2630s
 73648927 9759328 infeasible   41               -   17.51351      -  36.1 2635s
 73757155 9752994     cutoff   37               -   17.52239      -  36.2 2640s
 73871603 9745778   18.02564   37   89          -   17.53030      -  36.2 2645s
 73987701 9738342 infeasible   37               -   17.53846      -  36.2 2650s
 74109484 9729956   18.00000   36   26          -   17.54545      -  36.2 2655s
 74222554 9723965     cutoff   41               -   17.55128      -  36.2 2660s
 74346001 9713724     cutoff   37               -   17.55556      -  36.2 2665s
 74460073 9706663     cutoff   37               -   17.56250      -  36.2 2670s
 74576014 9696848   17.80000   42   39          -   17.57143      -  36.2 2675s
 74704595 9685440   17.66667   37   34          -   17.57143      -  36.2 2680s
 74823513 9678277   18.00000   30    8          -   17.57626      -  36.2 2685s
 74939758 9669480 infeasible   30               -   17.58333      -  36.3 2690s
 75058870 9661243   18.00000   43   31          -   17.59091      -  36.3 2695s
 75170175 9648845   18.00000   48    6          -   17.60000      -  36.3 2700s
 75304937 9630783 infeasible   43               -   17.60000      -  36.3 2705s
 75433423 9618184   17.94737   40   98          -   17.60000      -  36.3 2710s
 75554366 9608862   18.00000   36   33          -   17.60000      -  36.3 2715s
 75679550 9600392     cutoff   35               -   17.60526      -  36.3 2720s
 75787964 9591782 infeasible   46               -   17.61386      -  36.3 2725s
 75902582 9582320   18.61905   40   84          -   17.62069      -  36.3 2730s
 76025536 9567992   18.00000   42   14          -   17.62500      -  36.3 2735s
 76144956 9559222 infeasible   35               -   17.62887      -  36.3 2740s
 76256568 9548757     cutoff   38               -   17.63636      -  36.3 2745s
 76373854 9538460   17.66667   49   64          -   17.64286      -  36.4 2750s
 76481427 9528928 infeasible   32               -   17.65000      -  36.4 2755s
 76594736 9518672     cutoff   31               -   17.66005      -  36.4 2760s
 76713233 9494458   18.50000   39   33          -   17.66667      -  36.4 2765s
 76847962 9468472 infeasible   46               -   17.66667      -  36.4 2770s
 76976766 9446318   18.49048   36   82          -   17.66667      -  36.4 2775s
 77104607 9426346   18.00000   36   10          -   17.66667      -  36.4 2780s
 77233858 9407456     cutoff   39               -   17.66667      -  36.4 2785s
 77368446 9388742     cutoff   51               -   17.66667      -  36.4 2790s
 77496771 9372550     cutoff   35               -   17.66667      -  36.4 2795s
 77625358 9357158   18.61538   31   47          -   17.66667      -  36.4 2800s
 77759783 9342425     cutoff   45               -   17.66667      -  36.4 2805s
 77881812 9330136   17.97222   39   81          -   17.66667      -  36.4 2810s
 78003784 9319039 infeasible   35               -   17.66667      -  36.4 2815s
 78124795 9308781   18.66667   36   50          -   17.66667      -  36.4 2820s
 78235757 9298983 infeasible   40               -   17.67105      -  36.4 2825s
 78345096 9288206   18.19394   37   92          -   17.68182      -  36.4 2830s
 78457812 9276002   18.10811   39   81          -   17.69048      -  36.4 2835s
 78564439 9264215   18.10619   29  105          -   17.69767      -  36.5 2840s
 78681740 9249968   19.00000   42    9          -   17.70000      -  36.5 2845s
 78793880 9237314   18.16930   31  127          -   17.71081      -  36.5 2850s
 78911109 9219321     cutoff   42               -   17.71429      -  36.5 2855s
 79032450 9207058   17.75000   41   28          -   17.71429      -  36.5 2860s
 79143499 9194792   17.80000   39   63          -   17.72414      -  36.5 2865s
 79250609 9180975     cutoff   36               -   17.72973      -  36.5 2870s
 79364488 9167080 infeasible   39               -   17.73844      -  36.5 2875s
 79467317 9151075     cutoff   40               -   17.75000      -  36.5 2880s
 79597246 9123135   18.00000   36   10          -   17.75000      -  36.5 2885s
 79725196 9099829   18.40171   36   78          -   17.75000      -  36.5 2890s
 79853076 9079129   18.00000   33   35          -   17.75000      -  36.5 2895s
 79974034 9061045   18.26062   33  116          -   17.75000      -  36.6 2900s
 80094863 9045159   18.60000   36   50          -   17.75000      -  36.6 2905s
 80216708 9031216   18.58333   42   63          -   17.75000      -  36.6 2910s
 80336583 9017935     cutoff   47               -   17.75000      -  36.6 2915s
 80441814 9005184     cutoff   36               -   17.76190      -  36.6 2920s
 80557314 8989657     cutoff   52               -   17.76923      -  36.6 2925s
 80672516 8972671   17.85714   43   65          -   17.77778      -  36.6 2930s
 80783098 8958265 infeasible   36               -   17.78205      -  36.6 2935s
 80886260 8943765   17.92683   47  122          -   17.78947      -  36.6 2940s
 81000604 8922506 infeasible   35               -   17.80000      -  36.6 2945s
 81122590 8897873 infeasible   43               -   17.80000      -  36.6 2950s
 81250170 8877783 infeasible   49               -   17.80000      -  36.6 2955s
 81369956 8861424 infeasible   38               -   17.80000      -  36.7 2960s
 81481304 8846976   18.21060   38  140          -   17.80488      -  36.7 2965s
 81589133 8831507   18.00000   38    8          -   17.81356      -  36.7 2970s
 81696640 8815272   18.28226   34   70          -   17.81947      -  36.7 2975s
 81802074 8799430   17.87879   42   87          -   17.82979      -  36.7 2980s
 81921830 8772732   19.50000   42   60          -   17.83333      -  36.7 2985s
 82038738 8752888 infeasible   41               -   17.83333      -  36.7 2990s
 82150450 8736353   18.00000   47    6          -   17.83333      -  36.7 2995s
 82256120 8720204 infeasible   42               -   17.84375      -  36.7 3000s
 82365297 8702690     cutoff   37               -   17.85185      -  36.7 3005s
 82479387 8678282   18.00000   34   12          -   17.85714      -  36.8 3010s
 82596642 8660244 infeasible   38               -   17.85714      -  36.8 3015s
 82697081 8643626   18.69231   37   68          -   17.86667      -  36.8 3020s
 82801971 8622579   18.56250   41   59          -   17.87500      -  36.8 3025s
 82919614 8602280     cutoff   45               -   17.87500      -  36.8 3030s
 83025832 8583959     cutoff   45               -   17.88507      -  36.8 3035s
 83133310 8562813   18.50000   33   19          -   17.88889      -  36.8 3040s
 83240075 8542975   18.00000   31    8          -   17.89933      -  36.8 3045s
 83350061 8522033     cutoff   44               -   17.90257      -  36.8 3050s
 83455712 8501713     cutoff   41               -   17.90909      -  36.8 3055s
 83559171 8481210     cutoff   40               -   17.91667      -  36.9 3060s
 83659575 8461771   18.00000   45    6          -   17.92395      -  36.9 3065s
 83761464 8440334     cutoff   37               -   17.93333      -  36.9 3070s
 83865137 8419557 infeasible   41               -   17.94118      -  36.9 3075s
 83961642 8399843   18.47619   38   61          -   17.95000      -  36.9 3080s
 84061883 8378993     cutoff   40               -   17.96154      -  36.9 3085s
 84162962 8357768   18.18045   43   70          -   17.97414      -  36.9 3090s
 84256064 8337194 infeasible   43               -   17.99539      -  37.0 3095s
 84371300 8286606   18.50000   41   33          -   18.00000      -  37.0 3100s
 84496852 8232207 infeasible   38               -   18.00000      -  37.0 3105s
 84613046 8179856   18.00000   40   25          -   18.00000      -  37.0 3110s
 84735801 8124724     cutoff   42               -   18.00000      -  37.0 3115s
 84845747 8076621     cutoff   40               -   18.00000      -  37.0 3120s
 84971141 8022402   19.00000   33    9          -   18.00000      -  37.0 3125s
 85098578 7970740   19.00000   40   10          -   18.00000      -  37.0 3130s
 85214566 7920497 infeasible   34               -   18.00000      -  37.0 3135s
 85339071 7866538   18.00000   39    8          -   18.00000      -  37.0 3140s
 85463647 7812794 infeasible   46               -   18.00000      -  37.0 3145s
 85587834 7760390     cutoff   36               -   18.00000      -  37.0 3150s
 85705084 7709796     cutoff   35               -   18.00000      -  37.0 3155s
 85831139 7655700   18.33333   38   23          -   18.00000      -  37.0 3160s
 85952272 7606541   19.00000   43    9          -   18.00000      -  37.0 3165s
 86076447 7556522 infeasible   38               -   18.00000      -  37.0 3170s
 86194885 7505778     cutoff   44               -   18.00000      -  37.0 3175s
 86320871 7452150 infeasible   46               -   18.00000      -  37.0 3180s
 86438024 7400941     cutoff   42               -   18.00000      -  37.0 3185s
 86564407 7348483 infeasible   42               -   18.00000      -  37.0 3190s
 86681991 7300351   19.00000   37    7          -   18.00000      -  37.0 3195s
 86806829 7251282     cutoff   41               -   18.00000      -  37.0 3200s
 86932321 7204834 infeasible   36               -   18.00000      -  37.0 3205s
 87051134 7160297     cutoff   42               -   18.00000      -  37.0 3210s
 87169907 7118854     cutoff   40               -   18.00000      -  37.0 3215s
 87289985 7081062   18.00000   43   33          -   18.00000      -  37.0 3220s
 87417621 7041019 infeasible   47               -   18.00000      -  37.0 3225s
 87538004 7005250     cutoff   38               -   18.00000      -  37.0 3230s
 87663653 6968635   19.00000   38    7          -   18.00000      -  37.0 3235s
 87783433 6933584   19.00000   37    5          -   18.00000      -  37.0 3240s
 87911143 6898731 infeasible   44               -   18.00000      -  37.0 3245s
 88036588 6863820     cutoff   37               -   18.00000      -  37.0 3250s
 88164199 6829135     cutoff   53               -   18.00000      -  37.0 3255s
 88290179 6795655   19.00000   48    9          -   18.00000      -  37.0 3260s
 88423832 6762557   18.00000   39   34          -   18.00000      -  37.0 3265s
 88543124 6730810     cutoff   40               -   18.00000      -  37.0 3270s
 88671008 6698345     cutoff   43               -   18.00000      -  37.0 3275s
 88790276 6668092   19.00000   34    5          -   18.00000      -  37.0 3280s
 88916797 6637784     cutoff   35               -   18.00000      -  37.0 3285s
 88953429 6630844     cutoff   40               -   18.00000      -  37.0 3290s
 88954615 6630801   19.00000   45    5          -   18.00000      -  37.0 3295s
 88955264 6630674     cutoff   47               -   18.00000      -  37.0 3300s
 88960379 6628055   19.00000   43    9          -   18.00000      -  37.0 3305s
 89023773 6610430 infeasible   47               -   18.00000      -  37.0 3310s
 89092430 6593408     cutoff   36               -   18.00000      -  37.0 3315s
 89212830 6563644     cutoff   42               -   18.00000      -  37.0 3320s
 89325232 6536456   19.00000   36    7          -   18.00000      -  37.0 3325s
 89446234 6506567   19.00000   37   10          -   18.00000      -  37.0 3330s
 89573979 6475939   19.00000   43    9          -   18.00000      -  37.0 3335s
 89694294 6448024 infeasible   43               -   18.00000      -  37.0 3340s
 89811867 6420218 infeasible   39               -   18.00000      -  37.0 3345s
 89932479 6392104   18.00000   43    8          -   18.00000      -  37.0 3350s
 90056216 6363214     cutoff   36               -   18.00000      -  37.0 3355s
 90176404 6336315   19.00000   37    9          -   18.00000      -  37.0 3360s
 90300073 6308036   18.00000   36    9          -   18.00000      -  37.0 3365s
 90420006 6281232 infeasible   35               -   18.00000      -  37.0 3370s
 90543911 6253799     cutoff   40               -   18.00000      -  37.0 3375s
 90663686 6228037 infeasible   39               -   18.00000      -  37.0 3380s
 90781269 6202505     cutoff   33               -   18.00000      -  37.0 3385s
 90899910 6178053     cutoff   43               -   18.00000      -  37.0 3390s
 91024000 6151999     cutoff   40               -   18.00000      -  37.0 3395s
 91141926 6126928     cutoff   39               -   18.00000      -  37.0 3400s
 91258752 6103902 infeasible   44               -   18.00000      -  37.0 3405s
 91377553 6079664   19.00000   41   23          -   18.00000      -  37.0 3410s
 91486898 6057785 infeasible   49               -   18.00000      -  37.0 3415s
 91605350 6034498 infeasible   37               -   18.00000      -  37.0 3420s
 91717373 6012493 infeasible   48               -   18.00000      -  37.0 3425s
 91832534 5989549 infeasible   41               -   18.00000      -  37.0 3430s
 91943109 5968805   19.00000   48    7          -   18.00000      -  37.0 3435s
 92058729 5947870     cutoff   37               -   18.00000      -  37.0 3440s
 92170611 5925648   18.00000   41    6          -   18.00000      -  37.0 3445s
 92281300 5904098     cutoff   35               -   18.00000      -  37.0 3450s
 92391603 5881675   18.00000   44    8          -   18.00000      -  37.1 3455s
 92504504 5856369   18.00000   42   10          -   18.00000      -  37.1 3460s
 92598876 5831197 infeasible   35               -   18.02885      -  37.1 3465s
 92693436 5806777   18.38855   32   94          -   18.04598      -  37.1 3470s
 92793210 5780505     cutoff   41               -   18.06154      -  37.1 3475s
 92893947 5754694 infeasible   36               -   18.07407      -  37.1 3480s
 92995163 5727136   18.42553   37   73          -   18.08475      -  37.1 3485s
 93094711 5699083 infeasible   37               -   18.09804      -  37.1 3490s
 93200489 5668379   18.13689   42  130          -   18.10938      -  37.2 3495s
 93301782 5639941     cutoff   41               -   18.11765      -  37.2 3500s
 93403576 5607855 infeasible   45               -   18.12500      -  37.2 3505s
 93501252 5579652   18.50000   39   48          -   18.13793      -  37.2 3510s
 93603694 5545478     cutoff   30               -   18.14286      -  37.2 3515s
 93702156 5515711   18.83260   32  108          -   18.15476      -  37.2 3520s
 93802929 5476155     cutoff   35               -   18.16667      -  37.2 3525s
 93909101 5442193   18.66667   47   61          -   18.16667      -  37.2 3530s
 94005394 5410206     cutoff   50               -   18.18033      -  37.2 3535s
 94105854 5376886 infeasible   40               -   18.19298      -  37.3 3540s
 94216050 5329251 infeasible   44               -   18.20000      -  37.3 3545s
 94321403 5292871     cutoff   42               -   18.20000      -  37.3 3550s
 94417794 5258844   18.98246   37   80          -   18.21348      -  37.3 3555s
 94514561 5223518   18.50000   38   32          -   18.22222      -  37.3 3560s
 94611437 5187086   18.50000   40   21          -   18.23684      -  37.3 3565s
 94708905 5138287     cutoff   49               -   18.25000      -  37.3 3570s
 94826248 5084971     cutoff   43               -   18.25000      -  37.3 3575s
 94934231 5040397 infeasible   37               -   18.25000      -  37.3 3580s
 95040948 5000537 infeasible   43               -   18.25000      -  37.3 3585s
 95131088 4965788     cutoff   46               -   18.26316      -  37.4 3590s
 95193471 4942072   19.00000   28   17          -   18.27273      -  37.4 3595s
 95195165 4941403   19.00000   45    7          -   18.27273      -  37.4 3600s
 95195774 4941171   18.50000   51   23          -   18.27273      -  37.4 3606s
 95196808 4940096   18.58333   39   41          -   18.27273      -  37.4 3611s
 95209347 4931592   18.50000   40   71          -   18.27273      -  37.4 3616s
 95255113 4910285     cutoff   40               -   18.27778      -  37.4 3621s
 95310446 4885968     cutoff   43               -   18.28571      -  37.4 3625s
 95385231 4855914   18.62500   35   57          -   18.29508      -  37.4 3630s
 95480191 4813216     cutoff   42               -   18.30769      -  37.4 3635s
 95564440 4775307 infeasible   46               -   18.32692      -  37.4 3640s
 95681559 4699705 infeasible   37               -   18.33333      -  37.4 3645s
 95799032 4636174 infeasible   34               -   18.33333      -  37.4 3650s
 95916687 4576444 infeasible   37               -   18.33333      -  37.4 3655s
 96031942 4520619     cutoff   45               -   18.33333      -  37.4 3660s
 96136309 4473399     cutoff   41               -   18.33333      -  37.4 3665s
 96241896 4428182 infeasible   37               -   18.33597      -  37.4 3670s
 96331129 4384451   18.50000   40   33          -   18.35714      -  37.5 3675s
 96421065 4334970     cutoff   40               -   18.37500      -  37.5 3680s
 96518681 4287843 infeasible   27               -   18.38516      -  37.5 3685s
 96614041 4228169     cutoff   41               -   18.40000      -  37.5 3690s
 96722313 4170485   18.66667   37   67          -   18.40000      -  37.5 3695s
 96817068 4121656     cutoff   36               -   18.41818      -  37.5 3700s
 96914744 4064732     cutoff   44               -   18.42857      -  37.5 3705s
 97005714 4011038     cutoff   33               -   18.44615      -  37.5 3710s
 97094784 3957310     cutoff   34               -   18.46667      -  37.6 3715s
 97192767 3887776   19.00000   37   41          -   18.50000      -  37.6 3720s
 97310569 3804269   18.50000   46   19          -   18.50000      -  37.6 3725s
 97438865 3715087     cutoff   42               -   18.50000      -  37.6 3730s
 97567265 3627635   19.00000   54    7          -   18.50000      -  37.6 3735s
 97694739 3543193     cutoff   39               -   18.50000      -  37.6 3740s
 97822067 3460206     cutoff   41               -   18.50000      -  37.6 3745s
 97935779 3387650     cutoff   44               -   18.50000      -  37.6 3750s
 98061176 3309461 infeasible   39               -   18.50000      -  37.6 3755s
 98173715 3240028     cutoff   46               -   18.50000      -  37.6 3760s
 98284799 3173497   19.00000   47   15          -   18.50000      -  37.6 3765s
 98394858 3109345 infeasible   41               -   18.50000      -  37.6 3770s
 98504818 3046578   19.00000   36   18          -   18.50000      -  37.6 3775s
 98599059 2993248 infeasible   42               -   18.51282      -  37.6 3780s
 98691701 2928196     cutoff   30               -   18.54545      -  37.6 3785s
 98780613 2854528     cutoff   44               -   18.57143      -  37.6 3790s
 98877593 2775682     cutoff   39               -   18.60000      -  37.6 3795s
 98987129 2697601     cutoff   37               -   18.61538      -  37.6 3800s
 99085449 2618453     cutoff   35               -   18.65517      -  37.6 3805s
 99234586 2474309 infeasible   43               -   18.66667      -  37.6 3810s
 99363625 2365906     cutoff   36               -   18.66667      -  37.6 3815s
 99462676 2292284 infeasible   43               -   18.70000      -  37.6 3820s
 99583781 2171841 infeasible   37               -   18.75000      -  37.6 3825s
 99710010 2077247     cutoff   43               -   18.76064      -  37.6 3830s
 99831016 1967961 infeasible   38               -   18.82143      -  37.6 3835s
 99965050 1844784 infeasible   44               -   18.90909      -  37.6 3840s
 100167204 1627227 infeasible   42               -   19.00000      -  37.6 3845s
 100427612 1378881     cutoff   41               -   19.00000      -  37.5 3850s
 100717170 1098468     cutoff   38               -   19.00000      -  37.4 3855s
 100939726 885892     cutoff   42               -   19.00000      -  37.4 3860s
 101162610 679258 infeasible   42               -   19.00000      -  37.3 3865s
 101353796 503320 infeasible   42               -   19.00000      -  37.3 3870s
 101540744 335536     cutoff   44               -   19.00000      -  37.3 3875s

Cutting planes:
  Gomory: 29
  Lift-and-project: 1
  Implied bound: 253
  MIR: 273
  Zero half: 404
  Relax-and-lift: 7

Explored 101636323 nodes (3785596610 simplex iterations) in 3877.68 seconds (5147.61 work units)
Thread count was 64 (of 64 available processors)

Solution count 0

Model objective exceeds cutoff
Best objective -, best bound 1.950000000205e+01, gap -
