
Gurobi 13.0.3 (linux64) logging started Wed Sep  9 20:46:49 2026

Set parameter LogFile to value "D3_4_dZ_4.log"
Set parameter Threads to value 64
Set parameter NodefileStart to value 60
Set parameter NodefileDir to value "."
Set parameter Cutoff to value 19.5
Set parameter MIPGap to value 0
Set parameter MIPFocus to value 3
Set parameter Symmetry to value 2
Gurobi Optimizer version 13.0.3 build v13.0.3rc0 (linux64 - "Ubuntu 24.04.4 LTS")

CPU model: AMD Ryzen Threadripper PRO 9975WX 32-Cores, instruction set [SSE2|AVX|AVX2|AVX512]
Thread count: 32 physical cores, 64 logical processors, using up to 64 threads

Non-default parameters:
Cutoff  19.5
MIPGap  0
MIPFocus  3
NodefileStart  60
Symmetry  2
Threads  64

Optimize a model with 121 rows, 361 columns and 871 nonzeros (Min)
Model fingerprint: 0x0d760ae2
Model has 240 linear objective coefficients
Variable types: 0 continuous, 361 integer (240 binary)
Coefficient statistics:
  Matrix range     [1e+00, 2e+00]
  Objective range  [1e+00, 1e+00]
  Bounds range     [1e+00, 2e+01]
  RHS range        [1e+00, 1e+00]

Presolve time: 0.00s
Presolved: 121 rows, 361 columns, 871 nonzeros
Variable types: 0 continuous, 361 integer (240 binary)
Root relaxation presolve removed 121 rows and 361 columns
Root relaxation presolve: All rows and columns removed

Root relaxation: objective 1.000000e+00, 0 iterations, 0.00 seconds (0.00 work units)

    Nodes    |    Current Node    |     Objective Bounds      |     Work
 Expl Unexpl |  Obj  Depth IntInf | Incumbent    BestBd   Gap | It/Node Time

     0     0    1.00000    0    3          -    1.00000      -     -    0s
     0     0    3.97221    0   59          -    3.97221      -     -    0s
     0     0    3.97221    0   45          -    3.97221      -     -    0s
     0     0    5.00000    0   28          -    5.00000      -     -    0s
     0     0    5.00000    0   12          -    5.00000      -     -    0s
     0     0    5.00000    0   10          -    5.00000      -     -    0s
     0     0    5.00000    0    8          -    5.00000      -     -    0s
     0     0    5.00000    0   10          -    5.00000      -     -    0s
     0     0    5.00000    0    8          -    5.00000      -     -    0s
     0     0    5.00000    0    8          -    5.00000      -     -    0s
     0     2    5.00000    0    8          -    5.00000      -     -    0s
 15381 11712   11.56591   26  134          -   10.87879      -  79.3    5s
 131015 97020   13.66134   26  123          -   11.73404      -  40.6   10s
 299143 195724   12.50542   25  159          -   12.21918      -  35.9   15s
 460919 289733   13.00000   24   32          -   12.50000      -  34.7   20s
 624352 383237   13.32993   35  102          -   12.75000      -  34.1   25s
 778239 466889   13.68756   29  120          -   12.94118      -  33.9   30s
 938283 552416   13.75753   33  114          -   13.06525      -  33.9   35s
 1094630 634676   16.27907   28   73          -   13.20789      -  33.7   40s
 1264499 719769   13.35849   29   68          -   13.33333      -  33.5   45s
 1423025 799252   16.20000   38   35          -   13.42857      -  33.4   50s
 1586208 880360   15.46875   30   92          -   13.50000      -  33.4   55s
 1737872 954101   15.61011   49   80          -   13.59259      -  33.4   60s
 1899507 1031317   15.25000   24   58          -   13.66667      -  33.4   65s
 2061315 1109402   15.50000   41   26          -   13.75000      -  33.4   70s
 2225668 1185752   14.42415   29  124          -   13.81812      -  33.4   75s
 2385558 1258988   14.13298   29  130          -   13.88608      -  33.4   80s
 2546730 1331573   15.17722   27   84          -   13.96238      -  33.4   85s
 2699975 1395458   15.31969   31  119          -   14.00000      -  33.5   90s
 2863403 1466504   14.00000   27   16          -   14.00000      -  33.5   95s
 3020938 1537290   15.11078   29   86          -   14.03825      -  33.5  100s
 3187510 1612614   15.00000   31   33          -   14.11111      -  33.5  105s
 3347660 1681056   15.84404   27   82          -   14.16667      -  33.5  110s
 3510117 1749807   15.71698   32   99          -   14.20787      -  33.4  115s
 3672162 1817005   16.00000   41   14          -   14.25000      -  33.4  120s
 3835278 1887375   16.00833   41   59          -   14.30000      -  33.4  125s
 3989903 1950443   16.00000   27    8          -   14.33333      -  33.5  130s
 4141373 2012536   15.00000   36   23          -   14.36667      -  33.5  135s
 4299099 2074684   17.00000   34   29          -   14.40000      -  33.4  140s
 4452843 2137678   15.92176   25  125          -   14.44191      -  33.5  145s
 4482205 2169423   16.83333   38   67          -   14.44890      -  33.5  157s
 4559696 2174931   14.90345   35  104          -   14.47059      -  33.5  160s
 4560595 2175824   15.00000   27   27          -   14.47619      -  33.5  165s
 4561173 2176454   15.22222   36   43          -   14.48000      -  33.5  170s
 4567037 2180772   14.75159   35  114          -   14.48276      -  33.5  176s
 4590784 2188005   14.91593   27   98          -   14.48566      -  33.5  180s
 4638368 2206606   14.57143   30   39          -   14.50000      -  33.5  185s
 4679433 2218638   15.57143   29   89          -   14.50000      -  33.5  191s
 4725102 2235727   15.00000   36   11          -   14.50000      -  33.5  195s
 4865058 2284244   14.50000   32   24          -   14.50000      -  33.5  200s
 5008329 2339061   15.27273   36   47          -   14.52480      -  33.5  205s
 5151570 2394855   16.31579   26   71          -   14.56250      -  33.5  210s
 5305550 2454735   17.28571   37   77          -   14.59762      -  33.5  215s
 5458729 2510546   15.19512   29   99          -   14.62162      -  33.5  220s
 5613293 2569819   17.26667   32   78          -   14.65517      -  33.5  225s
 5766828 2625003   15.08333   40   42          -   14.66667      -  33.5  230s
 5924788 2681976   15.87692   29   78          -   14.69076      -  33.5  235s
 6077559 2738513   17.33333   36   47          -   14.71762      -  33.5  240s
 6225180 2792595   15.85965   28   93          -   14.75000      -  33.6  245s
 6382295 2848357   15.66942   32  115          -   14.76471      -  33.6  250s
 6532503 2902284   16.13861   43   76          -   14.79583      -  33.6  255s
 6693659 2959521   15.38462   32  105          -   14.81818      -  33.6  260s
 6842542 3011167   16.17647   28   75          -   14.83917      -  33.6  265s
 6991782 3062227   15.77778   31   57          -   14.86486      -  33.6  270s
 7133771 3115606   15.93656   32  103          -   14.88889      -  33.6  275s
 7289564 3169046   17.00000   34   36          -   14.91667      -  33.6  280s
 7437193 3221386   16.25000   25   55          -   14.94737      -  33.6  285s
 7584150 3270962   16.00000   42   19          -   14.98165      -  33.7  290s
 7722904 3310727   16.00000   37   12          -   15.00000      -  33.7  295s
 7879633 3350690   16.83333   31   47          -   15.00000      -  33.7  300s
 8036507 3392135   17.00000   45   37          -   15.00000      -  33.7  305s
 8188254 3440976   16.50000   37   23          -   15.00000      -  33.7  310s
 8338772 3491047   15.82171   41   51          -   15.00000      -  33.7  315s
 8499895 3544134   15.00000   33   13          -   15.00000      -  33.7  320s
 8654234 3594092   15.00000   32   30          -   15.00000      -  33.7  325s
 8809872 3646655   15.66667   26   64          -   15.00000      -  33.7  330s
 8971465 3699464   16.00000   30   10          -   15.00000      -  33.7  335s
 9119485 3749797   16.71429   34   43          -   15.02400      -  33.7  340s
 9267361 3801719   15.91304   31   86          -   15.05882      -  33.7  345s
 9422992 3853882   15.83333   31   52          -   15.08696      -  33.7  350s
 9576397 3904853     cutoff   42               -   15.11111      -  33.7  355s
 9729620 3954374   17.60000   41   59          -   15.13333      -  33.7  360s
 9885493 4004727   16.21739   31   80          -   15.15385      -  33.7  365s
 10049454 4055633   16.89240   39  104          -   15.16949      -  33.7  370s
 10203027 4105134   16.03333   33   56          -   15.19481      -  33.7  375s
 10357990 4153021   15.41860   33   75          -   15.20460      -  33.7  380s
 10518098 4202471   16.46023   36   72          -   15.22732      -  33.7  385s
 10681281 4252667   15.85714   31   44          -   15.25000      -  33.7  390s
 10844895 4299359   18.46296   38   74          -   15.25000      -  33.7  395s
 11003071 4348908   15.46154   41   74          -   15.27273      -  33.7  400s
 11161937 4395227   15.50000   31   28          -   15.28801      -  33.7  405s
 11322385 4445193   16.11381   34   83          -   15.31034      -  33.7  410s
 11476084 4489968   16.00000   39   12          -   15.33333      -  33.7  415s
 11637547 4534199   15.75862   27   88          -   15.33333      -  33.7  420s
 11802118 4580084   16.00000   37   12          -   15.33333      -  33.7  425s
 11953614 4624839   16.14506   36   66          -   15.34783      -  33.7  430s
 12111085 4671533   15.51667   35   80          -   15.36842      -  33.7  435s
 12271689 4718868   15.89655   34  107          -   15.38462      -  33.7  440s
 12424035 4762968   16.63380   42   77          -   15.40000      -  33.7  445s
 12575736 4805456   15.98718   39   70          -   15.41026      -  33.7  450s
 12728279 4849525   16.00000   30   16          -   15.42857      -  33.7  455s
 12889089 4894666   15.89189   35   69          -   15.44444      -  33.7  460s
 13044315 4938565   17.00000   31   23          -   15.46154      -  33.7  465s
 13190546 4979297   15.50000   40   32          -   15.47826      -  33.7  470s
 13343748 5016624     cutoff   52               -   15.50000      -  33.7  475s
 13504269 5053103   18.24000   40  116          -   15.50000      -  33.7  480s
 13665829 5093024   17.66667   39   33          -   15.50000      -  33.7  485s
 13826403 5134895   16.57971   36   69          -   15.50000      -  33.7  490s
 13996907 5178581   16.37500   38   33          -   15.50000      -  33.7  495s
 14158766 5219494   16.33333   29   71          -   15.50000      -  33.7  500s
 14326733 5262306   16.25000   36   38          -   15.50000      -  33.7  505s
 14476777 5302932   16.00000   41   31          -   15.50801      -  33.7  510s
 14627579 5345213   16.27921   44  120          -   15.53030      -  33.7  515s
 14782912 5387942   16.28571   43   52          -   15.54717      -  33.7  520s
 14928769 5427092   18.00000   35   62          -   15.56250      -  33.7  525s
 15078615 5466078   15.76471   26   82          -   15.57143      -  33.7  530s
 15237616 5507762   16.76471   40   66          -   15.59084      -  33.7  535s
 15390553 5546526   16.07143   27   69          -   15.60000      -  33.7  540s
 15546783 5585225   16.00000   30   49          -   15.60870      -  33.7  545s
 15700965 5625753   16.00000   38    8          -   15.62500      -  33.7  550s
 15852127 5664389   17.16667   33   49          -   15.63636      -  33.7  555s
 15998960 5702633   16.91667   29   98          -   15.65278      -  33.7  560s
 16152463 5739243   17.88889   30   81          -   15.66667      -  33.8  565s
 16314981 5777589   17.08696   37   62          -   15.66667      -  33.8  570s
 16471466 5814123   16.00000   29   10          -   15.66667      -  33.7  575s
 16631334 5851420   17.43077   39   71          -   15.66667      -  33.7  580s
 16778492 5888510   17.00000   28   23          -   15.68333      -  33.7  585s
 16927678 5925449   16.75000   46   60          -   15.70000      -  33.8  590s
 17081474 5963981   16.00000   31   16          -   15.71429      -  33.8  595s
 17234008 6000425   16.00000   31   10          -   15.72222      -  33.8  600s
 17385495 6037744   16.80000   39   90          -   15.73684      -  33.8  605s
 17532927 6072991   18.00000   36   56          -   15.75000      -  33.8  610s
 17701350 6110337   16.36364   37   73          -   15.75000      -  33.8  615s
 17862332 6146275   17.64286   44   58          -   15.75000      -  33.8  620s
 18009918 6181807   16.00000   44    8          -   15.76904      -  33.8  625s
 18161660 6218866   16.97619   39   75          -   15.77941      -  33.8  630s
 18312642 6255699     cutoff   40               -   15.79661      -  33.8  635s
 18476154 6291829   18.00000   38   12          -   15.80000      -  33.8  640s
 18620838 6325729   17.04545   33   89          -   15.80952      -  33.8  645s
 18770517 6361286   16.00000   32   45          -   15.82353      -  33.9  650s
 18923277 6395454   17.73684   35   61          -   15.83333      -  33.9  655s
 19067864 6428587   16.00000   35   82          -   15.83929      -  33.9  660s
 19222539 6464598   17.23333   32   78          -   15.85714      -  33.9  665s
 19376618 6498485   16.35714   43   53          -   15.86341      -  33.9  670s
 19528097 6532888   16.61538   33   48          -   15.87500      -  33.9  675s
 19677265 6565827   16.67188   39   74          -   15.88712      -  33.9  680s
 19824177 6599562   16.38801   29  112          -   15.89865      -  33.9  685s
 19973963 6632195   16.00000   37   33          -   15.90909      -  33.9  690s
 20115097 6664944   16.33333   33   41          -   15.92105      -  33.9  695s
 20266372 6698100   16.62500   28   81          -   15.93382      -  34.0  700s
 20412353 6730297   16.77778   41   58          -   15.94828      -  34.0  705s
 20557212 6761086   17.78750   39   73          -   15.96368      -  34.0  710s
 20709319 6794923   17.35484   39   76          -   15.98387      -  34.0  715s
 20851220 6819109   18.33333   45   84          -   16.00000      -  34.0  720s
 20993388 6836550   17.50000   33   20          -   16.00000      -  34.1  725s
 21140054 6853598     cutoff   39               -   16.00000      -  34.1  730s
 21284356 6870905   17.00000   46   11          -   16.00000      -  34.1  735s
 21436856 6888811     cutoff   47               -   16.00000      -  34.1  740s
 21588075 6906877   18.00000   39   12          -   16.00000      -  34.1  745s
 21748001 6926653   16.50000   33   43          -   16.00000      -  34.1  750s
 21901769 6944786   17.00000   36    7          -   16.00000      -  34.1  755s
 22055530 6967808   17.00000   35    9          -   16.00000      -  34.1  760s
 22213510 6994855   17.00000   34   31          -   16.00000      -  34.1  765s
 22365777 7024539   16.00000   37   34          -   16.00000      -  34.1  770s
 22519551 7054679   17.00000   37   17          -   16.00000      -  34.1  775s
 22679749 7085998   18.00000   39   12          -   16.00000      -  34.1  780s
 22833087 7115654   16.50000   37   31          -   16.00000      -  34.1  785s
 22988506 7146906 infeasible   38               -   16.00000      -  34.1  790s
 23142848 7177908   17.33333   33   49          -   16.00000      -  34.1  795s
 23306022 7211062   16.50000   37   37          -   16.00000      -  34.1  800s
 23468606 7244364   18.00000   42   10          -   16.00000      -  34.1  805s
 23623096 7274977   16.50000   43   16          -   16.00000      -  34.1  810s
 23777808 7306046   17.00000   35    5          -   16.00000      -  34.1  815s
 23941007 7338592   18.00000   35   12          -   16.00000      -  34.1  820s
 24103047 7370816   16.93548   39   77          -   16.00000      -  34.1  825s
 24251730 7400607   17.33333   33   36          -   16.00000      -  34.1  830s
 24414271 7433190   17.00000   39   25          -   16.00000      -  34.1  835s
 24569604 7463955 infeasible   47               -   16.00000      -  34.1  840s
 24728948 7496437   18.00000   30   14          -   16.00000      -  34.1  845s
 24881840 7526860   18.00000   35    8          -   16.00000      -  34.1  850s
 25034204 7556437   16.38889   34   55          -   16.00000      -  34.1  855s
 25182057 7587599   16.85714   41   33          -   16.01224      -  34.1  860s
 25324175 7618424   16.60490   41   78          -   16.03432      -  34.1  865s
 25475675 7650403   16.16667   38   58          -   16.05109      -  34.1  870s
 25629514 7682846   18.00000   37   12          -   16.06667      -  34.1  875s
 25779495 7713281   17.46154   32   54          -   16.07884      -  34.1  880s
 25931434 7745012   17.87500   32   54          -   16.09091      -  34.1  885s
 26089084 7776733   16.33333   38   19          -   16.10000      -  34.1  890s
 26233153 7806233   16.50000   40   50          -   16.11111      -  34.1  895s
 26382553 7837441   16.50000   34   82          -   16.12500      -  34.1  900s
 26532135 7867106   17.57143   42   56          -   16.13158      -  34.1  905s
 26682572 7897055   17.00000   37   13          -   16.14286      -  34.1  910s
 26838560 7927707   17.43590   47   68          -   16.15000      -  34.1  915s
 26987847 7957720   17.85567   32   92          -   16.16239      -  34.1  920s
 27146547 7986133   16.33333   32   37          -   16.16667      -  34.1  925s
 27303437 8016097   17.01752   34  109          -   16.17361      -  34.1  930s
 27450113 8043587   16.46512   37   82          -   16.18333      -  34.1  935s
 27598818 8072679   16.33113   46   74          -   16.19718      -  34.1  940s
 27759506 8100540   16.50000   39   25          -   16.20000      -  34.1  945s
 27914931 8128035   16.50000   45   29          -   16.20000      -  34.1  950s
 28053759 8155200   16.50000   42   24          -   16.21333      -  34.1  955s
 28208158 8183331   17.07692   37   44          -   16.22222      -  34.1  960s
 28365721 8211673   17.00000   41    9          -   16.23077      -  34.1  965s
 28511318 8239182   16.93750   40   96          -   16.24473      -  34.1  970s
 28664515 8263251   17.54762   36   62          -   16.25000      -  34.1  975s
 28825846 8288461   18.51786   45   87          -   16.25000      -  34.1  980s
 28985783 8314230   16.25000   38   56          -   16.25000      -  34.1  985s
 29145717 8339712   16.80000   39   52          -   16.25000      -  34.1  990s
 29295275 8366598   16.61404   34   87          -   16.26389      -  34.1  995s
 29438821 8392125   17.00000   34   11          -   16.27273      -  34.1 1000s
 29580043 8417735   16.50000   35   26          -   16.28564      -  34.1 1005s
 29740619 8443429   17.00000   30   17          -   16.28571      -  34.1 1010s
 29887457 8470374   17.05618   31   91          -   16.29950      -  34.2 1015s
 30036108 8495924   18.20000   42   34          -   16.30645      -  34.2 1020s
 30185387 8521691   17.00000   32   23          -   16.31579      -  34.2 1025s
 30331961 8548001   17.24880   32  108          -   16.33123      -  34.2 1030s
 30485374 8567793   17.50000   33   20          -   16.33333      -  34.2 1035s
 30644034 8590057   16.47945   41   82          -   16.33333      -  34.2 1040s
 30802717 8612014   17.50000   34   28          -   16.33333      -  34.2 1045s
 30964299 8634724   18.18182   43   61          -   16.33333      -  34.2 1050s
 31122034 8656355   17.77647   44   64          -   16.33333      -  34.2 1055s
 31282095 8678536   17.66667   32   43          -   16.33333      -  34.2 1060s
 31441090 8701369     cutoff   37               -   16.33333      -  34.2 1065s
 31581364 8725496   17.19231   35   72          -   16.34646      -  34.2 1070s
 31726913 8748726   16.87195   29   83          -   16.35714      -  34.2 1075s
 31870345 8771108   16.50962   39  100          -   16.36364      -  34.2 1080s
 32018953 8795383   17.45946   34   91          -   16.37500      -  34.2 1085s
 32166674 8817954     cutoff   40               -   16.37838      -  34.2 1090s
 32309775 8840926   17.00000   34    9          -   16.38889      -  34.2 1095s
 32461345 8865042   17.67500   44   78          -   16.40000      -  34.2 1100s
 32612432 8884621   16.47917   34   74          -   16.40000      -  34.2 1105s
 32769551 8905880   17.09677   43   68          -   16.40000      -  34.2 1110s
 32916591 8928272   18.71045   36  111          -   16.40909      -  34.2 1115s
 33066004 8950685   18.00000   38   12          -   16.41667      -  34.2 1120s
 33209197 8973946   18.00000   42   30          -   16.42857      -  34.2 1125s
 33366052 8994013   17.00000   36   22          -   16.42857      -  34.2 1130s
 33512074 9016634   17.00000   41   36          -   16.43813      -  34.2 1135s
 33663601 9038736   18.00000   32   10          -   16.44444      -  34.3 1140s
 33803604 9059348   16.76036   34  115          -   16.45455      -  34.3 1145s
 33952721 9081069   18.44444   36   44          -   16.46154      -  34.3 1150s
 34092565 9101757   17.20982   47   76          -   16.47059      -  34.3 1155s
 34233723 9122446   17.91667   37   79          -   16.48077      -  34.3 1160s
 34372289 9143415   17.50000   33   80          -   16.49496      -  34.3 1165s
 34513845 9150601   18.20000   33   43          -   16.50000      -  34.3 1170s
 34659049 9161632   17.62500   33   69          -   16.50000      -  34.3 1175s
 34817041 9177494   18.60000   32   47          -   16.50000      -  34.3 1180s
 34969553 9194704   16.78571   35   77          -   16.50000      -  34.3 1185s
 35126423 9212622   17.64286   41   49          -   16.50000      -  34.3 1190s
 35286027 9230545   16.96748   44   75          -   16.50000      -  34.3 1195s
 35444689 9248784     cutoff   39               -   16.50000      -  34.3 1200s
 35587881 9264038   18.33333   38   55          -   16.50000      -  34.3 1205s
 35746619 9282430   16.66667   32   22          -   16.50000      -  34.3 1210s
 35908570 9301391   17.00000   33    7          -   16.50000      -  34.3 1215s
 36066151 9319667   17.34615   33   69          -   16.50000      -  34.3 1220s
 36227265 9338100   18.00000   36    4          -   16.50000      -  34.3 1225s
 36393199 9356842   17.00000   38   11          -   16.50000      -  34.3 1230s
 36552603 9375395   17.72414   34   85          -   16.50000      -  34.3 1235s
 36712901 9393470   17.00000   49   11          -   16.50000      -  34.3 1240s
 36873622 9411402   17.00000   37   11          -   16.50000      -  34.3 1245s
 37024104 9428615   16.75000   38   53          -   16.50000      -  34.3 1250s
 37181000 9447722   17.00000   35   24          -   16.50000      -  34.3 1255s
 37333682 9466030   16.50000   41   23          -   16.50000      -  34.3 1260s
 37471687 9484616   16.91525   29   77          -   16.51190      -  34.3 1265s
 37615986 9505085   17.33333   40   39          -   16.52381      -  34.3 1270s
 37756243 9524495   18.00000   40   45          -   16.53333      -  34.3 1275s
 37896801 9544133   16.81159   36  101          -   16.54098      -  34.3 1280s
 38035902 9562856   17.51402   37   60          -   16.54839      -  34.3 1285s
 38184389 9581886   17.40000   34   58          -   16.55556      -  34.3 1290s
 38332038 9601564   16.68750   39   62          -   16.56250      -  34.3 1295s
 38471837 9619736   17.33333   39   59          -   16.57143      -  34.3 1300s
 38622421 9637802   17.33333   34   32          -   16.57143      -  34.3 1305s
 38756724 9656229   17.00000   41   59          -   16.58333      -  34.4 1310s
 38903437 9675236   17.03704   34   99          -   16.59004      -  34.4 1315s
 39039670 9692369   17.36735   31   74          -   16.60000      -  34.4 1320s
 39191320 9708598   16.75000   44   44          -   16.60000      -  34.4 1325s
 39340572 9724647   16.97917   35   75          -   16.60000      -  34.4 1330s
 39488726 9741106   17.25000   44   69          -   16.60194      -  34.4 1335s
 39627349 9758563   17.36021   35   90          -   16.61290      -  34.4 1340s
 39759838 9774833   18.00000   45   57          -   16.62069      -  34.4 1345s
 39904195 9791504   17.00000   32    7          -   16.62500      -  34.4 1350s
 40037715 9807237   16.93274   39   82          -   16.63158      -  34.4 1355s
 40179109 9823498   17.00000   33   73          -   16.63719      -  34.4 1360s
 40312683 9839621   16.85714   45   43          -   16.64557      -  34.4 1365s
 40446382 9855160   17.79365   39  100          -   16.65393      -  34.4 1370s
 40577967 9868536     cutoff   43               -   16.66667      -  34.4 1375s
 40715081 9879978   18.50000   43   22          -   16.66667      -  34.4 1380s
 40857109 9892214   17.44000   41   80          -   16.66667      -  34.4 1385s
 41013785 9906145     cutoff   35               -   16.66667      -  34.4 1390s
 41155756 9918434   17.75000   29   69          -   16.66667      -  34.4 1395s
 41307317 9931881   17.92308   31   80          -   16.66667      -  34.4 1400s
 41456148 9944667   17.55000   31   74          -   16.66667      -  34.4 1405s
 41600260 9957112   18.47845   31   94          -   16.66667      -  34.4 1410s
 41750638 9969875   18.00000   40   14          -   16.66667      -  34.4 1415s
 41899796 9983796 infeasible   42               -   16.66667      -  34.4 1420s
 42033293 9998066     cutoff   40               -   16.67526      -  34.4 1425s
 42171658 10014342   17.77610   32   92          -   16.68478      -  34.4 1430s
 42303943 10028824   17.00000   43   29          -   16.69231      -  34.4 1435s
 42445708 10043550   18.00000   32   46          -   16.70000      -  34.5 1440s
 42573605 10056720   17.40000   41   64          -   16.70588      -  34.5 1445s
 42706171 10070380     cutoff   40               -   16.71429      -  34.5 1450s
 42774479 10076468   17.42857   35   61          -   16.71429      -  34.5 1455s
 42775369 10077107   16.76119   32   83          -   16.71429      -  34.5 1460s
 42775812 10077432   17.00000   32   59          -   16.71429      -  34.5 1465s
 42776683 10077797   17.00000   38   13          -   16.71429      -  34.5 1470s
 42779051 10078211   17.00000   40   23          -   16.71429      -  34.5 1475s
 42792924 10079070   17.00000   30   50          -   16.71429      -  34.5 1481s
 42827087 10080953   17.33500   40   83          -   16.71429      -  34.5 1486s
 42847673 10082877   18.00000   30   14          -   16.71429      -  34.5 1490s
 42886688 10086097   16.88235   40   54          -   16.71429      -  34.5 1495s
 42927425 10090029   17.04545   32   44          -   16.71857      -  34.5 1500s
 43029539 10100227   17.50000   38   75          -   16.72581      -  34.5 1505s
 43162130 10112808   18.00000   42   10          -   16.73267      -  34.5 1510s
 43289970 10125089   17.07849   45   90          -   16.74026      -  34.5 1515s
 43419178 10136013   17.75000   39   67          -   16.75000      -  34.5 1520s
 43555931 10145042   19.00000   44   13          -   16.75000      -  34.5 1525s
 43693327 10154827   18.40000   44   27          -   16.75000      -  34.5 1530s
 43834197 10165591     cutoff   35               -   16.75000      -  34.5 1535s
 43977574 10176878   17.50000   37   42          -   16.75000      -  34.5 1540s
 44123733 10188165   17.69099   34   91          -   16.75000      -  34.5 1545s
 44268504 10200310   17.83333   39   46          -   16.75138      -  34.5 1550s
 44400072 10214000   17.77778   38   29          -   16.76281      -  34.5 1555s
 44529071 10226776   18.00000   37   12          -   16.76923      -  34.5 1560s
 44663856 10240085   17.62857   37   79          -   16.77778      -  34.5 1565s
 44797222 10252546   16.90323   39   83          -   16.78214      -  34.6 1570s
 44931727 10265251   17.00000   42   86          -   16.78947      -  34.6 1575s
 45052323 10276617   18.18182   37   72          -   16.80000      -  34.6 1580s
 45198516 10287263   17.37500   32   52          -   16.80000      -  34.6 1585s
 45343236 10298235   18.00000   28    6          -   16.80000      -  34.6 1590s
 45482130 10308332   16.83333   38   73          -   16.80000      -  34.6 1595s
 45617063 10320350   17.68549   43   91          -   16.80769      -  34.6 1600s
 45751138 10332932   17.82353   30   60          -   16.81579      -  34.6 1605s
 45885495 10344958   17.48602   35  114          -   16.82143      -  34.6 1610s
 46013784 10356936   17.00000   38   34          -   16.83084      -  34.6 1615s
 46153178 10366845   18.00000   49   45          -   16.83333      -  34.6 1620s
 46292285 10376174 infeasible   37               -   16.83333      -  34.6 1625s
 46436288 10386507   17.70000   38   39          -   16.83333      -  34.6 1630s
 46557719 10397908   17.00000   36    7          -   16.84375      -  34.6 1635s
 46689320 10409530   17.75000   48   36          -   16.85070      -  34.6 1640s
 46825285 10420661   17.75000   41   44          -   16.85714      -  34.7 1645s
 46962612 10429499   17.46154   32   57          -   16.85714      -  34.7 1650s
 47090208 10440290   18.00000   38  119          -   16.86667      -  34.7 1655s
 47215618 10450798   17.00000   34    9          -   16.87500      -  34.7 1660s
 47353769 10459374   17.20000   42   67          -   16.87500      -  34.7 1665s
 47478723 10469624   18.33333   38   55          -   16.88235      -  34.7 1670s
 47613812 10479752   17.27928   40   90          -   16.88889      -  34.7 1675s
 47741025 10488851   17.50000   39   18          -   16.89286      -  34.7 1680s
 47871768 10498510   18.00000   38   34          -   16.90000      -  34.7 1685s
 47999795 10507605   17.22727   32   64          -   16.90476      -  34.7 1690s
 48139321 10518154   17.50000   43   32          -   16.91071      -  34.7 1695s
 48268335 10527513   17.08451   37   74          -   16.91667      -  34.7 1700s
 48397275 10536977   17.25000   43   19          -   16.92308      -  34.8 1705s
 48524414 10546419   17.60000   29   57          -   16.93056      -  34.8 1710s
 48657782 10555224   17.18182   33   45          -   16.93750      -  34.8 1715s
 48779998 10563277   17.55556   48   64          -   16.94444      -  34.8 1720s
 48908682 10571939   17.50000   41   57          -   16.95302      -  34.8 1725s
 49036464 10581108   17.00000   45    9          -   16.96154      -  34.8 1730s
 49159139 10589243     cutoff   43               -   16.97183      -  34.8 1735s
 49284496 10598032   17.80000   39   49          -   16.98462      -  34.8 1740s
 49405062 10601638 infeasible   41               -   17.00000      -  34.9 1745s
 49528205 10593403 infeasible   41               -   17.00000      -  34.9 1750s
 49651542 10586182     cutoff   46               -   17.00000      -  34.9 1755s
 49782699 10578158   18.00000   42    6          -   17.00000      -  34.9 1760s
 49912311 10569315   18.00000   37    8          -   17.00000      -  34.9 1765s
 50036914 10561062 infeasible   37               -   17.00000      -  34.9 1770s
 50166105 10552855   18.00000   43    6          -   17.00000      -  34.9 1775s
 50291896 10544751   18.00000   39   12          -   17.00000      -  34.9 1780s
 50422669 10535937     cutoff   38               -   17.00000      -  34.9 1785s
 50539466 10527616 infeasible   38               -   17.00000      -  34.9 1790s
 50679085 10518223   19.00000   41    9          -   17.00000      -  34.9 1795s
 50810613 10509628   18.66667   38   53          -   17.00000      -  34.9 1800s
 50940795 10502566   18.00000   39   11          -   17.00000      -  35.0 1805s
 51072504 10495760   17.00000   43    7          -   17.00000      -  35.0 1810s
 51203965 10488268   18.00000   39   10          -   17.00000      -  35.0 1815s
 51337425 10479871     cutoff   43               -   17.00000      -  35.0 1820s
 51467530 10472357   18.00000   35   12          -   17.00000      -  35.0 1825s
 51601712 10465104   18.50000   38   20          -   17.00000      -  35.0 1830s
 51739544 10457496   18.00000   33    6          -   17.00000      -  35.0 1835s
 51871841 10451874     cutoff   39               -   17.00000      -  35.0 1840s
 52009504 10449354   17.00000   34    9          -   17.00000      -  35.0 1845s
 52142051 10448179   17.50000   43   32          -   17.00000      -  35.0 1850s
 52284949 10449113     cutoff   35               -   17.00000      -  35.0 1855s
 52416339 10453017   18.00000   38   16          -   17.00000      -  35.0 1860s
 52552367 10457422   18.00000   41    8          -   17.00000      -  35.0 1865s
 52693627 10462868     cutoff   37               -   17.00000      -  35.0 1870s
 52832570 10467704   18.00000   37    8          -   17.00000      -  35.0 1875s
 52970704 10472345   18.00000   34    8          -   17.00000      -  35.0 1880s
 53110240 10478061   18.00000   46   10          -   17.00000      -  35.0 1885s
 53253644 10483416   17.70000   35   49          -   17.00000      -  35.0 1890s
 53386081 10488370   18.00000   32    8          -   17.00000      -  35.0 1895s
 53524460 10494132   18.00000   49    8          -   17.00000      -  35.0 1900s
 53661363 10500127   19.00000   48   14          -   17.00000      -  35.0 1905s
 53800112 10506030   18.00000   39    8          -   17.00000      -  35.0 1910s
 53940174 10512679 infeasible   42               -   17.00000      -  35.0 1915s
 54082921 10519214   17.66667   37   61          -   17.00000      -  35.0 1920s
 54237483 10525984   18.66667   37   76          -   17.00000      -  35.0 1925s
 54376813 10531953   17.50000   39   69          -   17.00000      -  35.0 1930s
 54516403 10537525     cutoff   40               -   17.00000      -  35.0 1935s
 54655040 10543537   18.00000   37   12          -   17.00000      -  35.0 1940s
 54800196 10549390   17.32710   33   91          -   17.00000      -  35.0 1945s
 54947619 10555769   18.00000   38   12          -   17.00000      -  35.0 1950s
 55086493 10562293   18.00000   38    8          -   17.00000      -  35.0 1955s
 55231371 10568180     cutoff   37               -   17.00000      -  35.0 1960s
 55370677 10574336   17.25000   32   33          -   17.00000      -  35.0 1965s
 55518699 10581101 infeasible   50               -   17.00000      -  35.0 1970s
 55662573 10588042   18.00000   34   10          -   17.00000      -  35.0 1975s
 55807375 10594941   18.00000   39    6          -   17.00000      -  35.0 1980s
 55938433 10600811   18.00000   41   29          -   17.00000      -  35.0 1985s
 56086253 10607362   17.00000   33   11          -   17.00000      -  35.0 1990s
 56230377 10613554 infeasible   45               -   17.00000      -  35.0 1995s
 56370730 10619054   17.57143   39   53          -   17.00000      -  35.0 2000s
 56509276 10624932   18.00000   41    8          -   17.00000      -  35.0 2005s
 56647124 10631054   18.00000   47    6          -   17.00000      -  35.0 2010s
 56790276 10637493     cutoff   36               -   17.00000      -  35.0 2015s
 56936446 10644199   18.50000   48   42          -   17.00000      -  35.0 2020s
 57082136 10651591 infeasible   42               -   17.00000      -  35.0 2025s
 57220845 10658047     cutoff   45               -   17.00000      -  35.0 2030s
 57364229 10664814     cutoff   36               -   17.00000      -  34.9 2035s
 57497721 10671220   18.00000   38    8          -   17.00000      -  35.0 2040s
 57640443 10677526   18.00000   37    9          -   17.00000      -  35.0 2045s
 57780237 10684521 infeasible   40               -   17.00000      -  35.0 2050s
 57920718 10691535   18.00000   36   12          -   17.00000      -  35.0 2055s
 58056853 10697913   18.00000   34   12          -   17.00000      -  35.0 2060s
 58202267 10704633   18.33333   43   31          -   17.00000      -  35.0 2065s
 58339497 10711264   18.00000   37   16          -   17.00000      -  35.0 2070s
 58484850 10718253   18.20000   38   65          -   17.00000      -  35.0 2075s
 58624465 10725142   18.00000   38   12          -   17.00000      -  35.0 2080s
 58754446 10731966   18.00000   36   26          -   17.00926      -  35.0 2085s
 58874777 10738363   18.14286   36   68          -   17.02481      -  35.0 2090s
 59001080 10746573 infeasible   46               -   17.03704      -  35.0 2095s
 59131053 10754298   17.24023   30   89          -   17.04762      -  35.0 2100s
 59259235 10761695   18.01010   38   81          -   17.05556      -  35.0 2105s
 59386479 10769569   18.00000   41   30          -   17.06452      -  35.0 2110s
 59509703 10776335     cutoff   47               -   17.07143      -  35.0 2115s
 59639121 10784009   18.06579   33   76          -   17.07956      -  35.0 2120s
 59769853 10790682   17.32779   41  117          -   17.08642      -  35.0 2125s
 59904976 10798190   18.02778   35  103          -   17.09302      -  35.0 2130s
 60032893 10804032   17.33333   28   74          -   17.10000      -  35.0 2135s
 60164170 10810746     cutoff   36               -   17.10565      -  35.0 2140s
 60295972 10816373 infeasible   43               -   17.11111      -  35.1 2145s
 60433185 10823432   18.40000   35   60          -   17.11765      -  35.1 2150s
 60560572 10828309   17.25000   38   59          -   17.12500      -  35.1 2155s
 60695987 10833354 infeasible   38               -   17.12500      -  35.1 2160s
 60828286 10839409   17.64500   40   83          -   17.13415      -  35.1 2165s
 60947863 10844033   18.50000   37   22          -   17.14286      -  35.1 2170s
 61089795 10848983     cutoff   40               -   17.14286      -  35.1 2175s
 61221704 10854495   18.33333   37   41          -   17.14866      -  35.1 2180s
 61348171 10859298   18.75000   36   78          -   17.15425      -  35.1 2185s
 61477604 10864800   17.44118   43   54          -   17.16446      -  35.1 2190s
 61608400 10866079   17.25000   39   41          -   17.16667      -  35.1 2195s
 61751723 10868917   17.76119   32   93          -   17.16667      -  35.1 2200s
 61887042 10872028   17.50000   44   35          -   17.16667      -  35.1 2205s
 62003187 10876742   18.00000   43    8          -   17.17647      -  35.1 2210s
 62130829 10880982   17.71795   40   58          -   17.18182      -  35.1 2215s
 62261210 10885704   18.60428   42   72          -   17.18919      -  35.1 2220s
 62379554 10889088   17.28571   33   69          -   17.19890      -  35.1 2225s
 62516748 10891464   18.40237   28   97          -   17.20000      -  35.1 2230s
 62652737 10891909   17.91667   34   53          -   17.20000      -  35.1 2235s
 62794952 10893225 infeasible   38               -   17.20000      -  35.1 2240s
 62932969 10895009   18.00000   38   33          -   17.20192      -  35.1 2245s
 63063104 10899272   17.42276   42   95          -   17.21154      -  35.1 2250s
 63188735 10902740   17.59598   30  118          -   17.21773      -  35.2 2255s
 63322945 10905399   18.50000   36   21          -   17.22222      -  35.2 2260s
 63454189 10908927     cutoff   41               -   17.22835      -  35.2 2265s
 63579869 10911536   17.83333   40   53          -   17.23529      -  35.2 2270s
 63698414 10913997   18.00000   35    8          -   17.24242      -  35.2 2275s
 63818303 10912388   18.41026   45  100          -   17.25000      -  35.2 2280s
 63953626 10911164   18.56250   45   77          -   17.25000      -  35.2 2285s
 64091480 10909767   18.23077   36   62          -   17.25000      -  35.2 2290s
 64234005 10907995   18.37931   39   78          -   17.25000      -  35.2 2295s
 64370308 10906899     cutoff   44               -   17.25000      -  35.2 2300s
 64500524 10906254   17.67568   33   45          -   17.25000      -  35.2 2305s
 64641690 10905312   19.00000   33   13          -   17.25000      -  35.2 2310s
 64777336 10905078 infeasible   45               -   17.25000      -  35.2 2315s
 64901885 10908024   17.42379   28   93          -   17.26126      -  35.2 2320s
 65024180 10910022   18.00000   35   10          -   17.26778      -  35.2 2325s
 65154804 10910949   17.40000   42   85          -   17.27273      -  35.2 2330s
 65279909 10912449   18.64205   30  103          -   17.28025      -  35.2 2335s
 65401623 10912533   18.00000   28   10          -   17.28571      -  35.2 2340s
 65531127 10911249   18.00000   34   12          -   17.28571      -  35.2 2345s
 65655507 10911641   17.73077   41   97          -   17.29167      -  35.2 2350s
 65773609 10912493     cutoff   44               -   17.30000      -  35.3 2355s
 65907780 10911776   18.25000   38   46          -   17.30128      -  35.3 2360s
 66030326 10912400   18.33333   48   42          -   17.30769      -  35.3 2365s
 66152113 10913209     cutoff   35               -   17.31481      -  35.3 2370s
 66278440 10913747   17.84848   36   81          -   17.32308      -  35.3 2375s
 66391528 10908493   18.00000   43   10          -   17.33333      -  35.3 2380s
 66523090 10903845     cutoff   44               -   17.33333      -  35.3 2385s
 66652984 10900605     cutoff   41               -   17.33333      -  35.3 2390s
 66785514 10895765   19.00000   43    9          -   17.33333      -  35.3 2395s
 66922422 10890107   18.00000   37   48          -   17.33333      -  35.3 2400s
 67058688 10884590     cutoff   46               -   17.33333      -  35.3 2405s
 67197001 10880345   18.00000   46   12          -   17.33333      -  35.3 2410s
 67320655 10876396   17.45455   37   46          -   17.33333      -  35.3 2415s
 67456108 10871431   18.00000   46    8          -   17.33333      -  35.3 2420s
 67585644 10866199   17.50000   46   51          -   17.33333      -  35.3 2425s
 67716604 10860504     cutoff   37               -   17.33333      -  35.3 2430s
 67853386 10855593 infeasible   49               -   17.33333      -  35.3 2435s
 67984142 10850730   18.00000   41   10          -   17.33333      -  35.3 2440s
 68121026 10847269     cutoff   37               -   17.33333      -  35.3 2445s
 68237988 10846422   17.66667   38   67          -   17.34332      -  35.3 2450s
 68362402 10845862 infeasible   36               -   17.35135      -  35.3 2455s
 68481213 10844319   18.29412   40   48          -   17.35714      -  35.3 2460s
 68602254 10843138   18.16667   33   62          -   17.36364      -  35.4 2465s
 68727031 10841928   18.20944   40   99          -   17.36864      -  35.4 2470s
 68850101 10838739   17.50000   39   18          -   17.37500      -  35.4 2475s
 68986248 10834768 infeasible   48               -   17.37500      -  35.4 2480s
 69101958 10833594   17.50000   41   47          -   17.38235      -  35.4 2485s
 69219785 10831496 infeasible   32               -   17.38889      -  35.4 2490s
 69336860 10830245 infeasible   41               -   17.39583      -  35.4 2495s
 69465015 10826267   17.86842   30   62          -   17.40000      -  35.4 2500s
 69593914 10819342 infeasible   40               -   17.40000      -  35.4 2505s
 69730647 10813258 infeasible   37               -   17.40000      -  35.4 2510s
 69860606 10806929   17.75000   36   38          -   17.40000      -  35.4 2515s
 69988199 10802994   17.78498   29  124          -   17.40297      -  35.4 2520s
 70111756 10800592   17.82393   28   96          -   17.41176      -  35.4 2525s
 70233694 10797066 infeasible   39               -   17.41667      -  35.4 2530s
 70353065 10794434     cutoff   36               -   17.42424      -  35.5 2535s
 70476932 10789640   18.00000   41    8          -   17.42857      -  35.5 2540s
 70606724 10783101 infeasible   41               -   17.42857      -  35.5 2545s
 70723300 10779511   17.66667   27   74          -   17.43370      -  35.5 2550s
 70845277 10775989     cutoff   34               -   17.44096      -  35.5 2555s
 70976719 10770743   18.00000   38   10          -   17.44444      -  35.5 2560s
 71097058 10766583   18.39286   35   75          -   17.45000      -  35.5 2565s
 71219808 10761406   18.00000   42   10          -   17.45455      -  35.5 2570s
 71334926 10757243   18.00000   33    8          -   17.46154      -  35.5 2575s
 71449358 10753148   18.11111   30   78          -   17.46667      -  35.5 2580s
 71570859 10749012   17.69799   39   77          -   17.47368      -  35.5 2585s
 71683048 10744919   17.86364   34  102          -   17.48175      -  35.6 2590s
 71794967 10741166   18.62500   34   73          -   17.49228      -  35.6 2595s
 71912969 10722148 infeasible   35               -   17.50000      -  35.6 2600s
 72036662 10701036   17.66667   32   36          -   17.50000      -  35.6 2605s
 72166830 10682304 infeasible   46               -   17.50000      -  35.6 2610s
 72295062 10668700   18.50000   50   16          -   17.50000      -  35.6 2615s
 72432558 10657072 infeasible   50               -   17.50000      -  35.6 2620s
 72562196 10646921   18.00000   37   10          -   17.50000      -  35.6 2625s
 72684716 10637553   18.00000   40   10          -   17.50000      -  35.6 2630s
 72823623 10621306   18.00000   45   16          -   17.50000      -  35.6 2635s
 72959039 10610479   18.62500   35   62          -   17.50000      -  35.6 2640s
 73088811 10599830   18.00000   42   24          -   17.50000      -  35.6 2645s
 73227834 10589356   18.00000   43   17          -   17.50000      -  35.6 2650s
 73366060 10578728   18.54545   37   48          -   17.50000      -  35.6 2655s
 73501984 10567860   18.00000   41   10          -   17.50000      -  35.6 2660s
 73631361 10556875   17.76000   40   58          -   17.50000      -  35.6 2665s
 73763019 10545688   18.50000   36   52          -   17.50000      -  35.6 2670s
 73892132 10534977     cutoff   36               -   17.50000      -  35.6 2675s
 74022241 10525046     cutoff   39               -   17.50000      -  35.6 2680s
 74161712 10514015   18.00000   43   28          -   17.50000      -  35.6 2685s
 74296322 10503058 infeasible   39               -   17.50000      -  35.6 2690s
 74427778 10492537   18.00000   39   10          -   17.50000      -  35.6 2695s
 74564941 10482245   18.25000   45   40          -   17.50000      -  35.6 2700s
 74700771 10472805   18.34483   43   67          -   17.50000      -  35.6 2705s
 74831775 10463640   18.00000   39   35          -   17.50000      -  35.6 2710s
 74960560 10453965   18.00000   45    5          -   17.50000      -  35.6 2715s
 75098438 10443380   18.00000   29   20          -   17.50000      -  35.6 2720s
 75236357 10432811   18.37500   37   80          -   17.50000      -  35.6 2725s
 75365927 10423050     cutoff   36               -   17.50000      -  35.6 2730s
 75502168 10412440   18.56863   34   82          -   17.50000      -  35.6 2735s
 75627143 10403260     cutoff   43               -   17.50000      -  35.6 2740s
 75765361 10393483   17.76471   44   35          -   17.50000      -  35.6 2745s
 75892167 10384677     cutoff   41               -   17.50000      -  35.6 2750s
 76015235 10376337   18.00000   42    8          -   17.50000      -  35.6 2755s
 76138710 10367888   18.00000   35   10          -   17.50000      -  35.6 2760s
 76249523 10362553   17.58163   31   99          -   17.51351      -  35.6 2765s
 76365035 10356516   18.36634   29   89          -   17.52257      -  35.6 2770s
 76480595 10349528 infeasible   38               -   17.52941      -  35.7 2775s
 76592650 10343138 infeasible   39               -   17.53704      -  35.7 2780s
 76708181 10336217   18.00000   37    8          -   17.54309      -  35.7 2785s
 76830201 10327867 infeasible   33               -   17.54827      -  35.7 2790s
 76944707 10320699   17.66667   38   40          -   17.55556      -  35.7 2795s
 77065475 10311797   17.79620   40   81          -   17.55652      -  35.7 2800s
 77172417 10305128   17.73864   40  102          -   17.56452      -  35.7 2805s
 77290682 10296463   18.25000   42   37          -   17.57143      -  35.7 2810s
 77406774 10286706   18.75000   48   44          -   17.57143      -  35.7 2815s
 77524638 10278047   18.00000   32   43          -   17.57576      -  35.7 2820s
 77642138 10269724   17.66667   37   42          -   17.58333      -  35.7 2825s
 77756544 10261615   18.00000   36    8          -   17.58824      -  35.8 2830s
 77868297 10253401   18.00000   35   39          -   17.59941      -  35.8 2835s
 77994874 10242157   18.00000   48    8          -   17.60000      -  35.8 2840s
 78123472 10229329   18.20000   35   34          -   17.60000      -  35.8 2845s
 78253627 10216243   18.00000   36    8          -   17.60000      -  35.8 2850s
 78381603 10203520 infeasible   47               -   17.60000      -  35.8 2855s
 78493262 10194986     cutoff   42               -   17.60606      -  35.8 2860s
 78607285 10186385   17.90625   39   90          -   17.61489      -  35.8 2865s
 78723294 10177063   17.80000   46   35          -   17.62069      -  35.8 2870s
 78841024 10166227   18.28571   46   51          -   17.62500      -  35.8 2875s
 78967351 10154409   18.30890   36   99          -   17.62595      -  35.8 2880s
 79073089 10145816   18.12848   39   98          -   17.63580      -  35.8 2885s
 79189303 10135420   18.00000   33   41          -   17.64000      -  35.9 2890s
 79303468 10125289     cutoff   38               -   17.64706      -  35.9 2895s
 79404417 10116594   17.71429   37   38          -   17.65333      -  35.9 2900s
 79519082 10103884   18.50000   41   15          -   17.66667      -  35.9 2905s
 79637454 10086417   18.00000   38    8          -   17.66667      -  35.9 2910s
 79767340 10069688   18.00000   41   21          -   17.66667      -  35.9 2915s
 79895696 10052664   18.00000   36   38          -   17.66667      -  35.9 2920s
 80017987 10036523   18.69388   45   94          -   17.66667      -  35.9 2925s
 80146767 10019426     cutoff   41               -   17.66667      -  35.9 2930s
 80275302 10002489   18.04444   43   80          -   17.66667      -  35.9 2935s
 80405652 9985701   18.00000   43   12          -   17.66667      -  35.9 2940s
 80534102 9969080   18.16667   35   44          -   17.66667      -  35.9 2945s
 80663392 9951894   18.66667   38   27          -   17.66667      -  35.9 2950s
 80792567 9935280   17.71429   42   56          -   17.66667      -  35.9 2955s
 80928138 9917888     cutoff   36               -   17.66667      -  35.9 2960s
 81050478 9902435   18.00000   43    8          -   17.66667      -  35.9 2965s
 81179474 9886333   18.50000   34   57          -   17.66667      -  35.9 2970s
 81289820 9875610   18.01948   43   96          -   17.67742      -  35.9 2975s
 81391847 9865788     cutoff   32               -   17.68462      -  36.0 2980s
 81506860 9853746     cutoff   39               -   17.69231      -  36.0 2985s
 81614467 9842235   17.84450   37   81          -   17.70000      -  36.0 2990s
 81729664 9829123     cutoff   38               -   17.70124      -  36.0 2995s
 81841536 9817353 infeasible   29               -   17.71053      -  36.0 3000s
 81959642 9803037   17.84211   41   59          -   17.71429      -  36.0 3005s
 82075052 9788096   18.00000   35   12          -   17.71429      -  36.0 3010s
 82180074 9776349 infeasible   38               -   17.72222      -  36.0 3015s
 82295976 9762195 infeasible   45               -   17.72727      -  36.0 3020s
 82408310 9749171     cutoff   40               -   17.73465      -  36.0 3025s
 82514834 9737393   17.90306   34   94          -   17.74400      -  36.1 3030s
 82626351 9718678   17.87500   47   68          -   17.75000      -  36.1 3035s
 82747871 9699825   18.00000   34   27          -   17.75000      -  36.1 3040s
 82877051 9680148     cutoff   32               -   17.75000      -  36.1 3045s
 82999503 9661543   18.00000   41    8          -   17.75000      -  36.1 3050s
 83121172 9643258   18.00000   48   10          -   17.75000      -  36.1 3055s
 83248935 9624600   18.02703   40   90          -   17.75000      -  36.1 3060s
 83377751 9605310     cutoff   34               -   17.75000      -  36.1 3065s
 83497732 9588536 infeasible   37               -   17.75000      -  36.1 3070s
 83602215 9576071 infeasible   33               -   17.76056      -  36.1 3075s
 83695107 9564003   18.00000   37    7          -   17.76812      -  36.1 3080s
 83803601 9550009   18.34898   38   91          -   17.77500      -  36.1 3085s
 83921906 9533039 infeasible   38               -   17.77778      -  36.1 3090s
 84026785 9518694   18.02500   42   68          -   17.78571      -  36.1 3095s
 84139898 9503511   18.00000   30   12          -   17.79310      -  36.2 3100s
 84251005 9486887 infeasible   43               -   17.80000      -  36.2 3105s
 84372158 9466789 infeasible   38               -   17.80000      -  36.2 3110s
 84493003 9446435   18.00000   43   10          -   17.80000      -  36.2 3115s
 84614133 9426040 infeasible   44               -   17.80000      -  36.2 3120s
 84724234 9409230     cutoff   41               -   17.80645      -  36.2 3125s
 84825558 9394709 infeasible   38               -   17.81395      -  36.2 3130s
 84939180 9377898 infeasible   35               -   17.81995      -  36.2 3135s
 85038954 9363119     cutoff   41               -   17.82912      -  36.2 3140s
 85153267 9343785   18.00000   33   28          -   17.83333      -  36.2 3145s
 85271904 9323081 infeasible   40               -   17.83333      -  36.2 3150s
 85388480 9302321     cutoff   35               -   17.83333      -  36.3 3155s
 85494716 9285826   18.48905   46  105          -   17.84000      -  36.3 3160s
 85598163 9269051     cutoff   39               -   17.84689      -  36.3 3165s
 85702118 9252192 infeasible   40               -   17.85714      -  36.3 3170s
 85821081 9230283   18.00000   42    6          -   17.85714      -  36.3 3175s
 85926910 9211916   18.16667   42   67          -   17.86207      -  36.3 3180s
 86029295 9194468 infeasible   30               -   17.87088      -  36.3 3185s
 86136435 9173836   18.23810   35   61          -   17.87500      -  36.3 3190s
 86246047 9154726 infeasible   35               -   17.87755      -  36.3 3195s
 86354377 9135629   18.35000   46   51          -   17.88889      -  36.3 3200s
 86465249 9115005 infeasible   47               -   17.88976      -  36.4 3205s
 86568733 9095911     cutoff   35               -   17.90000      -  36.4 3210s
 86669921 9076470 infeasible   42               -   17.90400      -  36.4 3215s
 86781249 9055692     cutoff   37               -   17.91057      -  36.4 3220s
 86891567 9034738   18.00000   46    8          -   17.91667      -  36.4 3225s
 86990927 9015490 infeasible   47               -   17.92593      -  36.4 3230s
 87095966 8994119     cutoff   35               -   17.93333      -  36.4 3235s
 87191600 8975110 infeasible   38               -   17.94118      -  36.4 3240s
 87287598 8955200 infeasible   34               -   17.95041      -  36.5 3245s
 87388111 8934311     cutoff   40               -   17.96154      -  36.5 3250s
 87482229 8914293     cutoff   39               -   17.97368      -  36.5 3255s
 87569925 8896075   18.39623   36   92          -   17.99231      -  36.5 3260s
 87682513 8848585   19.00000   40    5          -   18.00000      -  36.5 3265s
 87802376 8795974     cutoff   36               -   18.00000      -  36.5 3270s
 87919014 8744173   19.00000   41    5          -   18.00000      -  36.5 3275s
 88030164 8694786   19.00000   38    7          -   18.00000      -  36.5 3280s
 88146762 8647406 infeasible   37               -   18.00000      -  36.5 3285s
 88259229 8598514     cutoff   44               -   18.00000      -  36.5 3290s
 88386008 8543730   18.66667   37   31          -   18.00000      -  36.5 3295s
 88505267 8491563   19.00000   35    5          -   18.00000      -  36.5 3300s
 88623544 8441196     cutoff   37               -   18.00000      -  36.5 3305s
 88743905 8389277 infeasible   42               -   18.00000      -  36.5 3310s
 88862320 8338131 infeasible   37               -   18.00000      -  36.5 3315s
 88981757 8287690     cutoff   44               -   18.00000      -  36.5 3320s
 89103928 8238316     cutoff   49               -   18.00000      -  36.5 3325s
 89229895 8187483 infeasible   47               -   18.00000      -  36.5 3330s
 89356350 8133916 infeasible   47               -   18.00000      -  36.5 3335s
 89469771 8087910 infeasible   37               -   18.00000      -  36.5 3340s
 89588996 8039841 infeasible   43               -   18.00000      -  36.5 3345s
 89709359 7992642     cutoff   38               -   18.00000      -  36.5 3350s
 89827081 7947930     cutoff   42               -   18.00000      -  36.5 3355s
 89950308 7898842     cutoff   42               -   18.00000      -  36.5 3360s
 90077171 7846933 infeasible   44               -   18.00000      -  36.5 3365s
 90196909 7798897     cutoff   38               -   18.00000      -  36.5 3370s
 90317409 7754498 infeasible   39               -   18.00000      -  36.5 3375s
 90444195 7708862 infeasible   34               -   18.00000      -  36.5 3380s
 90565138 7667953 infeasible   46               -   18.00000      -  36.5 3385s
 90684935 7630375   19.00000   37    7          -   18.00000      -  36.5 3390s
 90811785 7594853   18.00000   42    6          -   18.00000      -  36.5 3395s
 90931101 7563249   18.00000   36   14          -   18.00000      -  36.5 3400s
 91045625 7533831   18.66667   50   29          -   18.00000      -  36.5 3405s
 91170089 7503039 infeasible   47               -   18.00000      -  36.5 3410s
 91289227 7475927     cutoff   39               -   18.00000      -  36.5 3415s
 91409570 7449044     cutoff   42               -   18.00000      -  36.5 3420s
 91526597 7421844     cutoff   41               -   18.00000      -  36.5 3425s
 91653058 7392811 infeasible   37               -   18.00000      -  36.5 3430s
 91763444 7368342   19.00000   33    7          -   18.00000      -  36.5 3435s
 91881870 7341335     cutoff   42               -   18.00000      -  36.5 3440s
 92003485 7314245 infeasible   39               -   18.00000      -  36.6 3445s
 92123166 7287419     cutoff   40               -   18.00000      -  36.6 3450s
 92249668 7258987 infeasible   34               -   18.00000      -  36.6 3455s
 92372668 7232077     cutoff   34               -   18.00000      -  36.6 3460s
 92497733 7205029     cutoff   47               -   18.00000      -  36.6 3465s
 92625429 7176638     cutoff   42               -   18.00000      -  36.6 3470s
 92746375 7150231 infeasible   40               -   18.00000      -  36.6 3475s
 92873481 7122702   19.00000   37    7          -   18.00000      -  36.6 3480s
 93002687 7094721   19.00000   44    7          -   18.00000      -  36.6 3485s
 93136781 7066128 infeasible   34               -   18.00000      -  36.6 3490s
 93257162 7038775 infeasible   44               -   18.00000      -  36.6 3495s
 93384131 7010188     cutoff   40               -   18.00000      -  36.6 3500s
 93503626 6982957   18.00000   34    6          -   18.00000      -  36.6 3505s
 93610184 6958774   19.00000   40    9          -   18.00000      -  36.6 3510s
 93722316 6933754     cutoff   36               -   18.00000      -  36.6 3515s
 93821079 6911114     cutoff   45               -   18.00000      -  36.6 3520s
 93922221 6888693     cutoff   41               -   18.00000      -  36.6 3525s
 94019810 6866335 infeasible   38               -   18.00000      -  36.6 3530s
 94125184 6842558   19.00000   36    9          -   18.00000      -  36.6 3535s
 94224356 6820623   18.00000   53    8          -   18.00000      -  36.6 3540s
 94339570 6796576 infeasible   56               -   18.00000      -  36.6 3545s
 94435550 6775723   19.00000   33    7          -   18.00000      -  36.6 3550s
 94534976 6753830   18.47368   42   55          -   18.00000      -  36.6 3555s
 94640729 6730267     cutoff   41               -   18.00000      -  36.6 3560s
 94745134 6707101     cutoff   45               -   18.00000      -  36.6 3565s
 94852248 6683459 infeasible   52               -   18.00000      -  36.6 3570s
 94952056 6661481   19.00000   42    9          -   18.00000      -  36.6 3575s
 95062929 6637396     cutoff   39               -   18.00000      -  36.6 3580s
 95161775 6615439     cutoff   40               -   18.00000      -  36.6 3585s
 95261769 6593309   18.00000   43    8          -   18.00000      -  36.6 3590s
 95365843 6570236   18.00000   39    6          -   18.00000      -  36.6 3595s
 95464308 6549125     cutoff   40               -   18.00000      -  36.6 3600s
 95563405 6527441     cutoff   40               -   18.00000      -  36.6 3605s
 95661779 6505674   18.83333   37   49          -   18.00000      -  36.6 3610s
 95759184 6484127   18.50000   31   50          -   18.00000      -  36.6 3615s
 95857081 6462418 infeasible   48               -   18.00000      -  36.6 3620s
 95950358 6441825 infeasible   42               -   18.00000      -  36.6 3625s
 96054111 6418843     cutoff   40               -   18.00000      -  36.6 3630s
 96151614 6397382 infeasible   48               -   18.00000      -  36.6 3635s
 96243907 6377235 infeasible   50               -   18.00000      -  36.6 3640s
 96336690 6356596     cutoff   42               -   18.00000      -  36.6 3645s
 96425792 6335753     cutoff   42               -   18.00990      -  36.6 3650s
 96500526 6316306     cutoff   41               -   18.02840      -  36.6 3655s
 96581264 6296049     cutoff   43               -   18.04167      -  36.6 3660s
 96661533 6276249     cutoff   42               -   18.05333      -  36.7 3665s
 96743090 6255455 infeasible   37               -   18.06293      -  36.7 3670s
 96829618 6232867   18.37500   41   57          -   18.07317      -  36.7 3675s
 96910614 6210095   18.15385   37   54          -   18.08333      -  36.7 3680s
 96998571 6186747     cutoff   39               -   18.09091      -  36.7 3685s
 97078106 6164999     cutoff   40               -   18.10000      -  36.7 3690s
 97163655 6142094     cutoff   41               -   18.10714      -  36.7 3695s
 97246999 6117641     cutoff   43               -   18.11111      -  36.7 3700s
 97323355 6094516 infeasible   40               -   18.12411      -  36.7 3705s
 97413982 6067298 infeasible   39               -   18.12500      -  36.7 3710s
 97497377 6042967   18.37000   42   79          -   18.13605      -  36.7 3715s
 97580910 6016362     cutoff   51               -   18.14286      -  36.8 3720s
 97659558 5992314   18.31250   44   66          -   18.14493      -  36.8 3725s
 97745616 5966123   18.25000   40   32          -   18.15625      -  36.8 3730s
 97820609 5938924   18.33333   40   33          -   18.16667      -  36.8 3735s
 97916300 5906897   18.50000   36   37          -   18.16667      -  36.8 3740s
 98002753 5878120 infeasible   35               -   18.16667      -  36.8 3745s
 98079723 5854103     cutoff   38               -   18.17949      -  36.8 3750s
 98160948 5826510   18.86667   34   57          -   18.18750      -  36.8 3755s
 98231699 5799830     cutoff   46               -   18.20000      -  36.8 3760s
 98328432 5764837     cutoff   37               -   18.20000      -  36.8 3765s
 98415468 5732538     cutoff   39               -   18.20000      -  36.8 3770s
 98499546 5703241 infeasible   39               -   18.20325      -  36.8 3775s
 98580052 5674510     cutoff   40               -   18.21429      -  36.9 3780s
 98661628 5643589     cutoff   43               -   18.22222      -  36.9 3785s
 98739890 5615126     cutoff   45               -   18.23218      -  36.9 3790s
 98811714 5588122 infeasible   33               -   18.24590      -  36.9 3795s
 98891502 5550959 infeasible   39               -   18.25000      -  36.9 3800s
 98993102 5508159   18.40000   47   47          -   18.25000      -  36.9 3805s
 99080803 5470018 infeasible   37               -   18.25000      -  36.9 3810s
 99172337 5433914     cutoff   36               -   18.25000      -  36.9 3815s
 99262918 5395293   18.50000   44   37          -   18.25000      -  36.9 3820s
 99338671 5365557 infeasible   41               -   18.25926      -  36.9 3825s
 99411529 5335563 infeasible   44               -   18.27268      -  36.9 3830s
 99492030 5303452 infeasible   39               -   18.28190      -  36.9 3835s
 99576432 5266812   18.57143   40   76          -   18.28571      -  37.0 3840s
 99653119 5233750   18.46000   49   76          -   18.29508      -  37.0 3845s
 99727237 5200775     cutoff   32               -   18.30288      -  37.0 3850s
 99806212 5165618     cutoff   36               -   18.31579      -  37.0 3855s
 99878197 5126344     cutoff   34               -   18.33333      -  37.0 3860s
 99970859 5081113     cutoff   41               -   18.33333      -  37.0 3865s
 100064566 5035021 infeasible   42               -   18.33333      -  37.0 3870s
 100161286 4986715   18.66667   38   40          -   18.33333      -  37.0 3875s
 100257323 4939166   18.41667   38   69          -   18.33333      -  37.0 3880s
 100345932 4895015 infeasible   46               -   18.33333      -  37.0 3885s
 100440251 4847326 infeasible   48               -   18.33333      -  37.0 3890s
 100527388 4803772 infeasible   43               -   18.33333      -  37.0 3895s
 100613500 4761567   18.50000   40   27          -   18.33333      -  37.0 3900s
 100688895 4725608     cutoff   43               -   18.35135      -  37.0 3905s
 100717799 4714932 infeasible   44               -   18.35714      -  37.0 3910s
 100719484 4713944 infeasible   36               -   18.35714      -  37.0 3916s
 100720399 4713357 infeasible   33               -   18.35714      -  37.0 3921s
 100721836 4712181   18.66667   42   41          -   18.35714      -  37.0 3925s
 100726096 4707724     cutoff   35               -   18.35714      -  37.0 3931s
 100744126 4694481 infeasible   47               -   18.35714      -  37.0 3935s
 100810895 4663664 infeasible   47               -   18.37255      -  37.1 3940s
 100902857 4617655 infeasible   43               -   18.37951      -  37.1 3945s
 100973052 4581396 infeasible   35               -   18.39437      -  37.1 3950s
 101057711 4532042 infeasible   55               -   18.40000      -  37.1 3955s
 101144786 4483526     cutoff   45               -   18.40000      -  37.1 3960s
 101223841 4443123     cutoff   41               -   18.41038      -  37.1 3965s
 101298813 4402017     cutoff   45               -   18.42553      -  37.1 3970s
 101384058 4352886 infeasible   32               -   18.42857      -  37.1 3975s
 101453760 4310181 infeasible   48               -   18.44444      -  37.1 3980s
 101535031 4264992   19.00000   40   16          -   18.45614      -  37.1 3985s
 101604554 4222629   18.85714   34   55          -   18.47273      -  37.1 3990s
 101678558 4170176     cutoff   38               -   18.50000      -  37.2 3995s
 101793007 4091943     cutoff   43               -   18.50000      -  37.2 4000s
 101890015 4028363 infeasible   39               -   18.50000      -  37.2 4005s
 101975937 3975857   18.53659   40   78          -   18.50000      -  37.2 4010s
 102074774 3914736   19.00000   41   11          -   18.50000      -  37.2 4015s
 102173561 3853147     cutoff   42               -   18.50000      -  37.2 4020s
 102272953 3792029     cutoff   54               -   18.50000      -  37.2 4025s
 102382880 3724485 infeasible   38               -   18.50000      -  37.2 4030s
 102480329 3664049     cutoff   47               -   18.50000      -  37.2 4035s
 102576930 3603104     cutoff   35               -   18.50000      -  37.2 4040s
 102672694 3542736   18.57143   45   72          -   18.50000      -  37.2 4045s
 102769098 3482811     cutoff   43               -   18.50000      -  37.2 4050s
 102864658 3425200     cutoff   39               -   18.50000      -  37.2 4055s
 102959498 3367215 infeasible   33               -   18.50000      -  37.2 4060s
 103054064 3308423 infeasible   42               -   18.50000      -  37.2 4065s
 103159300 3243806 infeasible   45               -   18.50000      -  37.2 4070s
 103240288 3195950   18.60000   33   67          -   18.50000      -  37.2 4075s
 103318582 3151333     cutoff   41               -   18.51220      -  37.2 4080s
 103395207 3097673 infeasible   44               -   18.53846      -  37.2 4085s
 103469281 3043548     cutoff   44               -   18.55556      -  37.2 4090s
 103478430 3039888   18.87500   38   53          -   18.56171      -  37.2 4095s
 103480728 3037988     cutoff   43               -   18.56250      -  37.2 4100s
 103482079 3036450 infeasible   46               -   18.56250      -  37.2 4105s
 103498997 3012236   18.66667   31   71          -   18.56250      -  37.2 4111s
 103540887 2986385 infeasible   38               -   18.57143      -  37.2 4116s
 103597950 2945617     cutoff   34               -   18.59091      -  37.2 4120s
 103683149 2862757     cutoff   35               -   18.60000      -  37.2 4125s
 103769231 2791918     cutoff   46               -   18.62500      -  37.2 4130s
 103845772 2747453 infeasible   34               -   18.64706      -  37.2 4135s
 103932267 2655569 infeasible   46               -   18.66667      -  37.2 4140s
 104055830 2547752 infeasible   43               -   18.66667      -  37.2 4145s
 104179740 2444082 infeasible   39               -   18.66667      -  37.2 4150s
 104269647 2383155     cutoff   40               -   18.70000      -  37.2 4155s
 104366713 2301825     cutoff   48               -   18.74468      -  37.2 4160s
 104477882 2181843 infeasible   44               -   18.75000      -  37.2 4165s
 104586736 2082495   18.87500   33   61          -   18.80000      -  37.2 4171s
 104706113 2000666 infeasible   39               -   18.83333      -  37.2 4175s
 104812355 1901588     cutoff   35               -   18.93333      -  37.2 4180s
 105030136 1666074 infeasible   37               -   19.00000      -  37.2 4185s
 105213468 1493675 infeasible   41               -   19.00000      -  37.1 4190s
 105438709 1275747 infeasible   43               -   19.00000      -  37.1 4195s
 105653219 1068916     cutoff   40               -   19.00000      -  37.0 4200s
 105872517 862829 infeasible   41               -   19.00000      -  37.0 4205s
 106018624 726086 infeasible   38               -   19.00000      -  36.9 4210s
 106185826 573605 infeasible   43               -   19.00000      -  36.9 4215s
 106349331 423452 infeasible   38               -   19.00000      -  36.9 4220s
 106511985 283735     cutoff   46               -   19.00000      -  36.9 4225s

Cutting planes:
  Gomory: 54
  Lift-and-project: 9
  Implied bound: 253
  MIR: 300
  Zero half: 433
  Relax-and-lift: 4

Explored 106540716 nodes (3926533046 simplex iterations) in 4225.59 seconds (5640.01 work units)
Thread count was 64 (of 64 available processors)

Solution count 0

Model objective exceeds cutoff
Best objective -, best bound 1.950000000205e+01, gap -
