
Gurobi 13.0.3 (linux64) logging started Wed Sep  9 19:49:54 2026

Set parameter LogFile to value "D3_4_dZ_3.log"
Set parameter Threads to value 64
Set parameter NodefileStart to value 60
Set parameter NodefileDir to value "."
Set parameter Cutoff to value 19.5
Set parameter MIPGap to value 0
Set parameter MIPFocus to value 3
Set parameter Symmetry to value 2
Gurobi Optimizer version 13.0.3 build v13.0.3rc0 (linux64 - "Ubuntu 24.04.4 LTS")

CPU model: AMD Ryzen Threadripper PRO 9975WX 32-Cores, instruction set [SSE2|AVX|AVX2|AVX512]
Thread count: 32 physical cores, 64 logical processors, using up to 64 threads

Non-default parameters:
Cutoff  19.5
MIPGap  0
MIPFocus  3
NodefileStart  60
Symmetry  2
Threads  64

Optimize a model with 121 rows, 361 columns and 871 nonzeros (Min)
Model fingerprint: 0x7d85abaf
Model has 240 linear objective coefficients
Variable types: 0 continuous, 361 integer (240 binary)
Coefficient statistics:
  Matrix range     [1e+00, 2e+00]
  Objective range  [1e+00, 1e+00]
  Bounds range     [1e+00, 2e+01]
  RHS range        [1e+00, 1e+00]

Presolve time: 0.00s
Presolved: 121 rows, 361 columns, 871 nonzeros
Variable types: 0 continuous, 361 integer (240 binary)
Root relaxation presolve removed 121 rows and 361 columns
Root relaxation presolve: All rows and columns removed

Root relaxation: objective 1.000000e+00, 0 iterations, 0.00 seconds (0.00 work units)

    Nodes    |    Current Node    |     Objective Bounds      |     Work
 Expl Unexpl |  Obj  Depth IntInf | Incumbent    BestBd   Gap | It/Node Time

     0     0    1.00000    0    3          -    1.00000      -     -    0s
     0     0    4.00000    0   12          -    4.00000      -     -    0s
     0     0    4.00000    0   12          -    4.00000      -     -    0s
     0     0    4.00000    0   12          -    4.00000      -     -    0s
     0     0    4.00000    0   41          -    4.00000      -     -    0s
     0     0    4.00000    0    8          -    4.00000      -     -    0s
     0     0    5.00000    0    8          -    5.00000      -     -    0s
     0     0    5.00000    0    8          -    5.00000      -     -    0s
     0     0    5.00000    0    8          -    5.00000      -     -    0s
     0     2    5.00000    0    8          -    5.00000      -     -    0s
 44644 34552   11.51563   31  105          -   11.05034      -  38.2    5s
 190208 131937   12.37202   22  102          -   11.93220      -  30.6   10s
 353738 228468   12.66024   24  129          -   12.34530      -  29.0   15s
 495901 309160   13.50000   32   31          -   12.60000      -  28.6   20s
 655595 398926   13.06630   30  118          -   12.83333      -  28.4   25s
 822564 487473   13.00000   38   15          -   13.00000      -  28.3   30s
 987130 572802 infeasible   25               -   13.14286      -  28.2   35s
 1103773 630345   13.25000   31   25          -   13.25000      -  28.1   40s
 1104802 631365   13.89189   32   73          -   13.28239      -  28.2   45s
 1105834 632533   13.66556   36  115          -   13.29851      -  28.3   50s
 1112775 639622   15.37546   32  127          -   13.30556      -  28.3   55s
 1191943 677162   15.03333   32   73          -   13.34722      -  28.2   60s
 1320167 739730   14.23529   29   69          -   13.44444      -  28.2   65s
 1490290 820722   15.04442   27  107          -   13.51537      -  28.1   70s
 1648325 895117   14.50045   27  104          -   13.61643      -  28.0   75s
 1802081 969362   15.21818   29   97          -   13.68889      -  28.0   80s
 1965057 1044161   15.69136   27   85          -   13.77000      -  28.0   85s
 2125837 1117517   14.27931   29   85          -   13.84586      -  28.0   90s
 2282763 1190216   15.36842   26   83          -   13.92276      -  28.0   95s
 2441869 1260236   14.42857   32   47          -   14.00000      -  28.1  100s
 2611180 1331891   15.22222   29   86          -   14.00000      -  28.0  105s
 2786076 1406196   14.10000   27   60          -   14.00000      -  28.0  110s
 2947048 1477063   14.12500   32   50          -   14.07692      -  28.0  115s
 3098306 1541996   14.25521   24  110          -   14.14286      -  28.0  120s
 3253240 1608821   16.00000   30   33          -   14.20000      -  28.0  125s
 3420367 1680760   14.93333   43   61          -   14.25000      -  28.0  130s
 3441253 1711199   15.71429   29   41          -   14.25000      -  28.0  135s
 3618897 1762219   14.82836   36   95          -   14.30194      -  28.0  140s
 3791338 1828423   16.71795   40   87          -   14.33333      -  27.9  145s
 3944701 1890237   14.82383   30   78          -   14.37500      -  27.9  150s
 4105632 1954041   14.91056   34  150          -   14.41867      -  27.9  155s
 4267193 2017950   16.00000   31    8          -   14.46429      -  27.9  160s
 4429995 2079877   15.50000   35   29          -   14.50000      -  27.9  165s
 4597203 2141277   14.82723   35   88          -   14.50000      -  27.9  170s
 4767196 2205291   15.20000   50   53          -   14.52245      -  27.9  175s
 4921224 2264918   16.75000   44   63          -   14.57025      -  27.9  180s
 5084872 2326701   15.29019   39  110          -   14.60000      -  27.9  185s
 5239698 2384950   16.68182   39   61          -   14.64000      -  27.9  190s
 5399551 2444425   17.74121   34   86          -   14.66667      -  27.9  195s
 5571418 2507477   15.10836   31  120          -   14.68966      -  27.9  200s
 5729300 2566209   15.33333   40   55          -   14.72727      -  27.9  205s
 5899474 2626586   15.00000   36   29          -   14.75000      -  27.9  210s
 6050177 2682191   15.06667   33   86          -   14.77943      -  28.0  215s
 6216697 2740439   15.32283   30   92          -   14.80952      -  28.0  220s
 6370441 2795054   16.34924   34  113          -   14.83460      -  28.0  225s
 6521634 2848944   15.46667   36   85          -   14.86885      -  28.0  230s
 6687804 2906878   15.90026   28  112          -   14.90000      -  28.0  235s
 6840187 2959077   16.66667   37   63          -   14.93333      -  28.0  240s
 6996894 3012562   15.60427   31  116          -   14.97266      -  28.1  245s
 7161533 3062262   15.25000   38   38          -   15.00000      -  28.1  250s
 7329668 3115262   16.50000   38   49          -   15.00000      -  28.1  255s
 7498281 3167536   16.00000   32    8          -   15.00000      -  28.1  260s
 7675429 3220915   17.16667   39   40          -   15.00000      -  28.1  265s
 7845555 3272681   16.00000   40    8          -   15.00000      -  28.0  270s
 8015843 3323864   15.66000   31   78          -   15.00000      -  28.0  275s
 8177932 3372282   17.00000   40   15          -   15.00000      -  28.0  280s
 8348042 3424949   15.30000   29   79          -   15.00000      -  28.0  285s
 8517455 3480026   15.54545   32  104          -   15.00000      -  28.0  290s
 8680477 3534449   16.00881   31   76          -   15.05102      -  28.0  295s
 8843793 3589616   15.36137   29  116          -   15.08929      -  28.0  300s
 9003645 3641041   16.41667   30   68          -   15.11796      -  28.0  305s
 9167412 3693197   15.53333   32   80          -   15.14286      -  28.0  310s
 9331216 3744023     cutoff   42               -   15.16667      -  28.0  315s
 9487867 3795771   17.20000   43   50          -   15.19231      -  28.0  320s
 9647815 3844630   16.37530   30   90          -   15.20796      -  28.0  325s
 9804471 3893710   16.40000   42   39          -   15.23529      -  28.0  330s
 9973409 3943206   16.00000   29   22          -   15.25000      -  28.0  335s
 10136614 3991363   16.72414   31   86          -   15.26190      -  28.0  340s
 10299068 4039633   17.15891   34  143          -   15.28571      -  28.0  345s
 10455622 4086672   15.60000   42   54          -   15.30769      -  28.0  350s
 10616753 4133768   16.00000   38   32          -   15.33333      -  28.0  355s
 10797220 4183900   15.76800   37   75          -   15.33333      -  28.0  360s
 10963161 4229636   15.74000   42   66          -   15.33333      -  27.9  365s
 11121426 4275027   17.66667   32   46          -   15.36199      -  28.0  370s
 11287109 4322766   16.56044   41   91          -   15.38235      -  28.0  375s
 11446185 4368175   17.55556   29   57          -   15.40000      -  28.0  380s
 11609205 4415989   16.00000   31   70          -   15.41667      -  28.0  385s
 11770416 4460912   17.50000   46   52          -   15.43333      -  28.0  390s
 11929657 4503859   16.00000   33   68          -   15.45455      -  28.0  395s
 12090407 4548918   15.47867   27   96          -   15.47867      -  28.0  400s
 12252484 4593315   17.05660   35   88          -   15.50000      -  28.0  405s
 12425891 4637414   15.92308   36   63          -   15.50000      -  28.0  410s
 12605499 4681126   18.00000   41   48          -   15.50000      -  28.0  415s
 12785101 4725982   15.66667   31   28          -   15.50000      -  28.0  420s
 12967596 4772403   16.00000   48   10          -   15.50000      -  28.0  425s
 13147675 4816668   17.30551   30  127          -   15.50000      -  27.9  430s
 13317365 4861058   16.84699   38  102          -   15.50352      -  27.9  435s
 13470216 4902123   16.11628   51   67          -   15.53226      -  28.0  440s
 13630138 4945122   17.00000   32   52          -   15.55534      -  28.0  445s
 13788175 4987574   17.00000   38    9          -   15.57143      -  28.0  450s
 13953815 5030856   16.40000   34   54          -   15.58857      -  28.0  455s
 14115272 5072309   17.40000   38   35          -   15.60000      -  28.0  460s
 14275322 5115104   16.66667   34   16          -   15.61538      -  28.0  465s
 14433096 5155089   17.44188   41  121          -   15.62963      -  28.0  470s
 14594892 5196816   16.25000   33   31          -   15.65000      -  28.0  475s
 14752826 5235117   16.76923   42   49          -   15.66667      -  28.0  480s
 14923984 5275264   18.00000   38  101          -   15.66667      -  28.0  485s
 15096650 5313554   16.66667   41   33          -   15.66667      -  28.0  490s
 15268901 5354271   16.99015   28   94          -   15.66824      -  28.0  495s
 15416114 5391599   16.47619   33   68          -   15.69231      -  28.0  500s
 15563311 5427057   15.84000   37   77          -   15.70769      -  28.0  505s
 15728558 5465670   17.94444   39   65          -   15.72059      -  28.0  510s
 15891232 5506968   16.91667   28   67          -   15.74026      -  28.0  515s
 16054717 5545152   16.00000   39   23          -   15.75000      -  28.0  520s
 16219383 5581635   17.00000   35    9          -   15.75000      -  28.0  525s
 16376028 5618333   18.00000   34   18          -   15.76136      -  28.0  530s
 16527746 5654016   15.93103   34   63          -   15.77778      -  28.1  535s
 16686644 5692062   16.20588   34   89          -   15.79687      -  28.1  540s
 16853352 5729423   16.50000   36   53          -   15.80000      -  28.1  545s
 17014209 5766392   17.33333   28   43          -   15.81421      -  28.1  550s
 17167754 5802453   16.66667   36   53          -   15.83333      -  28.1  555s
 17340205 5839502   16.71429   33   64          -   15.83333      -  28.1  560s
 17493956 5874615   16.00000   29   42          -   15.85455      -  28.1  565s
 17657159 5910727   17.04321   29  104          -   15.86531      -  28.1  570s
 17820190 5946927   17.00000   39   42          -   15.87500      -  28.1  575s
 17973480 5981573   17.77679   35   91          -   15.88998      -  28.1  580s
 18118185 6013861   16.57692   33   67          -   15.90476      -  28.1  585s
 18276054 6048853   16.66667   37   80          -   15.92000      -  28.2  590s
 18429349 6081572   16.96667   40   75          -   15.93464      -  28.2  595s
 18582122 6116012   16.35354   36   88          -   15.95307      -  28.2  600s
 18734806 6148819   18.33333   37   35          -   15.97436      -  28.2  605s
 18881883 6176434   17.00000   40    5          -   16.00000      -  28.2  610s
 19045479 6207307   16.25000   41   27          -   16.00000      -  28.2  615s
 19210300 6237578   17.00000   43   13          -   16.00000      -  28.2  620s
 19382435 6269987   17.00000   48   23          -   16.00000      -  28.2  625s
 19548564 6301464   17.50000   42   24          -   16.00000      -  28.2  630s
 19721920 6331161   16.80000   35   40          -   16.00000      -  28.2  635s
 19897267 6360110   16.14286   33   33          -   16.00000      -  28.2  640s
 20070826 6389930   17.00000   35    7          -   16.00000      -  28.2  645s
 20236128 6418227   18.00000   41   10          -   16.00000      -  28.2  650s
 20408536 6447508   17.00000   31    6          -   16.00000      -  28.2  655s
 20574793 6476404   17.00000   40    5          -   16.00000      -  28.2  660s
 20740915 6504458   17.00000   31   11          -   16.00000      -  28.2  665s
 20913779 6533595   16.38571   29   80          -   16.00000      -  28.2  670s
 21077907 6561673   18.00000   36    8          -   16.00000      -  28.2  675s
 21251430 6591660   16.79268   35   98          -   16.00000      -  28.2  680s
 21425350 6621349   17.00000   34    7          -   16.00000      -  28.1  685s
 21606932 6651876   18.00000   32   14          -   16.00000      -  28.1  690s
 21779483 6682064   17.00000   32    7          -   16.00000      -  28.1  695s
 21946479 6711549   17.00000   30   19          -   16.00000      -  28.1  700s
 22125172 6742323   16.40000   38   36          -   16.00000      -  28.1  705s
 22289900 6769797   17.00000   31   13          -   16.00000      -  28.1  710s
 22462479 6798426   17.00000   34    5          -   16.00000      -  28.1  715s
 22639417 6832634   16.66667   40   43          -   16.00000      -  28.1  720s
 22812264 6865291   17.02344   37   84          -   16.00000      -  28.1  725s
 22976568 6896318   16.21429   33   63          -   16.00000      -  28.1  730s
 23139528 6930012   17.00000   31   11          -   16.00000      -  28.1  735s
 23288631 6961582   16.50000   34   31          -   16.03244      -  28.1  740s
 23442642 6993903   16.50000   36   43          -   16.05556      -  28.1  745s
 23597733 7026463   17.88732   37   94          -   16.07292      -  28.1  750s
 23740001 7055000   16.27040   34   89          -   16.08824      -  28.1  755s
 23903171 7087903   16.97580   43  121          -   16.10105      -  28.1  760s
 24062524 7120740   16.89286   27   78          -   16.11679      -  28.1  765s
 24223914 7151836 infeasible   39               -   16.12605      -  28.1  770s
 24379057 7182623   16.38333   29   72          -   16.14286      -  28.1  775s
 24537264 7212930   16.72205   33   98          -   16.15294      -  28.1  780s
 24693861 7243365   18.26667   43   49          -   16.16667      -  28.1  785s
 24871242 7274271   16.50000   37   59          -   16.16769      -  28.1  790s
 25021974 7303935   17.07258   44  134          -   16.18288      -  28.2  795s
 25174124 7332125   17.00000   45   59          -   16.20000      -  28.2  800s
 25342506 7361711   17.00000   41   11          -   16.20000      -  28.2  805s
 25499556 7390565   17.66667   40   58          -   16.21053      -  28.2  810s
 25663047 7421042     cutoff   47               -   16.22222      -  28.2  815s
 25816970 7449538   17.00000   39   27          -   16.23529      -  28.2  820s
 25979462 7478882   17.33333   36   42          -   16.25000      -  28.2  825s
 26151101 7505425   18.00000   48   12          -   16.25000      -  28.2  830s
 26315905 7531887   17.13768   36  120          -   16.25000      -  28.2  835s
 26480311 7557696   18.00000   36   35          -   16.25000      -  28.2  840s
 26629030 7585220   17.92308   32   57          -   16.26829      -  28.2  845s
 26781867 7612614   16.60000   35   75          -   16.28125      -  28.2  850s
 26947011 7639516     cutoff   40               -   16.28571      -  28.2  855s
 27095419 7666552   16.50000   30   26          -   16.30000      -  28.2  860s
 27255582 7694348   16.41509   33   95          -   16.31148      -  28.2  865s
 27405897 7720545   16.67114   33  111          -   16.32653      -  28.2  870s
 27569503 7745418   18.50000   41   27          -   16.33333      -  28.2  875s
 27747647 7770902   16.40000   39   68          -   16.33333      -  28.2  880s
 27910798 7793967   17.50000   43   41          -   16.33333      -  28.2  885s
 28079840 7817602   18.00000   38    8          -   16.33333      -  28.2  890s
 28250622 7841273   18.59420   33   87          -   16.33333      -  28.2  895s
 28414072 7864507   16.40708   31   76          -   16.33333      -  28.2  900s
 28557889 7887844   17.22340   39   87          -   16.34694      -  28.2  905s
 28711678 7912466   17.33333   39   54          -   16.36000      -  28.2  910s
 28858590 7936546   17.00000   46   11          -   16.37209      -  28.2  915s
 29015188 7960141   17.00000   53   14          -   16.37536      -  28.2  920s
 29130914 7978238   17.00000   26   24          -   16.38710      -  28.2  925s
 29149261 7982526   17.00000   28   33          -   16.38889      -  28.2  930s
 29245822 7997398   17.22222   32   54          -   16.40000      -  28.2  935s
 29404779 8017750   18.00000   33   10          -   16.40000      -  28.2  940s
 29566421 8040875   17.05755   32   93          -   16.40000      -  28.2  945s
 29714765 8064715   16.87500   32   62          -   16.41587      -  28.2  950s
 29869134 8088383   18.66667   46   24          -   16.42857      -  28.3  955s
 30033017 8110803   18.14231   46  102          -   16.42857      -  28.3  960s
 30181599 8134451   16.50000   34   78          -   16.44444      -  28.3  965s
 30335106 8156882   16.66667   37   49          -   16.45082      -  28.3  970s
 30482108 8178566   18.21569   36   73          -   16.46154      -  28.3  975s
 30627193 8200361   17.25000   36   32          -   16.47200      -  28.3  980s
 30775132 8222662   17.00000   38   15          -   16.48649      -  28.3  985s
 30929535 8243663   16.92982   30   81          -   16.50000      -  28.3  990s
 31091534 8263364   17.00000   34   32          -   16.50000      -  28.3  995s
 31262078 8281417 infeasible   40               -   16.50000      -  28.3 1000s
 31433256 8299517   16.50000   37   35          -   16.50000      -  28.3 1005s
 31609490 8319146   17.21739   41   64          -   16.50000      -  28.3 1010s
 31779793 8338615 infeasible   41               -   16.50000      -  28.3 1015s
 31954097 8357784   18.25000   35   82          -   16.50000      -  28.3 1020s
 32134477 8377603   17.00000   33   18          -   16.50000      -  28.3 1025s
 32311239 8396977   17.66667   35   17          -   16.50000      -  28.3 1030s
 32483333 8415742   18.00000   47    6          -   16.50000      -  28.3 1035s
 32652818 8433786   16.75000   34   38          -   16.50000      -  28.2 1040s
 32830011 8452286   17.00000   39    9          -   16.50000      -  28.2 1045s
 33000435 8471292     cutoff   45               -   16.50000      -  28.2 1050s
 33171476 8489818   16.50000   40   18          -   16.50000      -  28.2 1055s
 33341109 8508945   18.33333   50   35          -   16.50000      -  28.2 1060s
 33505863 8528376 infeasible   49               -   16.50000      -  28.2 1065s
 33668072 8547903   18.00000   43   32          -   16.50000      -  28.2 1070s
 33817376 8568610   17.00000   37   80          -   16.51724      -  28.2 1075s
 33961557 8588862   18.53333   47   66          -   16.52991      -  28.2 1080s
 34120142 8609980   17.16173   37   88          -   16.54237      -  28.3 1085s
 34264804 8629855   17.46341   35  110          -   16.55251      -  28.3 1090s
 34419493 8649900   16.87011   47  104          -   16.56000      -  28.3 1095s
 34571898 8670100   17.00000   36   16          -   16.57143      -  28.3 1100s
 34730561 8690078   18.00000   25    8          -   16.57447      -  28.3 1105s
 34881909 8710597 infeasible   39               -   16.58491      -  28.3 1110s
 35027013 8730440   16.71429   34   72          -   16.60000      -  28.3 1115s
 35198732 8749533   16.75000   41   53          -   16.60000      -  28.3 1120s
 35362710 8767441   17.75000   33  104          -   16.60000      -  28.3 1125s
 35519701 8786261   17.33333   41   37          -   16.60878      -  28.3 1130s
 35670693 8805716   17.00737   39  105          -   16.62006      -  28.3 1135s
 35832849 8824208   17.28125   33   83          -   16.62500      -  28.3 1140s
 35984376 8842649   17.13333   32   66          -   16.63636      -  28.3 1145s
 36129774 8859662   17.00000   44   11          -   16.64286      -  28.3 1150s
 36270027 8877085   18.07595   31  101          -   16.65526      -  28.4 1155s
 36422084 8894375   16.80000   36   64          -   16.66667      -  28.4 1160s
 36584387 8910068   17.00000   31   40          -   16.66667      -  28.4 1165s
 36747009 8925360   17.50000   47   39          -   16.66667      -  28.4 1170s
 36916569 8940030   16.71429   33   47          -   16.66667      -  28.4 1175s
 37081453 8954494 infeasible   42               -   16.66667      -  28.4 1180s
 37251792 8969725   18.50000   39   31          -   16.66667      -  28.4 1185s
 37426445 8985001   17.00000   34    9          -   16.66667      -  28.3 1190s
 37590414 9000230   16.75000   36   46          -   16.66667      -  28.3 1195s
 37742469 9016926   17.25000   43   67          -   16.67550      -  28.4 1200s
 37893787 9034055   17.25000   44   85          -   16.68750      -  28.4 1205s
 38036523 9050021   17.20740   33  157          -   16.69897      -  28.4 1210s
 38189782 9065650   17.07500   43   68          -   16.70588      -  28.4 1215s
 38341730 9081796   17.00000   37    7          -   16.71429      -  28.4 1220s
 38499464 9097820   18.13636   44   90          -   16.71765      -  28.4 1225s
 38647931 9113374   17.43860   47   99          -   16.72727      -  28.4 1230s
 38792178 9128889   18.00000   44   37          -   16.73684      -  28.4 1235s
 38941624 9143889   19.00000   34   11          -   16.75000      -  28.4 1240s
 39105373 9156815   16.75000   33   24          -   16.75000      -  28.4 1245s
 39262165 9170713   18.00000   50    4          -   16.75000      -  28.4 1250s
 39432150 9184566   17.20000   29   55          -   16.75000      -  28.4 1255s
 39595590 9197674     cutoff   38               -   16.75000      -  28.4 1260s
 39754234 9212958   17.33333   36   53          -   16.75243      -  28.4 1265s
 39900468 9228242   18.27419   53   92          -   16.76636      -  28.4 1270s
 40041419 9242512   17.83333   32   67          -   16.77778      -  28.5 1275s
 40190522 9256625   17.70000   39   75          -   16.78158      -  28.5 1280s
 40337343 9270970   17.00000   35   50          -   16.79167      -  28.5 1285s
 40485908 9284925   18.25000   37   45          -   16.80000      -  28.5 1290s
 40648420 9297172   17.50000   36   58          -   16.80000      -  28.5 1295s
 40805532 9309515   17.33333   42   37          -   16.80000      -  28.5 1300s
 40955445 9323424   18.00000   39   12          -   16.80952      -  28.5 1305s
 41096280 9336361   17.54545   40   66          -   16.81818      -  28.5 1310s
 41237863 9350208   17.75000   38   95          -   16.82857      -  28.5 1315s
 41394642 9362796   16.83333   38   51          -   16.83333      -  28.5 1320s
 41550760 9374024     cutoff   42               -   16.83333      -  28.5 1325s
 41707033 9387820   16.92857   32   39          -   16.84177      -  28.5 1330s
 41848304 9400311   18.95217   35  101          -   16.85000      -  28.5 1335s
 41995130 9412916   17.00000   28    9          -   16.85714      -  28.5 1340s
 42138681 9423963     cutoff   37               -   16.86047      -  28.6 1345s
 42282321 9437083     cutoff   41               -   16.87179      -  28.6 1350s
 42437785 9448279   18.00000   48   35          -   16.87500      -  28.6 1355s
 42580188 9460155   17.00000   44   29          -   16.88372      -  28.6 1360s
 42728888 9471250   18.20000   39   49          -   16.88889      -  28.6 1365s
 42869033 9482552     cutoff   44               -   16.90000      -  28.6 1370s
 43014396 9493350   17.25000   30   91          -   16.90566      -  28.6 1375s
 43153678 9504026     cutoff   45               -   16.91333      -  28.6 1380s
 43292601 9514645   17.09091   31   60          -   16.92157      -  28.6 1385s
 43441575 9524995 infeasible   37               -   16.92877      -  28.6 1390s
 43579469 9535251   18.00000   41   20          -   16.93750      -  28.7 1395s
 43717639 9545620   17.55955   42  136          -   16.94783      -  28.7 1400s
 43859162 9556301   17.64093   32   86          -   16.95918      -  28.7 1405s
 43989349 9565895   18.00000   38   22          -   16.97087      -  28.7 1410s
 44118058 9575188   17.00000   35   19          -   16.98701      -  28.7 1415s
 44252173 9576349 infeasible   53               -   17.00000      -  28.7 1420s
 44393209 9573477   18.00000   35    8          -   17.00000      -  28.7 1425s
 44539493 9569769   19.00000   41    9          -   17.00000      -  28.7 1430s
 44688718 9575243   18.41667   39   62          -   17.00000      -  28.7 1435s
 44837068 9580927   18.58333   35   63          -   17.00000      -  28.7 1440s
 44986460 9585748   17.00000   51   43          -   17.00000      -  28.7 1445s
 45142167 9591751   18.16667   38   55          -   17.00000      -  28.7 1450s
 45284172 9597356   18.00000   40    6          -   17.00000      -  28.7 1455s
 45453362 9599074 infeasible   40               -   17.00000      -  28.7 1460s
 45606947 9601346   18.75000   37   20          -   17.00000      -  28.7 1465s
 45749288 9603401   17.16667   31   16          -   17.00000      -  28.7 1470s
 45907774 9606009   18.24138   42   64          -   17.00000      -  28.7 1475s
 46063767 9607665   17.80000   44   33          -   17.00000      -  28.7 1480s
 46213041 9609716   18.00000   35    8          -   17.00000      -  28.7 1485s
 46355586 9611345   17.00000   37    9          -   17.00000      -  28.7 1490s
 46505831 9613198 infeasible   41               -   17.00000      -  28.7 1495s
 46662130 9614948   17.00000   35    5          -   17.00000      -  28.7 1500s
 46810203 9616672 infeasible   38               -   17.00000      -  28.7 1505s
 46954180 9618275   17.00000   34    5          -   17.00000      -  28.7 1510s
 47112847 9619601   17.00000   48    9          -   17.00000      -  28.7 1515s
 47274129 9620996   18.00000   39    8          -   17.00000      -  28.7 1520s
 47434100 9622188   18.00000   45   10          -   17.00000      -  28.7 1525s
 47595322 9623178   18.50000   44   41          -   17.00000      -  28.7 1530s
 47755861 9624407 infeasible   45               -   17.00000      -  28.7 1535s
 47918046 9624825     cutoff   43               -   17.00000      -  28.7 1540s
 48076807 9626930   18.00000   34   10          -   17.00000      -  28.6 1545s
 48231846 9628203   18.00000   43   14          -   17.00000      -  28.6 1550s
 48378689 9628872   18.00000   35   10          -   17.00000      -  28.6 1555s
 48521543 9629508 infeasible   27               -   17.00000      -  28.6 1560s
 48669232 9629837 infeasible   36               -   17.00000      -  28.6 1565s
 48825852 9630378   18.00000   38    8          -   17.00000      -  28.6 1570s
 48840954 9631114   18.00000   40    6          -   17.00000      -  28.6 1575s
 48841734 9631497   17.00000   45    3          -   17.00000      -  28.6 1580s
 48849250 9631048 infeasible   51               -   17.00000      -  28.6 1585s
 48970506 9629730   18.28906   31  110          -   17.00000      -  28.6 1590s
 49120652 9628821   17.00000   37   21          -   17.00000      -  28.6 1595s
 49270418 9627758   18.50000   35   37          -   17.00000      -  28.6 1600s
 49427761 9627017   18.05556   44   87          -   17.00000      -  28.6 1605s
 49585283 9627585   19.00000   36   13          -   17.00000      -  28.6 1610s
 49735590 9627968   18.00000   34   10          -   17.00000      -  28.6 1615s
 49883864 9627800   17.50000   40   47          -   17.00000      -  28.6 1620s
 50041019 9628729   18.14286   38   77          -   17.00000      -  28.6 1625s
 50199741 9630006   18.00000   40    6          -   17.00000      -  28.6 1630s
 50349030 9632002   18.00000   48    8          -   17.00000      -  28.6 1635s
 50508176 9634257     cutoff   43               -   17.00000      -  28.6 1640s
 50658541 9634690   18.00000   39    8          -   17.00000      -  28.6 1645s
 50809431 9635882     cutoff   49               -   17.00000      -  28.6 1650s
 50960160 9637142   18.80000   36   47          -   17.00000      -  28.6 1655s
 51115889 9638897   17.28571   47   62          -   17.00000      -  28.6 1660s
 51264492 9640637   18.57143   34   49          -   17.00000      -  28.6 1665s
 51420949 9642658   17.20000   38   60          -   17.00000      -  28.6 1670s
 51570129 9644415   18.00000   34    6          -   17.00000      -  28.6 1675s
 51730188 9646764   18.00000   30    6          -   17.00000      -  28.6 1680s
 51879797 9651132   17.44765   39   90          -   17.00000      -  28.6 1685s
 52038736 9656156   18.65600   43   75          -   17.00000      -  28.6 1690s
 52193164 9661770   17.04878   40   78          -   17.00000      -  28.6 1695s
 52335872 9666568   18.00000   31   16          -   17.00000      -  28.6 1700s
 52492967 9672641   17.40909   32   88          -   17.00000      -  28.6 1705s
 52641803 9677082   18.00000   36    8          -   17.00000      -  28.6 1710s
 52796777 9682571     cutoff   36               -   17.00000      -  28.6 1715s
 52952860 9688401   18.12360   32   86          -   17.00000      -  28.6 1720s
 53101789 9694987   17.00000   31    9          -   17.00000      -  28.6 1725s
 53238142 9703039   18.00000   28   52          -   17.00481      -  28.6 1730s
 53363730 9710838   18.00000   33   26          -   17.02792      -  28.6 1735s
 53492723 9719312   18.36054   35   85          -   17.04348      -  28.6 1740s
 53622929 9727923   17.73016   31   70          -   17.05556      -  28.6 1745s
 53752473 9735738   17.14286   40   60          -   17.06667      -  28.6 1750s
 53890580 9743884   17.15385   38   72          -   17.07692      -  28.6 1755s
 54027471 9751451   18.00000   37   46          -   17.08497      -  28.6 1760s
 54164104 9759432   17.64815   33   57          -   17.09524      -  28.6 1765s
 54303690 9766135 infeasible   44               -   17.10158      -  28.6 1770s
 54443069 9773492     cutoff   34               -   17.11111      -  28.6 1775s
 54577814 9780828   18.00000   33   20          -   17.11905      -  28.7 1780s
 54712339 9785895   18.54118   31  100          -   17.12500      -  28.7 1785s
 54847491 9792598   17.23047   35   93          -   17.13174      -  28.7 1790s
 54979617 9799212   17.19231   35   75          -   17.14286      -  28.7 1795s
 55128686 9804575   17.33333   36   39          -   17.14286      -  28.7 1800s
 55265509 9810963     cutoff   30               -   17.15260      -  28.7 1805s
 55403903 9817413     cutoff   34               -   17.16304      -  28.7 1810s
 55550832 9821558   18.75000   36   49          -   17.16667      -  28.7 1815s
 55697362 9824042   17.34483   39   71          -   17.16667      -  28.7 1820s
 55832099 9828339   17.84615   39   82          -   17.17391      -  28.7 1825s
 55971254 9833568     cutoff   41               -   17.18182      -  28.7 1830s
 56099534 9838376 infeasible   43               -   17.19048      -  28.7 1835s
 56238139 9842578   18.33333   40   46          -   17.20000      -  28.7 1840s
 56379824 9843838     cutoff   42               -   17.20000      -  28.7 1845s
 56527045 9845426   18.00000   40   10          -   17.20000      -  28.7 1850s
 56665624 9848818   18.00000   38   10          -   17.20395      -  28.7 1855s
 56795857 9853253   17.23077   42   53          -   17.21429      -  28.7 1860s
 56929087 9856443   17.25000   32   36          -   17.22222      -  28.7 1865s
 57063406 9860066 infeasible   43               -   17.22807      -  28.7 1870s
 57194727 9863554   17.50000   38   18          -   17.23611      -  28.7 1875s
 57318807 9866792   19.00000   36    5          -   17.25000      -  28.8 1880s
 57461949 9867355   18.17246   40  119          -   17.25000      -  28.8 1885s
 57608251 9866388   17.25000   36   40          -   17.25000      -  28.8 1890s
 57762414 9864201   17.68182   33   57          -   17.25000      -  28.8 1895s
 57904219 9862598   18.46396   39   80          -   17.25000      -  28.8 1900s
 58052713 9862276   17.79893   34   78          -   17.25000      -  28.8 1905s
 58198859 9862291   18.12500   44   48          -   17.25000      -  28.8 1910s
 58329045 9864590   18.33333   44   38          -   17.26190      -  28.8 1915s
 58456925 9866895   17.42308   32   78          -   17.27132      -  28.8 1920s
 58594146 9868116   17.55172   33   78          -   17.27778      -  28.8 1925s
 58721043 9869552   18.00000   34   52          -   17.28571      -  28.8 1930s
 58861747 9869073   18.13571   35   99          -   17.28571      -  28.8 1935s
 58990515 9871009   18.00000   44   62          -   17.29508      -  28.8 1940s
 59123969 9871016     cutoff   34               -   17.30000      -  28.8 1945s
 59256504 9872038     cutoff   37               -   17.30769      -  28.8 1950s
 59381057 9873022   17.68149   38  106          -   17.31707      -  28.8 1955s
 59505693 9874080   18.00000   39   22          -   17.32932      -  28.8 1960s
 59644057 9871262   18.50000   38   52          -   17.33333      -  28.8 1965s
 59785943 9867596     cutoff   39               -   17.33333      -  28.8 1970s
 59936211 9861773   18.10577   30  103          -   17.33333      -  28.8 1975s
 60083822 9855899   17.66667   46   31          -   17.33333      -  28.8 1980s
 60226024 9850355   17.50000   32   18          -   17.33333      -  28.8 1985s
 60374231 9845880   17.56552   35   87          -   17.33333      -  28.8 1990s
 60515995 9841769   19.00000   33   45          -   17.33333      -  28.8 1995s
 60665060 9835904 infeasible   40               -   17.33333      -  28.8 2000s
 60800784 9830733     cutoff   46               -   17.33333      -  28.8 2005s
 60949343 9825661     cutoff   40               -   17.33333      -  28.8 2010s
 61090618 9822511     cutoff   41               -   17.33333      -  28.8 2015s
 61219002 9821796   17.40000   44   56          -   17.34375      -  28.8 2020s
 61344028 9821577 infeasible   37               -   17.35345      -  28.8 2025s
 61464827 9821105   17.61111   32  101          -   17.36250      -  28.9 2030s
 61598184 9819615   18.07692   35   67          -   17.36842      -  28.9 2035s
 61724637 9817067   17.75000   39   31          -   17.37500      -  28.9 2040s
 61862884 9814811   17.45505   35  139          -   17.37705      -  28.9 2045s
 61982706 9813702   18.00000   44   14          -   17.38462      -  28.9 2050s
 62105710 9812831     cutoff   45               -   17.39506      -  28.9 2055s
 62238466 9809415   17.74000   33  130          -   17.40000      -  28.9 2060s
 62386676 9802055   18.20000   38   39          -   17.40000      -  28.9 2065s
 62528041 9796636   17.68421   45   47          -   17.40000      -  28.9 2070s
 62661760 9792224   18.00000   35   28          -   17.40000      -  28.9 2075s
 62787915 9790517   18.37374   35   84          -   17.41176      -  28.9 2080s
 62919336 9787815 infeasible   40               -   17.41887      -  28.9 2085s
 63041342 9785276   17.71429   42   62          -   17.42857      -  28.9 2090s
 63176016 9779119 infeasible   40               -   17.42857      -  28.9 2095s
 63307344 9775051 infeasible   47               -   17.43478      -  28.9 2100s
 63433816 9772316   17.57143   31   88          -   17.44444      -  29.0 2105s
 63566603 9767154   18.60000   40   68          -   17.44681      -  29.0 2110s
 63692868 9763289 infeasible   39               -   17.45455      -  29.0 2115s
 63815806 9759524   17.66667   32   45          -   17.46154      -  29.0 2120s
 63945589 9755483     cutoff   36               -   17.47059      -  29.0 2125s
 64063650 9751591   18.54469   40   91          -   17.47910      -  29.0 2130s
 64183116 9747379     cutoff   37               -   17.49212      -  29.0 2135s
 64315165 9740056   18.50000   40   38          -   17.50000      -  29.0 2140s
 64449781 9731098   18.50000   38   70          -   17.50000      -  29.0 2145s
 64585264 9722979   18.00000   37   10          -   17.50000      -  29.0 2150s
 64734101 9710714 infeasible   41               -   17.50000      -  29.0 2155s
 64883773 9698378 infeasible   35               -   17.50000      -  29.0 2160s
 64984870 9686959   17.85185   42   61          -   17.50000      -  29.0 2173s
 65034114 9681955   19.00000   31    9          -   17.50000      -  29.0 2175s
 65175747 9669420     cutoff   33               -   17.50000      -  29.0 2180s
 65320009 9655775     cutoff   31               -   17.50000      -  29.0 2185s
 65469710 9641272   18.00000   37   36          -   17.50000      -  29.0 2190s
 65617720 9626999 infeasible   40               -   17.50000      -  29.0 2195s
 65759172 9613785 infeasible   42               -   17.50000      -  29.0 2200s
 65906877 9600207   18.00000   39   14          -   17.50000      -  29.0 2205s
 66049732 9586215   18.16667   41   33          -   17.50000      -  29.0 2210s
 66199198 9573189   18.25000   46   58          -   17.50000      -  29.0 2215s
 66340712 9560831   18.00000   31   42          -   17.50000      -  29.0 2220s
 66498332 9547644   18.00000   50   14          -   17.50000      -  29.0 2225s
 66631676 9535617     cutoff   41               -   17.50000      -  29.0 2230s
 66780762 9522969   18.00000   36   63          -   17.50000      -  29.0 2235s
 66922964 9510945 infeasible   38               -   17.50000      -  29.0 2240s
 67064888 9498842     cutoff   31               -   17.50000      -  29.0 2245s
 67213221 9487283     cutoff   50               -   17.50000      -  29.0 2250s
 67355251 9476469     cutoff   40               -   17.50000      -  29.0 2255s
 67504074 9465095     cutoff   45               -   17.50000      -  29.0 2260s
 67639425 9453924   18.00000   35    9          -   17.50000      -  29.0 2265s
 67780236 9443217   18.00000   39   43          -   17.50000      -  29.0 2270s
 67929137 9432244   18.00000   49   10          -   17.50000      -  29.0 2275s
 68070779 9422792     cutoff   45               -   17.50000      -  29.0 2280s
 68206046 9413428   18.00000   34   37          -   17.50000      -  29.0 2285s
 68334348 9407079     cutoff   38               -   17.51020      -  29.0 2290s
 68453182 9401663   18.20000   31   41          -   17.52336      -  29.0 2295s
 68573720 9395957   18.00000   34    8          -   17.53333      -  29.0 2300s
 68694230 9389492   17.66667   34   44          -   17.53976      -  29.0 2305s
 68821207 9381927   18.00000   36   10          -   17.54745      -  29.0 2310s
 68943657 9375119   17.74157   36   90          -   17.55556      -  29.0 2315s
 69068390 9367445   17.76147   37   61          -   17.56164      -  29.1 2320s
 69191085 9360756     cutoff   41               -   17.57143      -  29.1 2325s
 69313756 9350984   18.64286   40   75          -   17.57143      -  29.1 2330s
 69436916 9343250     cutoff   32               -   17.57727      -  29.1 2335s
 69560456 9335407   18.00000   37   22          -   17.58333      -  29.1 2340s
 69677898 9328577   18.00000   39   20          -   17.59459      -  29.1 2345s
 69802690 9318695   18.50000   37   47          -   17.60000      -  29.1 2350s
 69937269 9306458 infeasible   33               -   17.60000      -  29.1 2355s
 70078683 9292796   18.37500   33   61          -   17.60000      -  29.1 2360s
 70211754 9280480   18.42857   32   79          -   17.60000      -  29.1 2365s
 70329489 9272559 infeasible   46               -   17.61140      -  29.1 2370s
 70448451 9264079     cutoff   40               -   17.62069      -  29.1 2375s
 70572261 9253329     cutoff   45               -   17.62500      -  29.1 2380s
 70696079 9243312     cutoff   30               -   17.62979      -  29.1 2385s
 70819299 9233023 infeasible   39               -   17.63636      -  29.2 2390s
 70937213 9223970   18.66667   34   73          -   17.64516      -  29.2 2395s
 71050515 9214587 infeasible   35               -   17.65517      -  29.2 2400s
 71160522 9204459   18.33333   47   19          -   17.66667      -  29.2 2405s
 71295056 9188365     cutoff   47               -   17.66667      -  29.2 2410s
 71430677 9171186   18.40000   31   53          -   17.66667      -  29.2 2415s
 71564700 9154552 infeasible   43               -   17.66667      -  29.2 2420s
 71698393 9138224   18.36364   40   58          -   17.66667      -  29.2 2425s
 71834069 9121622   17.75000   44   27          -   17.66667      -  29.2 2430s
 71975652 9103643     cutoff   39               -   17.66667      -  29.2 2435s
 72109910 9085910   18.91892   39   69          -   17.66667      -  29.2 2440s
 72244888 9068773   18.00000   44   12          -   17.66667      -  29.2 2445s
 72385362 9050838     cutoff   46               -   17.66667      -  29.2 2450s
 72520129 9034234   18.00000   36   33          -   17.66667      -  29.2 2455s
 72653950 9018559   19.00000   30   26          -   17.66667      -  29.2 2460s
 72769255 9007714   18.16300   44   99          -   17.67692      -  29.2 2465s
 72884545 8996866   18.00000   34   10          -   17.68750      -  29.2 2470s
 72996991 8986276   19.00000   46   54          -   17.69565      -  29.2 2475s
 73119834 8972883   18.25000   46   42          -   17.70000      -  29.2 2480s
 73229581 8962289   18.53846   39   40          -   17.71084      -  29.3 2485s
 73353699 8947331   18.00000   33   55          -   17.71429      -  29.3 2490s
 73477540 8932977   18.21217   42  123          -   17.71739      -  29.3 2495s
 73592936 8920350     cutoff   44               -   17.72727      -  29.3 2500s
 73706312 8907931 infeasible   42               -   17.73333      -  29.3 2505s
 73815629 8896031   18.00000   42   24          -   17.74684      -  29.3 2510s
 73948893 8877254   18.00000   35   10          -   17.75000      -  29.3 2515s
 74075238 8858521 infeasible   36               -   17.75000      -  29.3 2520s
 74203569 8839866     cutoff   35               -   17.75000      -  29.3 2525s
 74331152 8821682   18.00000   50   26          -   17.75000      -  29.3 2530s
 74464956 8801985 infeasible   44               -   17.75000      -  29.3 2535s
 74598841 8782670   19.00000   42    7          -   17.75000      -  29.3 2540s
 74725445 8765715   18.50000   43   25          -   17.75000      -  29.3 2545s
 74834737 8752868   17.89404   39  101          -   17.76316      -  29.3 2550s
 74941726 8739458   17.86010   34   95          -   17.77128      -  29.3 2555s
 75064478 8723436   18.00000   41   40          -   17.77778      -  29.3 2560s
 75176082 8709182   19.00000   34   11          -   17.78571      -  29.4 2565s
 75286290 8695304   18.06977   30   90          -   17.79592      -  29.4 2570s
 75411355 8676280 infeasible   37               -   17.80000      -  29.4 2575s
 75531903 8656728 infeasible   37               -   17.80000      -  29.4 2580s
 75659672 8636600     cutoff   44               -   17.80000      -  29.4 2585s
 75776703 8618766   17.90591   37   99          -   17.80128      -  29.4 2590s
 75888817 8603285 infeasible   36               -   17.81395      -  29.4 2595s
 76001442 8586957   18.19960   35  145          -   17.82178      -  29.4 2600s
 76110455 8570804   18.00000   34   64          -   17.83333      -  29.4 2605s
 76228225 8551521   18.60000   34   62          -   17.83333      -  29.4 2610s
 76356037 8529820     cutoff   39               -   17.83333      -  29.4 2615s
 76473066 8511465   18.54153   37  108          -   17.83908      -  29.4 2620s
 76581112 8495645   18.25000   33   67          -   17.84848      -  29.4 2625s
 76698419 8477135   18.00000   36   10          -   17.85714      -  29.5 2630s
 76820237 8455439   18.08571   31   60          -   17.85714      -  29.5 2635s
 76926226 8439026 infeasible   42               -   17.86667      -  29.5 2640s
 77041880 8418353   18.44444   38   75          -   17.87500      -  29.5 2645s
 77160591 8398371   18.03279   41  107          -   17.87879      -  29.5 2650s
 77264351 8381239   18.75000   45   25          -   17.88889      -  29.5 2655s
 77369935 8362500 infeasible   34               -   17.89286      -  29.5 2660s
 77480936 8342254     cutoff   34               -   17.90000      -  29.5 2665s
 77594559 8321631   18.00000   38   45          -   17.90909      -  29.5 2670s
 77702851 8301553     cutoff   44               -   17.91667      -  29.5 2675s
 77814406 8281451     cutoff   44               -   17.92593      -  29.5 2680s
 77921951 8261213   18.39370   37   67          -   17.93548      -  29.6 2685s
 78023070 8241713 infeasible   46               -   17.94444      -  29.6 2690s
 78122849 8222436 infeasible   50               -   17.95652      -  29.6 2695s
 78235598 8200302   18.00000   36   10          -   17.97143      -  29.6 2700s
 78326824 8181828 infeasible   37               -   17.99351      -  29.6 2705s
 78447450 8132274   18.00000   42   14          -   18.00000      -  29.6 2710s
 78570068 8103552 infeasible   34               -   18.00000      -  29.6 2715s
 78698888 8074299     cutoff   37               -   18.00000      -  29.6 2720s
 78827474 8044308   19.00000   47   11          -   18.00000      -  29.6 2725s
 78964870 8012869     cutoff   39               -   18.00000      -  29.6 2730s
 79093648 7982256     cutoff   40               -   18.00000      -  29.6 2735s
 79220993 7955194   18.80000   36   68          -   18.00000      -  29.6 2740s
 79354044 7919396   18.00000   35    6          -   18.00000      -  29.6 2745s
 79489840 7880699 infeasible   42               -   18.00000      -  29.6 2750s
 79620515 7843298   18.00000   43   29          -   18.00000      -  29.6 2755s
 79757286 7804743   18.33333   47   54          -   18.00000      -  29.6 2760s
 79893868 7765087     cutoff   35               -   18.00000      -  29.6 2765s
 80031982 7725137   18.00000   42    7          -   18.00000      -  29.6 2770s
 80170458 7685686 infeasible   42               -   18.00000      -  29.6 2775s
 80300562 7647895 infeasible   51               -   18.00000      -  29.6 2780s
 80436979 7607660 infeasible   45               -   18.00000      -  29.6 2785s
 80575261 7566851     cutoff   35               -   18.00000      -  29.6 2790s
 80711038 7526788   18.75000   43   55          -   18.00000      -  29.6 2795s
 80848255 7486211   18.00000   40    8          -   18.00000      -  29.6 2800s
 80985205 7445626 infeasible   34               -   18.00000      -  29.6 2805s
 81121188 7404418   19.00000   42    6          -   18.00000      -  29.6 2810s
 81251115 7365513   18.85714   37   47          -   18.00000      -  29.6 2815s
 81381283 7325884     cutoff   45               -   18.00000      -  29.6 2820s
 81425615 7315286   19.00000   35   27          -   18.00000      -  29.6 2825s
 81427305 7314941 infeasible   37               -   18.00000      -  29.6 2830s
 81442272 7306505   19.00000   35    9          -   18.00000      -  29.6 2835s
 81562956 7271467     cutoff   40               -   18.00000      -  29.6 2840s
 81710683 7227367   19.00000   34    7          -   18.00000      -  29.6 2845s
 81852956 7184613   18.33333   36   55          -   18.00000      -  29.6 2850s
 81994548 7141712 infeasible   48               -   18.00000      -  29.6 2855s
 82140298 7097761   18.00000   48    8          -   18.00000      -  29.6 2860s
 82284838 7054549   19.00000   45   20          -   18.00000      -  29.6 2865s
 82433488 7009338   19.00000   39    5          -   18.00000      -  29.6 2870s
 82578636 6965702     cutoff   33               -   18.00000      -  29.5 2875s
 82719586 6923749   19.00000   41    7          -   18.00000      -  29.5 2880s
 82858508 6882369 infeasible   30               -   18.00000      -  29.5 2885s
 82994442 6841067 infeasible   46               -   18.00000      -  29.5 2890s
 83131851 6798705   18.00000   28   16          -   18.00000      -  29.5 2895s
 83262644 6758761 infeasible   43               -   18.00000      -  29.5 2900s
 83399670 6716753 infeasible   45               -   18.00000      -  29.5 2905s
 83535670 6675047     cutoff   39               -   18.00000      -  29.5 2910s
 83667422 6635416 infeasible   39               -   18.00000      -  29.5 2915s
 83803647 6593536   18.00000   38   12          -   18.00000      -  29.5 2920s
 83940480 6551543   19.00000   42    7          -   18.00000      -  29.5 2925s
 84078703 6509079 infeasible   43               -   18.00000      -  29.5 2930s
 84223177 6465560   19.00000   44   30          -   18.00000      -  29.5 2935s
 84360141 6423932 infeasible   42               -   18.00000      -  29.5 2940s
 84503870 6379409   18.00000   46   10          -   18.00000      -  29.5 2945s
 84633949 6338759 infeasible   37               -   18.00000      -  29.5 2950s
 84771970 6302505   19.00000   43    3          -   18.00000      -  29.5 2955s
 84909988 6266147     cutoff   38               -   18.00000      -  29.5 2960s
 85046579 6229865   18.52941   35   62          -   18.00000      -  29.5 2965s
 85176793 6193469   19.00000   43   11          -   18.00000      -  29.5 2970s
 85314507 6157409 infeasible   33               -   18.00000      -  29.5 2975s
 85444259 6119326     cutoff   38               -   18.00000      -  29.5 2980s
 85580889 6080784 infeasible   40               -   18.00000      -  29.5 2985s
 85719988 6041695 infeasible   39               -   18.00000      -  29.5 2990s
 85854383 6008047   19.00000   36   11          -   18.00000      -  29.5 2995s
 85992322 5975110   19.00000   47   17          -   18.00000      -  29.5 3000s
 86129244 5942404     cutoff   50               -   18.00000      -  29.5 3005s
 86264676 5908799     cutoff   47               -   18.00000      -  29.5 3010s
 86394502 5876323     cutoff   39               -   18.00000      -  29.5 3015s
 86523759 5844975   19.00000   37    9          -   18.00000      -  29.5 3020s
 86646712 5814356 infeasible   46               -   18.00000      -  29.5 3025s
 86776171 5782247 infeasible   45               -   18.00000      -  29.5 3030s
 86899087 5754311     cutoff   36               -   18.00000      -  29.5 3035s
 86997861 5731128 infeasible   43               -   18.02500      -  29.5 3040s
 87098400 5707627 infeasible   38               -   18.04717      -  29.5 3045s
 87205280 5682591   18.75000   36   68          -   18.06400      -  29.5 3050s
 87306600 5657979   18.25000   30   59          -   18.07692      -  29.6 3055s
 87405223 5632114 infeasible   45               -   18.09091      -  29.6 3060s
 87512784 5604688 infeasible   29               -   18.10000      -  29.6 3065s
 87618991 5576747   18.57692   39   89          -   18.11111      -  29.6 3070s
 87726405 5546225   18.50000   36   48          -   18.12500      -  29.6 3075s
 87829106 5517830   19.00000   33   31          -   18.13636      -  29.6 3080s
 87938780 5484592     cutoff   42               -   18.14286      -  29.6 3085s
 88041627 5455550 infeasible   43               -   18.15789      -  29.6 3090s
 88151299 5420554 infeasible   36               -   18.16667      -  29.6 3095s
 88269609 5381837 infeasible   38               -   18.16800      -  29.6 3100s
 88367324 5351661   19.00000   45   17          -   18.18421      -  29.6 3105s
 88462267 5320416   18.55556   45   59          -   18.20000      -  29.7 3110s
 88576636 5278691     cutoff   40               -   18.20000      -  29.7 3115s
 88685130 5241767     cutoff   54               -   18.20500      -  29.7 3120s
 88777936 5209588     cutoff   46               -   18.22222      -  29.7 3125s
 88884015 5172525   18.36364   38   75          -   18.23214      -  29.7 3130s
 88986455 5135401 infeasible   36               -   18.25000      -  29.7 3135s
 89101638 5088415 infeasible   41               -   18.25000      -  29.7 3140s
 89221044 5038886   18.66667   41   57          -   18.25000      -  29.7 3145s
 89334521 4993078 infeasible   37               -   18.25000      -  29.7 3150s
 89434687 4954386     cutoff   35               -   18.26316      -  29.7 3155s
 89528197 4917992   18.66667   33   77          -   18.27778      -  29.7 3160s
 89637372 4873316     cutoff   36               -   18.28571      -  29.7 3165s
 89729227 4834983     cutoff   37               -   18.30000      -  29.8 3170s
 89825301 4794531     cutoff   45               -   18.31707      -  29.8 3175s
 89929267 4747692     cutoff   41               -   18.33333      -  29.8 3180s
 90043264 4692469 infeasible   44               -   18.33333      -  29.8 3185s
 90163096 4633293   18.50000   47   40          -   18.33333      -  29.8 3190s
 90282724 4575657   18.66667   38   24          -   18.33333      -  29.8 3195s
 90395663 4519569     cutoff   38               -   18.33333      -  29.8 3200s
 90508363 4464458     cutoff   36               -   18.33333      -  29.8 3205s
 90608256 4418605 infeasible   31               -   18.35135      -  29.8 3210s
 90701116 4375638     cutoff   44               -   18.36905      -  29.8 3215s
 90799865 4327186 infeasible   42               -   18.38095      -  29.8 3220s
 90895334 4278244   18.48780   44   88          -   18.40000      -  29.8 3225s
 91009566 4216392   19.00000   36   57          -   18.40000      -  29.8 3230s
 91105938 4166127   19.00000   39   13          -   18.41667      -  29.8 3235s
 91200718 4113910 infeasible   41               -   18.42857      -  29.9 3240s
 91291766 4063848     cutoff   39               -   18.44444      -  29.9 3245s
 91382212 4012018     cutoff   39               -   18.46667      -  29.9 3250s
 91462041 3964387     cutoff   45               -   18.50000      -  29.9 3255s
 91579106 3897750   18.85714   44   46          -   18.50000      -  29.9 3260s
 91701017 3823875   18.50000   45   16          -   18.50000      -  29.9 3265s
 91822101 3749895 infeasible   40               -   18.50000      -  29.9 3270s
 91942546 3676286     cutoff   43               -   18.50000      -  29.9 3275s
 92063926 3601493   18.50000   41   31          -   18.50000      -  29.9 3280s
 92191065 3523507 infeasible   48               -   18.50000      -  29.9 3285s
 92317376 3445577     cutoff   41               -   18.50000      -  29.9 3290s
 92437347 3371289     cutoff   48               -   18.50000      -  29.9 3295s
 92558342 3295778     cutoff   40               -   18.50000      -  29.9 3300s
 92684813 3219117 infeasible   34               -   18.50000      -  29.9 3305s
 92805320 3147403     cutoff   34               -   18.50000      -  29.9 3310s
 92917059 3081911   18.75000   46   38          -   18.50000      -  29.9 3315s
 93015936 3022720     cutoff   43               -   18.52174      -  29.9 3320s
 93110903 2953313     cutoff   32               -   18.55556      -  29.9 3325s
 93199448 2890352 infeasible   49               -   18.57895      -  29.9 3330s
 93307859 2799333     cutoff   40               -   18.60000      -  29.9 3335s
 93406106 2728446 infeasible   42               -   18.62500      -  29.9 3340s
 93502422 2637845     cutoff   35               -   18.66667      -  29.9 3345s
 93645600 2512316     cutoff   40               -   18.66667      -  29.9 3350s
 93789846 2406216 infeasible   38               -   18.66667      -  29.9 3355s
 93888169 2321038     cutoff   29               -   18.72222      -  29.9 3360s
 94006952 2192614     cutoff   38               -   18.75000      -  29.9 3365s
 94117773 2090773 infeasible   44               -   18.80000      -  29.9 3370s
 94266615 1979682     cutoff   33               -   18.87097      -  29.9 3375s
 94422394 1808384 infeasible   38               -   19.00000      -  29.9 3380s
 94666258 1579197     cutoff   35               -   19.00000      -  29.8 3385s
 94894443 1364335 infeasible   38               -   19.00000      -  29.8 3390s
 95153485 1119999 infeasible   49               -   19.00000      -  29.7 3395s
 95412930 875403     cutoff   45               -   19.00000      -  29.7 3400s
 95640121 660831     cutoff   40               -   19.00000      -  29.7 3405s
 95899089 416483     cutoff   36               -   19.00000      -  29.6 3410s

Cutting planes:
  Gomory: 28
  Lift-and-project: 6
  Implied bound: 291
  MIR: 290
  Zero half: 298
  Relax-and-lift: 7

Explored 96086495 nodes (2841097552 simplex iterations) in 3414.18 seconds (4753.31 work units)
Thread count was 64 (of 64 available processors)

Solution count 0

Model objective exceeds cutoff
Best objective -, best bound 1.950000000205e+01, gap -
