
Gurobi 13.0.3 (linux64) logging started Wed Sep  9 17:37:05 2026

Set parameter LogFile to value "D3_4_dZ_1.log"
Set parameter Threads to value 32
Set parameter NodefileStart to value 35
Set parameter NodefileDir to value "."
Set parameter Cutoff to value 19.5
Set parameter MIPGap to value 0
Set parameter MIPFocus to value 3
Set parameter Symmetry to value 2
Gurobi Optimizer version 13.0.3 build v13.0.3rc0 (linux64 - "Ubuntu 24.04.4 LTS")

CPU model: AMD Ryzen Threadripper PRO 9975WX 32-Cores, instruction set [SSE2|AVX|AVX2|AVX512]
Thread count: 32 physical cores, 64 logical processors, using up to 32 threads

Non-default parameters:
Cutoff  19.5
MIPGap  0
MIPFocus  3
NodefileStart  35
Symmetry  2
Threads  32

Optimize a model with 121 rows, 361 columns and 871 nonzeros (Min)
Model fingerprint: 0xaee8083b
Model has 240 linear objective coefficients
Variable types: 0 continuous, 361 integer (240 binary)
Coefficient statistics:
  Matrix range     [1e+00, 2e+00]
  Objective range  [1e+00, 1e+00]
  Bounds range     [1e+00, 2e+01]
  RHS range        [1e+00, 1e+00]

Presolve time: 0.00s
Presolved: 121 rows, 361 columns, 871 nonzeros
Variable types: 0 continuous, 361 integer (240 binary)
Root relaxation presolve removed 121 rows and 361 columns
Root relaxation presolve: All rows and columns removed

Root relaxation: objective 1.000000e+00, 0 iterations, 0.00 seconds (0.00 work units)

    Nodes    |    Current Node    |     Objective Bounds      |     Work
 Expl Unexpl |  Obj  Depth IntInf | Incumbent    BestBd   Gap | It/Node Time

     0     0    1.00000    0    3          -    1.00000      -     -    0s
     0     0    4.00000    0   12          -    4.00000      -     -    0s
     0     0    4.00000    0   12          -    4.00000      -     -    0s
     0     0    4.00000    0    6          -    4.00000      -     -    0s
     0     0    4.00000    0   10          -    4.00000      -     -    0s
     0     0    4.00000    0    8          -    4.00000      -     -    0s
     0     0    4.00000    0   21          -    4.00000      -     -    0s
     0     0    4.00000    0   26          -    4.00000      -     -    0s
     0     0    4.00000    0   13          -    4.00000      -     -    0s
     0     0    5.00000    0   13          -    5.00000      -     -    0s
     0     0    5.00000    0   13          -    5.00000      -     -    0s
     0     2    5.00000    0    8          -    5.00000      -     -    0s
 56311 41471   12.40348   31  122          -   10.73058      -  31.7    5s
 193399 130322   12.47740   26  111          -   11.48246      -  27.0   10s
 340201 221275   13.11070   30   97          -   11.90909      -  26.0   15s
 459017 293425   12.60000   22   57          -   12.14286      -  25.8   20s
 541396 340234   13.41739   32  109          -   12.29530      -  25.8   25s
 549866 356176   13.37517   26  140          -   12.31495      -  25.8   30s
 710325 437703   13.66667   28   28          -   12.50000      -  25.5   35s
 854628 519722   13.41622   24   80          -   12.66355      -  25.4   40s
 1002425 602368   14.40000   35   27          -   12.79167      -  25.3   45s
 1151263 684141   15.72857   33  111          -   12.92000      -  25.3   50s
 1304911 765408   14.88000   23   56          -   13.00000      -  25.2   55s
 1457775 846597   13.33333   24   71          -   13.05882      -  25.2   60s
 1608992 927558   15.82203   39   62          -   13.16667      -  25.1   65s
 1763704 1008931   14.68421   33   90          -   13.25000      -  25.1   70s
 1914634 1087278   15.50000   36   49          -   13.33333      -  25.1   75s
 2068612 1164779   14.11905   28   89          -   13.40000      -  25.1   80s
 2219478 1241797   14.00000   25   38          -   13.47845      -  25.1   85s
 2378948 1318761   15.00000   31   63          -   13.50000      -  25.0   90s
 2528720 1393112   14.04651   27   68          -   13.56700      -  25.0   95s
 2675483 1465424   13.80952   25   72          -   13.62500      -  25.0  100s
 2829949 1539540   17.00000   35   42          -   13.66667      -  25.0  105s
 2980744 1611736   14.61538   34   90          -   13.72000      -  25.0  110s
 3134577 1684405   14.66667   35   39          -   13.76316      -  25.0  115s
 3286772 1754349   14.37500   32   47          -   13.81081      -  25.0  120s
 3435521 1823763   14.80038   29  134          -   13.85714      -  25.0  125s
 3580308 1890711   14.00000   42   10          -   13.90323      -  25.0  130s
 3723346 1956688   17.50000   35   50          -   13.95389      -  25.1  135s
 3869210 2021485   14.17782   30  131          -   14.00000      -  25.1  140s
 4022174 2087126   14.44000   31   43          -   14.00000      -  25.1  145s
 4175491 2152591   14.14286   26   55          -   14.00000      -  25.1  150s
 4331222 2218577   14.00000   37   45          -   14.00000      -  25.0  155s
 4486338 2286576   15.00000   37   11          -   14.00000      -  25.0  160s
 4632376 2352632   15.10865   24  100          -   14.04405      -  25.0  165s
 4775747 2416788   14.30584   31  107          -   14.09294      -  25.0  170s
 4903495 2471517   15.29508   38   79          -   14.12903      -  25.0  175s
 5014161 2520683   14.77778   25   65          -   14.16031      -  25.0  180s
 5163637 2586048   14.42308   31   80          -   14.19512      -  25.0  185s
 5316905 2652611   14.80000   38   51          -   14.22485      -  25.0  190s
 5470208 2717262   14.75000   31   40          -   14.25000      -  25.0  195s
 5619246 2781184   15.78829   27   62          -   14.28248      -  25.0  200s
 5770694 2844781   15.45070   36   68          -   14.31435      -  25.0  205s
 5921872 2907517   15.00000   37    9          -   14.33333      -  25.0  210s
 6078845 2971655   15.00000   32   19          -   14.34783      -  25.0  215s
 6227855 3034395   15.34581   31  137          -   14.38000      -  25.0  220s
 6380273 3096430   15.85714   29   57          -   14.40000      -  25.0  225s
 6532792 3158199   16.00000   43   12          -   14.42963      -  25.0  230s
 6681981 3219099   15.00000   30   35          -   14.46154      -  25.0  235s
 6830381 3279172   15.50000   35   40          -   14.50000      -  25.0  240s
 6992148 3340470   15.00000   32    7          -   14.50000      -  25.0  245s
 7150244 3399575   17.00000   53    9          -   14.50000      -  24.9  250s
 7311976 3460212   15.50000   35   29          -   14.50000      -  24.9  255s
 7463028 3519112   14.76952   30  122          -   14.52261      -  24.9  260s
 7607063 3576333   15.45478   36   89          -   14.55217      -  24.9  265s
 7755097 3634065   16.00000   30   10          -   14.57314      -  24.9  270s
 7901875 3691491   17.00000   38   34          -   14.60000      -  24.9  275s
 8048489 3749127   15.28571   33   42          -   14.61905      -  24.9  280s
 8188609 3802346   15.00000   33   11          -   14.64000      -  24.9  285s
 8330105 3856234   15.57343   29   86          -   14.66667      -  25.0  290s
 8484802 3911943   15.69231   34   33          -   14.66667      -  24.9  295s
 8631673 3966015   15.36364   30   52          -   14.67347      -  24.9  300s
 8771498 4019402   14.83333   44   54          -   14.70000      -  24.9  305s
 8918032 4072641   14.74074   38   74          -   14.71959      -  24.9  310s
 9062489 4126975   14.96989   31  123          -   14.74584      -  25.0  315s

Cutting planes:
  Gomory: 36
  Lift-and-project: 4
  Implied bound: 200
  MIR: 358
  Zero half: 370
  Relax-and-lift: 12

Explored 9200046 nodes (229569319 simplex iterations) in 319.44 seconds (750.76 work units)
Thread count was 32 (of 64 available processors)

Solution count 0

Solve interrupted
Best objective -, best bound 1.500000000000e+01, gap -

Gurobi 13.0.3 (linux64) logging started Wed Sep  9 17:42:44 2026

Set parameter LogFile to value "D3_4_dZ_1.log"
Set parameter Threads to value 64
Set parameter NodefileStart to value 60
Set parameter NodefileDir to value "."
Set parameter Cutoff to value 19.5
Set parameter MIPGap to value 0
Set parameter MIPFocus to value 3
Set parameter Symmetry to value 2
Gurobi Optimizer version 13.0.3 build v13.0.3rc0 (linux64 - "Ubuntu 24.04.4 LTS")

CPU model: AMD Ryzen Threadripper PRO 9975WX 32-Cores, instruction set [SSE2|AVX|AVX2|AVX512]
Thread count: 32 physical cores, 64 logical processors, using up to 64 threads

Non-default parameters:
Cutoff  19.5
MIPGap  0
MIPFocus  3
NodefileStart  60
Symmetry  2
Threads  64

Optimize a model with 121 rows, 361 columns and 871 nonzeros (Min)
Model fingerprint: 0xaee8083b
Model has 240 linear objective coefficients
Variable types: 0 continuous, 361 integer (240 binary)
Coefficient statistics:
  Matrix range     [1e+00, 2e+00]
  Objective range  [1e+00, 1e+00]
  Bounds range     [1e+00, 2e+01]
  RHS range        [1e+00, 1e+00]

Presolve time: 0.00s
Presolved: 121 rows, 361 columns, 871 nonzeros
Variable types: 0 continuous, 361 integer (240 binary)
Root relaxation presolve removed 121 rows and 361 columns
Root relaxation presolve: All rows and columns removed

Root relaxation: objective 1.000000e+00, 0 iterations, 0.00 seconds (0.00 work units)

    Nodes    |    Current Node    |     Objective Bounds      |     Work
 Expl Unexpl |  Obj  Depth IntInf | Incumbent    BestBd   Gap | It/Node Time

     0     0    1.00000    0    3          -    1.00000      -     -    0s
     0     0    4.00000    0   12          -    4.00000      -     -    0s
     0     0    4.00000    0   12          -    4.00000      -     -    0s
     0     0    4.00000    0    6          -    4.00000      -     -    0s
     0     0    4.00000    0   10          -    4.00000      -     -    0s
     0     0    4.00000    0    8          -    4.00000      -     -    0s
     0     0    4.00000    0   21          -    4.00000      -     -    0s
     0     0    4.00000    0   26          -    4.00000      -     -    0s
     0     0    4.00000    0   13          -    4.00000      -     -    0s
     0     0    5.00000    0   13          -    5.00000      -     -    0s
     0     0    5.00000    0   13          -    5.00000      -     -    0s
     0     2    5.00000    0    8          -    5.00000      -     -    0s
 56572 45254   12.59050   18  137          -   11.20588      -  46.5    5s
 209738 147038   12.95024   25  124          -   11.94444      -  35.8   10s
 377329 248049   13.28101   32   92          -   12.32716      -  33.8   15s
 544805 342772   13.00000   23   56          -   12.59284      -  32.9   20s
 708723 434374   14.11111   27   44          -   12.80169      -  32.4   25s
 809637 485060   13.41434   29   98          -   12.94946      -  32.4   30s
 811289 486513   14.20000   42   59          -   12.99231      -  32.6   35s
 886575 527657   15.00000   28   34          -   13.00000      -  32.5   40s
 1040534 609614   13.37288   30  107          -   13.14286      -  32.2   45s
 1209599 695377   15.05231   36  107          -   13.26804      -  32.0   50s
 1371369 778090   15.85227   32  129          -   13.37255      -  31.8   55s
 1538412 861118   13.91489   28  122          -   13.49180      -  31.8   60s
 1713455 945044   14.56522   31   88          -   13.54545      -  31.7   65s
 1872469 1022563   18.00000   33   30          -   13.63636      -  31.7   70s
 2039981 1102330   14.75000   25   65          -   13.70833      -  31.7   75s
 2207621 1181247   15.83333   35   67          -   13.78278      -  31.7   80s
 2355570 1250777   15.30769   35   72          -   13.84899      -  31.7   85s
 2433912 1284145   15.11111   37   26          -   13.89189      -  31.8   90s
 2441512 1289761   14.68421   28   75          -   13.90323      -  31.8   95s
 2523077 1326123   14.85714   30   74          -   13.94444      -  31.8  100s
 2670237 1386640   15.00000   36    7          -   14.00000      -  31.9  105s
 2841531 1457741   15.00000   32   11          -   14.00000      -  31.8  110s
 3012627 1533233   14.50000   33   32          -   14.00000      -  31.7  115s
 3173733 1604938   14.08333   32  122          -   14.05660      -  31.7  120s
 3338012 1677896   14.87143   37   57          -   14.12500      -  31.7  125s
 3497702 1746504   14.91469   31  100          -   14.18000      -  31.7  130s
 3665830 1818012   17.00000   37   18          -   14.23077      -  31.7  135s
 3831261 1887941   15.75000   31   26          -   14.27235      -  31.7  140s
 3992098 1955199   14.75689   31  103          -   14.32407      -  31.7  145s
 4166713 2026021   15.00000   30   51          -   14.33908      -  31.6  150s
 4323944 2089503   15.26761   30   91          -   14.38889      -  31.6  155s
 4494747 2157805   15.05682   36   89          -   14.42857      -  31.6  160s
 4652206 2219938   15.91667   44   56          -   14.47191      -  31.7  165s
 4817994 2279879   16.00000   39    8          -   14.50000      -  31.7  170s
 4991553 2345696   15.71429   32   90          -   14.50000      -  31.6  175s
 5156795 2409775   16.00000   36   10          -   14.51429      -  31.6  180s
 5312499 2470467   14.65257   33  102          -   14.55882      -  31.6  185s
 5474031 2530723   14.94118   37   68          -   14.60000      -  31.6  190s
 5634095 2591952   17.00000   31   19          -   14.62698      -  31.6  195s
 5795503 2652633   16.00000   32   10          -   14.66667      -  31.6  200s
 5951620 2709250   16.20000   30   21          -   14.66667      -  31.6  205s
 6111774 2767978   16.19492   25   90          -   14.70588      -  31.6  210s
 6279228 2828362   15.16729   22  107          -   14.74251      -  31.7  215s
 6450254 2888060   15.36000   30   67          -   14.75000      -  31.6  220s
 6607947 2945655   15.68000   30   83          -   14.78947      -  31.7  225s
 6768259 3002083   15.28571   32   36          -   14.81379      -  31.7  230s
 6927273 3057610   15.09009   33   70          -   14.83979      -  31.7  235s
 7084426 3114302   16.00000   35   30          -   14.87361      -  31.7  240s
 7251075 3170751   16.69000   27  103          -   14.90000      -  31.8  245s
 7409475 3226753   16.51587   39   95          -   14.93478      -  31.8  250s
 7568348 3282490   15.35563   32  124          -   14.97436      -  31.8  255s
 7722170 3328322   16.87500   31   34          -   15.00000      -  31.9  260s
 7895740 3374513   16.00000   35   33          -   15.00000      -  31.8  265s
 8061836 3418055   15.79310   33   94          -   15.00000      -  31.8  270s
 8231565 3468420   15.00000   31    7          -   15.00000      -  31.8  275s
 8402120 3523388   15.81250   29   77          -   15.00000      -  31.8  280s
 8564927 3577776   16.09091   33   60          -   15.00000      -  31.8  285s
 8741816 3635814   16.00000   36   15          -   15.00000      -  31.8  290s
 8905415 3689831   16.00000   35   12          -   15.00000      -  31.7  295s
 9067855 3742908   17.00000   32   35          -   15.00000      -  31.7  300s
 9237748 3797944   15.43396   31   87          -   15.00000      -  31.7  305s
 9392540 3850150   16.04225   36  105          -   15.02351      -  31.7  310s
 9554171 3904075   15.23904   32  117          -   15.06635      -  31.7  315s
 9705583 3954063   16.33333   34   52          -   15.09589      -  31.7  320s
 9866982 4006806   16.84314   33   76          -   15.12500      -  31.7  325s
 10027163 4059116   15.45694   37  131          -   15.14754      -  31.7  330s
 10189253 4109901   16.66667   29   53          -   15.16667      -  31.7  335s
 10348708 4161079   15.54839   31  120          -   15.19565      -  31.7  340s
 10521888 4214899   15.99454   30   90          -   15.21136      -  31.7  345s
 10679076 4263329   16.33333   35   51          -   15.23529      -  31.7  350s
 10846308 4313766   15.50000   39   36          -   15.25000      -  31.7  355s
 11010219 4363486   16.40000   31   52          -   15.26144      -  31.7  360s
 11169606 4411345   17.00000   36   23          -   15.28571      -  31.7  365s
 11333424 4460279   16.40000   34   50          -   15.30612      -  31.7  370s
 11497711 4506297   16.12500   31   57          -   15.33333      -  31.7  375s
 11665659 4552647   15.93043   42   84          -   15.33333      -  31.7  380s
 11840828 4601141   16.49462   34   93          -   15.33333      -  31.7  385s
 12003675 4649063   16.26667   34   60          -   15.35093      -  31.7  390s
 12151861 4693022   16.00000   31   12          -   15.37500      -  31.7  395s
 12321172 4740111   17.14286   32   57          -   15.39286      -  31.7  400s
 12481614 4785285   17.44928   32   82          -   15.40000      -  31.7  405s
 12638631 4830155   15.77083   32   74          -   15.42134      -  31.7  410s
 12808782 4877503   16.70213   43   77          -   15.44000      -  31.7  415s
 12968027 4921318   15.94118   31   65          -   15.45833      -  31.7  420s
 13125506 4965309   15.87129   30   90          -   15.48148      -  31.8  425s
 13276545 5001190   15.89904   42   85          -   15.50000      -  31.8  430s
 13440129 5040612   16.25000   40   67          -   15.50000      -  31.8  435s
 13612883 5084941   16.00000   37   18          -   15.50000      -  31.8  440s
 13787272 5130463   16.75000   31   41          -   15.50000      -  31.7  445s
 13965870 5176844   18.17241   31   65          -   15.50000      -  31.7  450s
 14141435 5222090   16.00000   32   44          -   15.50000      -  31.7  455s
 14301651 5264120   16.71795   36   68          -   15.50000      -  31.7  460s
 14463624 5307644   18.28571   45   65          -   15.51020      -  31.7  465s
 14626615 5351179   16.04380   36  100          -   15.53571      -  31.7  470s
 14792674 5396125   16.00000   33    4          -   15.55556      -  31.7  475s
 14953652 5438721   15.88889   35   48          -   15.57143      -  31.7  480s
 15121004 5483599   15.90123   25   83          -   15.59016      -  31.7  485s
 15281374 5524874   15.92593   31   84          -   15.60000      -  31.7  490s
 15441590 5566772   17.00000   37    7          -   15.61386      -  31.7  495s
 15607294 5609487   16.00000   29   32          -   15.62810      -  31.7  500s
 15764731 5649930   15.69388   30   94          -   15.64706      -  31.8  505s
 15920550 5687720   15.80000   42   66          -   15.66667      -  31.8  510s
 16088616 5726804   15.83333   38   47          -   15.66667      -  31.8  515s
 16256501 5766957   17.00000   29    9          -   15.66667      -  31.7  520s
 16431325 5809030   18.00000   37    8          -   15.66667      -  31.7  525s
 16584411 5848177   15.90909   34   66          -   15.68182      -  31.7  530s
 16743617 5888583   15.75000   36   55          -   15.70000      -  31.8  535s
 16909092 5930366   16.00000   40   10          -   15.71429      -  31.8  540s
 17064229 5968448   17.20000   48   55          -   15.72792      -  31.8  545s
 17219549 6007430   16.23256   40   87          -   15.75000      -  31.8  550s
 17386669 6045163   16.50000   41   32          -   15.75000      -  31.8  555s
 17554226 6083716   16.33333   36   44          -   15.75000      -  31.8  560s
 17702694 6119905   16.72917   32   90          -   15.76648      -  31.8  565s
 17857810 6157911   15.80769   32   86          -   15.77949      -  31.8  570s
 18016390 6196733   16.75000   32   61          -   15.80000      -  31.8  575s
 18184348 6232810   17.17647   34   99          -   15.80000      -  31.8  580s
 18338184 6269464   16.75000   37   49          -   15.81579      -  31.8  585s
 18498911 6306003   16.50000   27   23          -   15.83333      -  31.9  590s
 18657623 6340392   16.93750   35   73          -   15.83333      -  31.9  595s
 18809358 6376430   17.44444   38   74          -   15.85208      -  31.9  600s
 18965995 6411870   16.71378   27   93          -   15.86207      -  31.9  605s
 19125099 6446503   16.33333   37   32          -   15.87500      -  31.9  610s
 19279804 6481872   17.00000   38   28          -   15.88889      -  31.9  615s
 19436275 6515897   16.27778   31   58          -   15.90000      -  31.9  620s
 19592959 6551122   16.50000   37   61          -   15.91667      -  31.9  625s
 19741222 6584247   16.89873   30  113          -   15.92857      -  32.0  630s
 19896690 6618282   16.72727   37   89          -   15.94595      -  32.0  635s
 20044990 6651266   17.00000   37   23          -   15.96356      -  32.0  640s
 20185500 6683042   16.00000   35   12          -   15.98718      -  32.0  645s
 20336246 6706070   17.00000   35    7          -   16.00000      -  32.1  650s
 20491733 6725929   19.00000   43   26          -   16.00000      -  32.1  655s
 20648390 6745976   16.50000   29   38          -   16.00000      -  32.1  660s
 20812637 6765828   17.66667   34   45          -   16.00000      -  32.1  665s
 20969771 6784876   17.33333   46   22          -   16.00000      -  32.1  670s
 21142026 6807404   16.06580   41  101          -   16.00000      -  32.1  675s
 21304570 6827839   17.57143   32   35          -   16.00000      -  32.1  680s
 21475970 6849921   17.00000   38   11          -   16.00000      -  32.1  685s
 21646618 6872203   17.00000   31   11          -   16.00000      -  32.0  690s
 21803607 6895652   17.00000   32   58          -   16.00000      -  32.0  695s
 21969837 6923999   17.33333   36   59          -   16.00000      -  32.0  700s
 22127786 6953662   17.00000   37   37          -   16.00000      -  32.0  705s
 22294055 6986486   17.00000   38   11          -   16.00000      -  32.0  710s
 22451623 7017157   17.00000   34    9          -   16.00000      -  32.0  715s
 22618387 7050268   18.00000   33   14          -   16.00000      -  32.0  720s
 22783870 7083628   18.00000   36   16          -   16.00000      -  32.0  725s
 22952613 7117314   16.25000   39   43          -   16.00000      -  32.0  730s
 23120617 7150768   18.44444   33   81          -   16.00000      -  32.0  735s
 23290834 7185340   17.00000   36    9          -   16.00000      -  32.0  740s
 23455394 7217752   17.00000   37   13          -   16.00000      -  32.0  745s
 23622100 7251135   18.00000   32   10          -   16.00000      -  32.0  750s
 23782129 7284032   16.75000   32   47          -   16.00000      -  32.0  755s
 23941571 7316102   17.50000   37   19          -   16.00000      -  32.0  760s
 24116306 7352476   17.00000   33    7          -   16.00000      -  32.0  765s
 24284531 7385923   17.00000   40    9          -   16.00000      -  31.9  770s
 24459568 7420967   16.85714   36   43          -   16.00000      -  31.9  775s
 24625201 7454482   17.44304   32   92          -   16.00000      -  31.9  780s
 24792300 7489304   17.06522   32   90          -   16.00000      -  31.9  785s
 24951258 7522484   17.00000   46    9          -   16.00000      -  31.9  790s
 25123803 7557970   16.70000   35   33          -   16.00000      -  31.9  795s
 25274730 7588055   18.00000   32   10          -   16.02216      -  31.9  800s
 25421830 7618123 infeasible   39               -   16.04545      -  32.0  805s
 25570893 7648609   16.64537   29  111          -   16.06303      -  32.0  810s
 25724789 7680378   16.93939   34  101          -   16.08054      -  32.0  815s
 25881585 7712149     cutoff   35               -   16.09524      -  32.0  820s
 26023798 7741105   16.27778   26   94          -   16.10850      -  32.0  825s
 26176028 7772163   16.66667   39   55          -   16.12062      -  32.0  830s
 26339663 7803410   17.14286   34   66          -   16.13107      -  32.0  835s
 26495716 7834302   17.00000   38   27          -   16.14286      -  32.0  840s
 26660331 7866160   16.33333   32   32          -   16.15385      -  32.0  845s
 26824522 7897450   16.84000   24   64          -   16.16667      -  32.0  850s
 26992794 7928019   16.40000   46   35          -   16.17073      -  32.0  855s
 27151108 7958714   17.17143   35   80          -   16.18519      -  32.0  860s
 27308922 7987666   16.42857   31   66          -   16.20000      -  32.0  865s
 27473924 8016009   18.60000   32   75          -   16.20000      -  32.0  870s
 27637183 8045321   17.59016   40  114          -   16.21053      -  32.0  875s
 27785476 8072389   17.33333   34   50          -   16.22222      -  32.0  880s
 27943292 8100852   16.66667   37   40          -   16.23333      -  32.0  885s
 28096947 8128037   16.50000   34   43          -   16.25000      -  32.0  890s
 28257241 8153968   17.00000   43   40          -   16.25000      -  32.0  895s
 28415139 8178330   16.57143   43   69          -   16.25000      -  32.0  900s
 28572787 8203882   16.72807   38  114          -   16.25000      -  32.0  905s
 28727764 8231206   16.50000   35   40          -   16.26087      -  32.0  910s
 28882375 8258673   17.65000   36   40          -   16.27273      -  32.0  915s
 29036916 8284929   17.00000   38   48          -   16.28571      -  32.0  920s
 29186398 8310487   16.50000   32   44          -   16.29146      -  32.0  925s
 29343736 8336359   16.47368   35   72          -   16.30000      -  32.0  930s
 29498312 8362056   17.50000   34   30          -   16.31250      -  32.1  935s
 29643514 8387358   17.00000   30   53          -   16.32836      -  32.1  940s
 29809234 8408479   18.11111   33   78          -   16.33333      -  32.1  945s
 29966503 8431290   17.00000   36    7          -   16.33333      -  32.1  950s
 30131736 8455147   16.55556   43   53          -   16.33333      -  32.1  955s
 30304214 8479340   17.00000   36    9          -   16.33333      -  32.0  960s
 30467495 8502206   16.50000   26   21          -   16.33333      -  32.0  965s
 30633650 8525365 infeasible   35               -   16.33333      -  32.0  970s
 30789124 8548572   18.11675   32   86          -   16.33656      -  32.0  975s
 30935693 8572861   18.00000   30   19          -   16.35294      -  32.0  980s
 31089404 8596928   17.80000   37   42          -   16.36364      -  32.1  985s
 31231546 8620085   17.81250   29   65          -   16.37500      -  32.1  990s
 31387145 8644281   18.03468   28   90          -   16.37931      -  32.1  995s
 31531820 8666442   17.37500   34   67          -   16.39063      -  32.1 1000s
 31689446 8690126   17.20000   29   33          -   16.40000      -  32.1 1005s
 31848181 8711650   18.00000   33    6          -   16.40000      -  32.1 1010s
 32002253 8733651 infeasible   32               -   16.40398      -  32.1 1015s
 32151987 8756243   17.32895   36   74          -   16.41667      -  32.1 1020s
 32302914 8779250   16.90323   35   62          -   16.42857      -  32.1 1025s
 32459007 8800962   18.00000   37   20          -   16.42857      -  32.1 1030s
 32603920 8823221 infeasible   35               -   16.44231      -  32.1 1035s
 32753356 8844579   17.42857   31   45          -   16.44828      -  32.1 1040s
 32895933 8864564   17.21053   28   89          -   16.45762      -  32.1 1045s
 33043034 8886100   17.29730   32   99          -   16.46777      -  32.1 1050s
 33183300 8907358   16.83333   40   57          -   16.48000      -  32.2 1055s
 33314370 8926426   17.24590   30  103          -   16.49686      -  32.2 1060s
 33461752 8932949   18.00000   41    6          -   16.50000      -  32.2 1065s
 33612461 8944282   17.00000   33   13          -   16.50000      -  32.2 1070s
 33775430 8960592 infeasible   36               -   16.50000      -  32.2 1075s
 33782192 8962978   18.00000   34    9          -   16.50000      -  32.2 1084s
 33845590 8963728   16.85714   32   74          -   16.50000      -  32.2 1085s
 33996290 8979281   17.00000   37    7          -   16.50000      -  32.2 1090s
 34141343 8995892   17.46667   35   54          -   16.50000      -  32.2 1095s
 34305601 9014335   17.00000   38   13          -   16.50000      -  32.1 1100s
 34461840 9032474   17.00000   32   10          -   16.50000      -  32.1 1105s
 34613633 9050026 infeasible   35               -   16.50000      -  32.1 1110s
 34779526 9068348   17.00000   37    7          -   16.50000      -  32.1 1115s
 34937491 9086363   16.50000   37   39          -   16.50000      -  32.1 1120s
 35094582 9104222   17.00000   30   24          -   16.50000      -  32.1 1125s
 35253340 9122677   16.50000   38   16          -   16.50000      -  32.1 1130s
 35419902 9142405   17.53846   45   44          -   16.50000      -  32.1 1135s
 35584490 9161267 infeasible   45               -   16.50000      -  32.1 1140s
 35744367 9179860   17.00000   47   11          -   16.50000      -  32.1 1145s
 35899748 9197903   17.94444   34   82          -   16.50000      -  32.1 1150s
 36062298 9217911   16.88140   31  103          -   16.50000      -  32.1 1155s
 36212056 9236267   17.50000   39   36          -   16.50000      -  32.1 1160s
 36360676 9254849   16.64706   37   62          -   16.50685      -  32.1 1165s
 36499582 9273514   18.08824   34  110          -   16.52174      -  32.1 1170s
 36645217 9292871   17.22222   44   44          -   16.53333      -  32.1 1175s
 36783097 9310685   18.00000   31    6          -   16.54167      -  32.1 1180s
 36922309 9329043   18.13208   50   85          -   16.55164      -  32.1 1185s
 37069795 9346528 infeasible   37               -   16.55682      -  32.1 1190s
 37215224 9365671   17.00000   34   13          -   16.57143      -  32.1 1195s
 37367288 9383606   17.00000   34   11          -   16.57143      -  32.1 1200s
 37510498 9402059   17.00000   44   11          -   16.58333      -  32.1 1205s
 37649954 9419566   18.43278   35   76          -   16.59091      -  32.1 1210s
 37798641 9437632   17.00000   30   13          -   16.60000      -  32.1 1215s
 37955386 9454378   18.60606   37   62          -   16.60000      -  32.1 1220s
 38112050 9470820   17.00000   35   17          -   16.60000      -  32.1 1225s
 38256584 9488403   17.00000   34   19          -   16.61111      -  32.2 1230s
 38394547 9505212   17.00000   34    9          -   16.62049      -  32.2 1235s
 38544592 9521742   17.50000   31   25          -   16.62500      -  32.2 1240s
 38682918 9538043   17.00000   36   11          -   16.63462      -  32.2 1245s
 38823247 9554322   18.00000   44    6          -   16.64286      -  32.2 1250s
 38968630 9571569   17.83333   37   42          -   16.65217      -  32.2 1255s
 39106330 9584796     cutoff   36               -   16.66667      -  32.2 1260s
 39261679 9598784   17.00000   33   24          -   16.66667      -  32.2 1265s
 39419264 9612815   18.01429   40   83          -   16.66667      -  32.2 1270s
 39568052 9625525   17.83333   41   40          -   16.66667      -  32.2 1275s
 39718585 9639049   17.50000   36   30          -   16.66667      -  32.2 1280s
 39873198 9652954   16.77778   39   70          -   16.66667      -  32.2 1285s
 40025103 9666412   16.91667   39   40          -   16.66667      -  32.2 1290s
 40182475 9680740   17.50000   42   20          -   16.66667      -  32.2 1295s
 40337946 9695047   17.00000   29   48          -   16.66667      -  32.2 1300s
 40492601 9709488   17.00000   35   11          -   16.66667      -  32.2 1305s
 40627618 9724640   17.25000   36   49          -   16.68182      -  32.2 1310s
 40767079 9739800   17.20000   40   45          -   16.69231      -  32.2 1315s
 40908705 9754219 infeasible   35               -   16.70000      -  32.2 1320s
 41041617 9768166   18.00000   37   37          -   16.70588      -  32.2 1325s
 41180912 9782243   17.50000   37   25          -   16.71429      -  32.2 1330s
 41327966 9796484   17.00000   27   11          -   16.71515      -  32.2 1335s
 41455585 9809901   18.83333   31   31          -   16.72727      -  32.2 1340s
 41590967 9822940   17.22222   38   43          -   16.73333      -  32.2 1345s
 41728073 9837358   17.57843   39   92          -   16.74419      -  32.3 1350s
 41878043 9848922   17.56522   33   75          -   16.75000      -  32.3 1355s
 42028691 9860781   16.88889   42   38          -   16.75000      -  32.3 1360s
 42179110 9872154   16.75000   37   44          -   16.75000      -  32.3 1365s
 42330140 9884868   17.00000   35    9          -   16.75000      -  32.3 1370s
 42474174 9896306   17.34746   30   83          -   16.75000      -  32.3 1375s
 42623248 9909270   17.62687   39   75          -   16.75000      -  32.3 1380s
 42747394 9921907   18.00000   34   96          -   16.76316      -  32.3 1385s
 42881246 9934475   17.54545   34   51          -   16.77143      -  32.3 1390s
 43025072 9947119   18.00000   37   18          -   16.77778      -  32.3 1395s
 43157039 9959467   17.00000   38   11          -   16.78571      -  32.3 1400s
 43296214 9972731   17.76923   37   97          -   16.79592      -  32.3 1405s
 43432726 9983588   18.00000   37   24          -   16.80000      -  32.3 1410s
 43576969 9994258   17.41176   30   54          -   16.80000      -  32.3 1415s
 43727397 10005733   17.20000   39   43          -   16.80000      -  32.3 1420s
 43865971 10017651 infeasible   47               -   16.80769      -  32.3 1425s
 43997610 10029378   18.16667   40   64          -   16.81818      -  32.3 1430s
 44138714 10041481   17.00000   36   35          -   16.82418      -  32.3 1435s
 44279705 10052929   18.00000   41   34          -   16.83333      -  32.4 1440s
 44424062 10062732   17.50000   32   51          -   16.83333      -  32.4 1445s
 44558886 10071492   17.00000   34  100          -   16.83333      -  32.4 1450s
 44698028 10083763 infeasible   38               -   16.84211      -  32.4 1455s
 44830086 10094547   18.90000   41   80          -   16.85030      -  32.4 1460s
 44973131 10105914   17.50000   36   27          -   16.85714      -  32.4 1465s
 45118966 10116682     cutoff   37               -   16.85978      -  32.4 1470s
 45251857 10127300   18.00000   35    6          -   16.86952      -  32.4 1475s
 45394437 10137071 infeasible   43               -   16.87500      -  32.4 1480s
 45533790 10146884   17.33333   35   24          -   16.88000      -  32.4 1485s
 45663909 10157048   17.50000   41   19          -   16.88889      -  32.4 1490s
 45807717 10167111   17.50000   34   35          -   16.89394      -  32.4 1495s
 45943419 10176310 infeasible   33               -   16.90000      -  32.4 1500s
 46078682 10186059     cutoff   37               -   16.90909      -  32.5 1505s
 46209430 10195619   17.37500   38   58          -   16.91667      -  32.5 1510s
 46349136 10204751   17.00000   38   17          -   16.92308      -  32.5 1515s
 46483503 10214099   17.93750   34   80          -   16.92857      -  32.5 1520s
 46617290 10222728   18.00000   38    6          -   16.93750      -  32.5 1525s
 46742783 10230978 infeasible   41               -   16.94624      -  32.5 1530s
 46874003 10239821   17.30769   34   47          -   16.95556      -  32.5 1535s
 47005823 10248925   17.57407   32   83          -   16.96633      -  32.5 1540s
 47132079 10257067   18.01357   34  101          -   16.97872      -  32.6 1545s
 47254138 10263360   18.42857   38   35          -   17.00000      -  32.6 1550s
 47385882 10255853   18.00000   43   12          -   17.00000      -  32.6 1555s
 47521660 10248350   18.18627   30   63          -   17.00000      -  32.6 1560s
 47658133 10241866   17.33333   41   22          -   17.00000      -  32.6 1565s
 47796121 10234454   17.12500   30   51          -   17.00000      -  32.6 1570s
 47938461 10226191     cutoff   43               -   17.00000      -  32.6 1575s
 48080777 10217864   18.00000   34   28          -   17.00000      -  32.6 1580s
 48217155 10209917     cutoff   45               -   17.00000      -  32.6 1585s
 48361447 10201670 infeasible   40               -   17.00000      -  32.6 1590s
 48506927 10194238   17.78495   39   94          -   17.00000      -  32.6 1595s
 48656348 10185493   18.00000   41    8          -   17.00000      -  32.6 1600s
 48800848 10177604   18.00000   38    9          -   17.00000      -  32.6 1605s
 48943061 10169139   18.00000   42    8          -   17.00000      -  32.6 1610s
 49087300 10161013   18.44444   38   51          -   17.00000      -  32.6 1615s
 49231007 10155382   17.50000   35   27          -   17.00000      -  32.6 1620s
 49375629 10149110   18.00000   39    8          -   17.00000      -  32.6 1625s
 49525628 10142417   18.00000   35   10          -   17.00000      -  32.6 1630s
 49663814 10135639   18.00000   42   10          -   17.00000      -  32.6 1635s
 49809438 10129065   18.00000   53   45          -   17.00000      -  32.6 1640s
 49946339 10122141   18.00000   32   10          -   17.00000      -  32.6 1645s
 50099901 10116556 infeasible   38               -   17.00000      -  32.6 1650s
 50237352 10110620   18.00000   33   10          -   17.00000      -  32.6 1655s
 50379118 10106801 infeasible   40               -   17.00000      -  32.6 1660s
 50522679 10105000   18.00000   37   21          -   17.00000      -  32.6 1665s
 50667269 10104685 infeasible   34               -   17.00000      -  32.6 1670s
 50819005 10105589   18.00000   38    8          -   17.00000      -  32.6 1675s
 50957182 10109883   17.00000   39    9          -   17.00000      -  32.6 1680s
 51106919 10115158   18.00000   43   27          -   17.00000      -  32.6 1685s
 51260142 10121007   18.00000   34   17          -   17.00000      -  32.6 1690s
 51401507 10126440     cutoff   34               -   17.00000      -  32.6 1695s
 51544971 10132063     cutoff   57               -   17.00000      -  32.6 1700s
 51695571 10137796   17.00000   34    7          -   17.00000      -  32.6 1705s
 51845969 10143483   18.00000   38   10          -   17.00000      -  32.6 1710s
 51989089 10149060 infeasible   47               -   17.00000      -  32.6 1715s
 52125957 10155329   18.00000   36    8          -   17.00000      -  32.6 1720s
 52272129 10162586 infeasible   38               -   17.00000      -  32.6 1725s
 52416203 10169667   18.00000   37    8          -   17.00000      -  32.6 1730s
 52572417 10177484   17.16667   41   44          -   17.00000      -  32.6 1735s
 52727218 10185181 infeasible   34               -   17.00000      -  32.6 1740s
 52749195 10186828   18.00000   45   32          -   17.00000      -  32.6 1745s
 52750239 10187572   18.00000   39    8          -   17.00000      -  32.6 1750s
 52804296 10189540   17.33333   47   22          -   17.00000      -  32.6 1755s
 52936230 10194098   18.00000   41   18          -   17.00000      -  32.6 1760s
 53073305 10198999   18.00000   36    6          -   17.00000      -  32.6 1765s
 53225205 10206193   17.00000   35    7          -   17.00000      -  32.6 1770s
 53369977 10212425 infeasible   38               -   17.00000      -  32.6 1775s
 53521817 10219458   18.00000   37   10          -   17.00000      -  32.6 1780s
 53673616 10226554   18.00000   40    8          -   17.00000      -  32.6 1785s
 53826795 10234256     cutoff   39               -   17.00000      -  32.6 1790s
 53978620 10241109 infeasible   50               -   17.00000      -  32.6 1795s
 54124426 10247824 infeasible   34               -   17.00000      -  32.6 1800s
 54286940 10255799 infeasible   42               -   17.00000      -  32.6 1805s
 54440663 10263310   18.00000   34   10          -   17.00000      -  32.6 1810s
 54585342 10270564   17.62963   38   49          -   17.00000      -  32.6 1815s
 54730146 10277281   19.50000   41   16          -   17.00000      -  32.6 1820s
 54879750 10283899 infeasible   40               -   17.00000      -  32.6 1825s
 55026157 10290116   17.50000   45   19          -   17.00000      -  32.6 1830s
 55170475 10295902   18.00000   37    8          -   17.00000      -  32.6 1835s
 55315743 10302413   18.00000   38   25          -   17.00000      -  32.6 1840s
 55458030 10309289   18.00000   42    8          -   17.00000      -  32.6 1845s
 55613414 10317008   18.00000   38   10          -   17.00000      -  32.5 1850s
 55764617 10324338   18.00000   43    6          -   17.00000      -  32.5 1855s
 55915682 10331879   18.00000   38    8          -   17.00000      -  32.5 1860s
 56059723 10338685   18.50000   34   15          -   17.00000      -  32.5 1865s
 56210925 10346094     cutoff   40               -   17.00000      -  32.5 1870s
 56360763 10353433   18.50000   44   25          -   17.00000      -  32.5 1875s
 56506409 10361171   17.55556   37   57          -   17.00000      -  32.5 1880s
 56657834 10369053   17.00000   37    5          -   17.00000      -  32.5 1885s
 56801305 10375439   17.25000   43   38          -   17.00000      -  32.5 1890s
 56945799 10382857   18.00000   40   12          -   17.00000      -  32.5 1895s
 57088177 10390435   18.00000   33   12          -   17.00000      -  32.5 1900s
 57233050 10397378   18.00000   40    8          -   17.00000      -  32.5 1905s
 57369659 10403842   18.00000   37    8          -   17.00000      -  32.5 1910s
 57501881 10408805   17.05333   31   87          -   17.01250      -  32.6 1915s
 57620990 10414029   17.50000   30   29          -   17.02941      -  32.6 1920s
 57751352 10420194     cutoff   38               -   17.04348      -  32.6 1925s
 57874864 10425985   17.66667   30   37          -   17.05556      -  32.6 1930s
 58009500 10432984 infeasible   33               -   17.06667      -  32.6 1935s
 58143560 10440146   18.00000   30    8          -   17.07576      -  32.6 1940s
 58278607 10446197 infeasible   44               -   17.08333      -  32.6 1945s
 58411574 10453433   17.41667   39   86          -   17.09091      -  32.6 1950s
 58539214 10458908   17.60000   40   66          -   17.10000      -  32.6 1955s
 58662549 10464661   19.00000   40   24          -   17.10820      -  32.6 1960s
 58802754 10470192   17.50000   37   17          -   17.11299      -  32.6 1965s
 58929366 10474922 infeasible   41               -   17.12500      -  32.6 1970s
 59071723 10479994   17.70000   41   71          -   17.12500      -  32.6 1975s
 59200016 10485474     cutoff   46               -   17.13514      -  32.7 1980s
 59327497 10489756   17.25000   39   20          -   17.14286      -  32.7 1985s
 59469413 10494165   18.13481   34  109          -   17.14286      -  32.7 1990s
 59596964 10499212   17.50000   43   47          -   17.15385      -  32.7 1995s
 59718351 10504081   17.50000   41   31          -   17.16250      -  32.7 2000s
 59861176 10504958   18.09615   39  132          -   17.16667      -  32.7 2005s
 60003049 10507374   17.47059   33   66          -   17.16667      -  32.7 2010s
 60128074 10510592   17.50000   39   21          -   17.17021      -  32.7 2015s
 60253678 10514776   17.47059   32   56          -   17.18161      -  32.7 2020s
 60389402 10518901   17.50000   33   48          -   17.18750      -  32.7 2025s
 60511933 10522371   17.42857   34   64          -   17.19824      -  32.7 2030s
 60656041 10523195 infeasible   38               -   17.20000      -  32.7 2035s
 60798289 10523933   18.00000   36    8          -   17.20000      -  32.7 2040s
 60938555 10525190   18.30000   31   47          -   17.20000      -  32.7 2045s
 61060925 10527737     cutoff   33               -   17.20833      -  32.7 2050s
 61186462 10530733   18.50000   38   28          -   17.21569      -  32.7 2055s
 61318581 10533114   18.66667   27   43          -   17.22222      -  32.7 2060s
 61448937 10535881   18.00000   36    6          -   17.22917      -  32.7 2065s
 61576845 10537881 infeasible   40               -   17.23684      -  32.8 2070s
 61700835 10537288   18.00000   42   10          -   17.25000      -  32.8 2075s
 61837992 10535783   17.50000   33   22          -   17.25000      -  32.8 2080s
 61979718 10534581   17.50000   34   41          -   17.25000      -  32.8 2085s
 62120017 10532473   18.00000   34   33          -   17.25000      -  32.8 2090s
 62263135 10530792   18.00000   37   12          -   17.25000      -  32.8 2095s
 62404331 10530219   17.37500   36   58          -   17.25000      -  32.8 2100s
 62544342 10529398   17.61111   42   49          -   17.25000      -  32.8 2105s
 62674170 10530254   17.42623   37   84          -   17.25641      -  32.8 2110s
 62799939 10531521     cutoff   38               -   17.26667      -  32.8 2115s
 62925931 10532140     cutoff   37               -   17.27273      -  32.8 2120s
 63049089 10533140 infeasible   27               -   17.28000      -  32.8 2125s
 63179128 10532985   18.05128   35   95          -   17.28571      -  32.8 2130s
 63320629 10532245   17.45455   42   63          -   17.28571      -  32.8 2135s
 63447909 10533046   17.84211   33   82          -   17.29630      -  32.8 2140s
 63577063 10532189   17.33333   31   44          -   17.30000      -  32.8 2145s
 63703606 10531930   18.00000   35   59          -   17.30769      -  32.8 2150s
 63829343 10532060   17.61017   32  117          -   17.31579      -  32.8 2155s
 63946487 10532187   18.00000   38   12          -   17.32624      -  32.9 2160s
 64065089 10523683   18.00000   40   58          -   17.33333      -  32.9 2165s
 64201503 10520432   17.50000   32   44          -   17.33333      -  32.9 2170s
 64202844 10521128   17.76744   32   70          -   17.33333      -  32.9 2175s
 64203628 10521488   18.33333   44   22          -   17.33333      -  32.9 2180s
 64204310 10521832   17.93333   37   60          -   17.33333      -  32.9 2185s
 64232447 10519841   18.50000   41   31          -   17.33333      -  32.9 2190s
 64319327 10516099   17.50000   35   29          -   17.33333      -  32.9 2195s
 64401369 10512397   18.16667   35   70          -   17.33333      -  32.9 2200s
 64532250 10506110 infeasible   34               -   17.33333      -  32.9 2205s
 64675284 10499568   17.50000   42   16          -   17.33333      -  32.9 2210s
 64819010 10494510   18.25000   36   33          -   17.33333      -  32.9 2215s
 64954683 10489972   18.54444   36   65          -   17.33333      -  32.9 2220s
 65098832 10484502     cutoff   36               -   17.33333      -  32.9 2225s
 65234846 10478865 infeasible   38               -   17.33333      -  32.9 2230s
 65371631 10473995   18.00000   39   40          -   17.33333      -  32.9 2235s
 65513877 10469159   18.12766   39   80          -   17.33333      -  32.9 2240s
 65643291 10465560   18.00000   32   10          -   17.33333      -  32.9 2245s
 65760870 10464671     cutoff   48               -   17.34483      -  32.9 2250s
 65886464 10463888   18.00000   38   46          -   17.35294      -  32.9 2255s
 66006201 10461769 infeasible   42               -   17.36111      -  32.9 2260s
 66131008 10459896   17.53226   33   83          -   17.36699      -  32.9 2265s
 66255242 10456870 infeasible   39               -   17.37500      -  32.9 2270s
 66390572 10453079   17.50000   37   36          -   17.37500      -  32.9 2275s
 66506748 10451614   17.65686   31   96          -   17.38372      -  32.9 2280s
 66632828 10448807   17.65476   46   85          -   17.38983      -  32.9 2285s
 66756535 10446011   17.94143   36   82          -   17.40000      -  33.0 2290s
 66891871 10440488   18.70000   30   72          -   17.40000      -  33.0 2295s
 67021605 10434351   18.23077   36   55          -   17.40000      -  33.0 2300s
 67156521 10428315   18.40000   40   66          -   17.40000      -  33.0 2305s
 67287977 10424404   18.20000   33   81          -   17.40395      -  33.0 2310s
 67402958 10422229   18.28571   36   59          -   17.41250      -  33.0 2315s
 67524216 10417991   18.00000   31   82          -   17.41797      -  33.0 2320s
 67653859 10413949     cutoff   36               -   17.42857      -  33.0 2325s
 67783657 10407692   18.00000   36   26          -   17.42857      -  33.0 2330s
 67908331 10402735     cutoff   34               -   17.43317      -  33.0 2335s
 68028297 10399101   18.36585   33   75          -   17.44118      -  33.0 2340s
 68152464 10393269 infeasible   41               -   17.44444      -  33.0 2345s
 68264848 10388793   18.40000   38   45          -   17.45161      -  33.0 2350s
 68392115 10383797   18.00000   39   24          -   17.45763      -  33.1 2355s
 68514484 10379376   18.04950   32   88          -   17.46512      -  33.1 2360s
 68642458 10374038     cutoff   40               -   17.47368      -  33.1 2365s
 68757261 10369514   18.00000   39   20          -   17.48148      -  33.1 2370s
 68878080 10365324   18.42857   39   57          -   17.49603      -  33.1 2375s
 69004240 10342144   18.00000   44   10          -   17.50000      -  33.1 2380s
 69134042 10322068     cutoff   43               -   17.50000      -  33.1 2385s
 69269826 10304303   18.33333   34   20          -   17.50000      -  33.1 2390s
 69398737 10292091   17.50000   37   30          -   17.50000      -  33.1 2395s
 69541499 10280609     cutoff   39               -   17.50000      -  33.1 2400s
 69670738 10270691     cutoff   38               -   17.50000      -  33.1 2405s
 69807542 10257032     cutoff   38               -   17.50000      -  33.1 2410s
 69950499 10243716     cutoff   44               -   17.50000      -  33.1 2415s
 70085792 10233372 infeasible   34               -   17.50000      -  33.1 2420s
 70224197 10222295   19.00000   27   31          -   17.50000      -  33.1 2425s
 70374739 10210978   18.00000   38   10          -   17.50000      -  33.1 2430s
 70517637 10200447   18.00000   31   12          -   17.50000      -  33.1 2435s
 70653584 10189824 infeasible   41               -   17.50000      -  33.1 2440s
 70796248 10178548   18.18182   50   54          -   17.50000      -  33.1 2445s
 70932984 10167839   17.83333   38   63          -   17.50000      -  33.1 2450s
 71075990 10156877   18.50000   37   20          -   17.50000      -  33.1 2455s
 71218847 10146033   18.00000   37    8          -   17.50000      -  33.1 2460s
 71364262 10135612   18.00000   45   12          -   17.50000      -  33.1 2465s
 71499964 10125245   17.66667   34   48          -   17.50000      -  33.1 2470s
 71644006 10114717 infeasible   33               -   17.50000      -  33.1 2475s
 71785846 10104231   18.00000   37   12          -   17.50000      -  33.1 2480s
 71922954 10094690   18.78571   34   88          -   17.50000      -  33.1 2485s
 72058585 10084799   18.50000   39   11          -   17.50000      -  33.1 2490s
 72194790 10075150   18.64706   36   53          -   17.50000      -  33.1 2495s
 72340538 10064120 infeasible   40               -   17.50000      -  33.1 2500s
 72475161 10054297 infeasible   43               -   17.50000      -  33.1 2505s
 72611423 10044683   18.00000   32   56          -   17.50000      -  33.1 2510s
 72746620 10035539   18.00000   54   16          -   17.50000      -  33.1 2515s
 72883191 10026347   17.75000   36   45          -   17.50000      -  33.1 2520s
 73019486 10017451   18.00000   43   33          -   17.50000      -  33.1 2525s
 73155769 10008197 infeasible   43               -   17.50000      -  33.1 2530s
 73266227 10002161   18.00000   53   37          -   17.51340      -  33.1 2535s
 73380969 9995757     cutoff   43               -   17.52381      -  33.1 2540s
 73501366 9988291 infeasible   36               -   17.53311      -  33.2 2545s
 73626659 9980540   18.50000   42   49          -   17.53846      -  33.2 2550s
 73748321 9972151     cutoff   34               -   17.54545      -  33.2 2555s
 73854069 9965496   18.33333   34   33          -   17.55556      -  33.2 2560s
 73983928 9955744 infeasible   48               -   17.55586      -  33.2 2565s
 74096184 9948858 infeasible   35               -   17.56560      -  33.2 2570s
 74220910 9939031   18.39196   30   89          -   17.57143      -  33.2 2575s
 74349638 9928370   18.50000   34   28          -   17.57143      -  33.2 2580s
 74462691 9921211 infeasible   46               -   17.58140      -  33.2 2585s
 74589153 9912091     cutoff   33               -   17.58824      -  33.2 2590s
 74696276 9905193   19.00000   32    9          -   17.59794      -  33.3 2595s
 74828697 9892667   18.33333   37   55          -   17.60000      -  33.3 2600s
 74957633 9880159 infeasible   41               -   17.60000      -  33.3 2605s
 75086489 9867587     cutoff   38               -   17.60000      -  33.3 2610s
 75213981 9856107     cutoff   38               -   17.60000      -  33.3 2615s
 75333622 9847030 infeasible   38               -   17.61111      -  33.3 2620s
 75447559 9838354 infeasible   38               -   17.61905      -  33.3 2625s
 75571069 9827142   17.80000   40   51          -   17.62500      -  33.3 2630s
 75689918 9816586   17.84615   34   69          -   17.62727      -  33.3 2635s
 75806594 9806549   18.33333   37   32          -   17.63636      -  33.3 2640s
 75913412 9797354   18.00000   42   12          -   17.64286      -  33.3 2645s
 76027228 9787122     cutoff   41               -   17.65000      -  33.3 2650s
 76139197 9777546 infeasible   41               -   17.66176      -  33.4 2655s
 76265286 9757775 infeasible   38               -   17.66667      -  33.4 2660s
 76387740 9742478   17.66667   37   65          -   17.66667      -  33.4 2665s
 76516047 9726080   18.00000   39   10          -   17.66667      -  33.4 2670s
 76645004 9709663   18.50000   45   39          -   17.66667      -  33.4 2675s
 76772941 9693787   19.00000   33   11          -   17.66667      -  33.4 2680s
 76908936 9677121   17.96970   31  101          -   17.66667      -  33.4 2685s
 77039031 9661102   18.33333   31   41          -   17.66667      -  33.4 2690s
 77174532 9643805   18.00000   33   10          -   17.66667      -  33.4 2695s
 77310530 9626956   18.46053   41   84          -   17.66667      -  33.4 2700s
 77445853 9610016     cutoff   38               -   17.66667      -  33.4 2705s
 77581003 9593204     cutoff   48               -   17.66667      -  33.4 2710s
 77709360 9577881     cutoff   35               -   17.66667      -  33.4 2715s
 77840929 9562860 infeasible   39               -   17.66967      -  33.4 2720s
 77948339 9552167   18.00000   34   21          -   17.68182      -  33.4 2725s
 78061953 9540799   17.98243   36  121          -   17.69083      -  33.4 2730s
 78172355 9529608   18.33333   34   23          -   17.69962      -  33.4 2735s
 78297670 9515030   18.09146   38  114          -   17.70312      -  33.4 2740s
 78405404 9502834     cutoff   37               -   17.71429      -  33.5 2745s
 78530039 9487417     cutoff   37               -   17.71429      -  33.5 2750s
 78647053 9473765     cutoff   41               -   17.71861      -  33.5 2755s
 78763842 9459850     cutoff   39               -   17.72727      -  33.5 2760s
 78871042 9447334   18.00000   34    8          -   17.73333      -  33.5 2765s
 78982980 9434900     cutoff   33               -   17.74453      -  33.5 2770s
 79108146 9415423 infeasible   36               -   17.75000      -  33.5 2775s
 79237570 9396678     cutoff   42               -   17.75000      -  33.5 2780s
 79372243 9376761   18.00000   45   26          -   17.75000      -  33.5 2785s
 79499507 9358708   18.00000   43   12          -   17.75000      -  33.5 2790s
 79628716 9340351 infeasible   42               -   17.75000      -  33.5 2795s
 79763556 9321160 infeasible   34               -   17.75000      -  33.5 2800s
 79884106 9304590   18.10145   39  108          -   17.75000      -  33.5 2805s
 79994782 9290588   18.26316   32   78          -   17.75862      -  33.5 2810s
 80102219 9276684   18.00000   35   20          -   17.76923      -  33.6 2815s
 80217848 9261570   17.91389   38  109          -   17.77778      -  33.6 2820s
 80338359 9245078 infeasible   41               -   17.77961      -  33.6 2825s
 80451090 9229143   19.00000   37   11          -   17.78947      -  33.6 2830s
 80561391 9214034   19.00000   33   15          -   17.80000      -  33.6 2835s
 80690155 9193394 infeasible   52               -   17.80000      -  33.6 2840s
 80818581 9172890   18.47619   38   52          -   17.80000      -  33.6 2845s
 80946370 9152758   18.00000   35   12          -   17.80000      -  33.6 2850s
 81055407 9135864 infeasible   43               -   17.80757      -  33.6 2855s
 81162730 9120281   18.00000   36   47          -   17.81720      -  33.6 2860s
 81278716 9102700     cutoff   33               -   17.82353      -  33.7 2865s
 81388789 9085709   18.00000   38   16          -   17.83333      -  33.7 2870s
 81520330 9063260     cutoff   41               -   17.83333      -  33.7 2875s
 81637844 9042708   18.50000   36   48          -   17.83333      -  33.7 2880s
 81755998 9023526     cutoff   44               -   17.84000      -  33.7 2885s
 81865513 9006369 infeasible   39               -   17.84870      -  33.7 2890s
 81970636 8989019   18.77778   36   62          -   17.85714      -  33.7 2895s
 82088712 8967632 infeasible   37               -   17.85714      -  33.7 2900s
 82194683 8950392   18.40138   40  102          -   17.86667      -  33.7 2905s
 82305561 8930553 infeasible   42               -   17.87500      -  33.7 2910s
 82424936 8909210   19.00000   40    9          -   17.87500      -  33.7 2915s
 82536098 8890469   18.05495   42  105          -   17.88636      -  33.8 2920s
 82650725 8869130   19.00000   38   15          -   17.88889      -  33.8 2925s
 82752790 8850832   18.00000   37   19          -   17.90000      -  33.8 2930s
 82860295 8830672   18.00000   39   10          -   17.90476      -  33.8 2935s
 82962536 8811378     cutoff   41               -   17.91234      -  33.8 2940s
 83078577 8789321   18.97674   41   71          -   17.92079      -  33.8 2945s
 83182915 8768769     cutoff   40               -   17.92857      -  33.8 2950s
 83278178 8750253 infeasible   38               -   17.93750      -  33.8 2955s
 83385868 8728937   18.00000   39    8          -   17.94737      -  33.9 2960s
 83494563 8706774   18.42857   36   59          -   17.95833      -  33.9 2965s
 83588875 8686767     cutoff   42               -   17.97170      -  33.9 2970s
 83681288 8667003     cutoff   40               -   17.99213      -  33.9 2975s
 83795835 8621828     cutoff   35               -   18.00000      -  33.9 2980s
 83920828 8569814   19.00000   38    7          -   18.00000      -  33.9 2985s
 84050673 8516170 infeasible   37               -   18.00000      -  33.9 2990s
 84174959 8464433     cutoff   39               -   18.00000      -  33.9 2995s
 84304944 8412839 infeasible   40               -   18.00000      -  33.9 3000s
 84428409 8366131     cutoff   35               -   18.00000      -  33.9 3005s
 84553092 8315021     cutoff   44               -   18.00000      -  33.9 3010s
 84685990 8262751   19.00000   41    7          -   18.00000      -  33.9 3015s
 84816520 8210614   19.00000   32    7          -   18.00000      -  33.9 3020s
 84948475 8156355 infeasible   38               -   18.00000      -  33.9 3025s
 85078668 8103611   18.50000   42   19          -   18.00000      -  33.9 3030s
 85202962 8053842   19.00000   37    7          -   18.00000      -  33.9 3035s
 85334845 8001642   18.16667   38   44          -   18.00000      -  33.9 3040s
 85467260 7950084   19.00000   38    9          -   18.00000      -  33.9 3045s
 85601998 7900536   18.00000   38   12          -   18.00000      -  33.9 3050s
 85739496 7847393   19.00000   40   11          -   18.00000      -  33.9 3055s
 85864554 7798333   18.25000   33   42          -   18.00000      -  33.9 3060s
 85996406 7747537     cutoff   30               -   18.00000      -  33.9 3065s
 86121939 7699779 infeasible   37               -   18.00000      -  33.9 3070s
 86252697 7650660   18.00000   44    4          -   18.00000      -  33.9 3075s
 86383680 7604086   18.00000   35    8          -   18.00000      -  33.9 3080s
 86517836 7554714 infeasible   38               -   18.00000      -  33.9 3085s
 86650209 7505291   18.33333   40   26          -   18.00000      -  33.9 3090s
 86783155 7455625     cutoff   47               -   18.00000      -  33.9 3095s
 86915364 7408427   19.00000   37    7          -   18.00000      -  33.9 3100s
 87050090 7363203     cutoff   42               -   18.00000      -  33.9 3105s
 87173991 7320908 infeasible   39               -   18.00000      -  33.9 3110s
 87299060 7281232   19.00000   43    7          -   18.00000      -  33.9 3115s
 87431148 7241758     cutoff   40               -   18.00000      -  33.9 3120s
 87556697 7208304   19.00000   43    9          -   18.00000      -  33.9 3125s
 87689234 7176149 infeasible   29               -   18.00000      -  33.9 3130s
 87814963 7144483 infeasible   37               -   18.00000      -  33.9 3135s
 87945303 7114091   19.00000   33    7          -   18.00000      -  33.9 3140s
 88069489 7086994     cutoff   42               -   18.00000      -  33.9 3145s
 88193898 7060680   19.00000   43   31          -   18.00000      -  33.9 3150s
 88318679 7032948   18.50000   38   15          -   18.00000      -  33.9 3155s
 88449926 7003875 infeasible   39               -   18.00000      -  33.9 3160s
 88573422 6976794     cutoff   37               -   18.00000      -  33.9 3165s
 88702111 6950026   18.00000   29   18          -   18.00000      -  33.9 3170s
 88825810 6923530 infeasible   39               -   18.00000      -  33.9 3175s
 88957202 6896033   19.00000   42    9          -   18.00000      -  33.9 3180s
 89089513 6867412     cutoff   46               -   18.00000      -  33.9 3185s
 89223218 6839820   19.00000   35    7          -   18.00000      -  33.9 3190s
 89357062 6812562     cutoff   48               -   18.00000      -  33.9 3195s
 89489717 6785056   18.80000   34   39          -   18.00000      -  33.9 3200s
 89621794 6756980   19.00000   38    7          -   18.00000      -  33.9 3205s
 89762583 6728447 infeasible   34               -   18.00000      -  33.9 3210s
 89895379 6701182     cutoff   40               -   18.00000      -  33.9 3215s
 90034833 6672797     cutoff   39               -   18.00000      -  33.9 3220s
 90166476 6645076 infeasible   43               -   18.00000      -  33.9 3225s
 90291752 6618018   19.00000   39   15          -   18.00000      -  33.9 3230s
 90423212 6589521 infeasible   40               -   18.00000      -  33.9 3235s
 90548909 6563052     cutoff   40               -   18.00000      -  33.9 3240s
 90681640 6535139 infeasible   48               -   18.00000      -  33.9 3245s
 90821826 6505205     cutoff   44               -   18.00000      -  33.9 3250s
 90960208 6476218   18.00000   38    6          -   18.00000      -  33.9 3255s
 91091912 6447976     cutoff   43               -   18.00000      -  33.9 3260s
 91223780 6419888   19.00000   34    7          -   18.00000      -  33.9 3265s
 91357923 6392639   19.00000   42    5          -   18.00000      -  33.9 3270s
 91482558 6367129 infeasible   37               -   18.00000      -  33.9 3275s
 91615264 6339385     cutoff   39               -   18.00000      -  33.9 3280s
 91739646 6312800 infeasible   44               -   18.00000      -  33.9 3285s
 91873599 6284769 infeasible   45               -   18.00000      -  33.9 3290s
 92004524 6257200   18.42105   35   80          -   18.00000      -  33.9 3295s
 92137686 6229139 infeasible   40               -   18.00000      -  33.9 3300s
 92269863 6201600   18.00000   38   10          -   18.00000      -  33.9 3305s
 92395983 6175490     cutoff   38               -   18.00000      -  33.9 3310s
 92527126 6147921 infeasible   39               -   18.00000      -  33.9 3315s
 92651699 6121574 infeasible   35               -   18.00000      -  33.9 3320s
 92778410 6095251   19.00000   44   17          -   18.00000      -  33.9 3325s
 92908541 6067516     cutoff   33               -   18.00000      -  33.9 3330s
 93033086 6041493 infeasible   40               -   18.00000      -  33.9 3335s
 93150517 6016307 infeasible   34               -   18.00000      -  33.9 3340s
 93275677 5989012     cutoff   38               -   18.00000      -  33.9 3345s
 93376611 5962622     cutoff   35               -   18.01786      -  33.9 3350s
 93471558 5936784     cutoff   36               -   18.03947      -  33.9 3355s
 93566500 5911728 infeasible   39               -   18.05556      -  33.9 3360s
 93673610 5882868     cutoff   45               -   18.07143      -  33.9 3365s
 93774935 5855202     cutoff   35               -   18.08333      -  34.0 3370s
 93873236 5828951   18.21470   42   99          -   18.09662      -  34.0 3375s
 93973164 5800461   18.54545   34   47          -   18.10811      -  34.0 3380s
 94066158 5772871     cutoff   36               -   18.11728      -  34.0 3385s
 94177563 5739164   18.46429   37   61          -   18.12500      -  34.0 3390s
 94273966 5711500   18.50000   28   20          -   18.13978      -  34.0 3395s
 94384480 5677035   18.19697   39   63          -   18.14286      -  34.0 3400s
 94481624 5647035   18.46211   37   83          -   18.16000      -  34.0 3405s
 94590935 5607720 infeasible   43               -   18.16667      -  34.0 3410s
 94702123 5571478 infeasible   37               -   18.16992      -  34.1 3415s
 94801515 5539146     cutoff   37               -   18.18519      -  34.1 3420s
 94896517 5503504     cutoff   34               -   18.20000      -  34.1 3425s
 95011149 5462458     cutoff   40               -   18.20000      -  34.1 3430s
 95114084 5425962     cutoff   36               -   18.20455      -  34.1 3435s
 95214661 5389463   18.53374   34   92          -   18.22222      -  34.1 3440s
 95308800 5355010 infeasible   43               -   18.23077      -  34.1 3445s
 95406679 5312274     cutoff   38               -   18.25000      -  34.1 3450s
 95516635 5268386 infeasible   36               -   18.25000      -  34.1 3455s
 95629875 5221318     cutoff   35               -   18.25000      -  34.2 3460s
 95744746 5175184   19.00000   39   15          -   18.25000      -  34.2 3465s
 95847567 5134795   18.41667   30   53          -   18.25556      -  34.2 3470s
 95942897 5096434 infeasible   37               -   18.27273      -  34.2 3475s
 96044200 5054211 infeasible   45               -   18.28571      -  34.2 3480s
 96140230 5013761 infeasible   42               -   18.29730      -  34.2 3485s
 96234575 4973058   18.66667   45   23          -   18.30909      -  34.2 3490s
 96326939 4925260     cutoff   43               -   18.33333      -  34.2 3495s
 96435373 4872770   18.33333   45   35          -   18.33333      -  34.2 3500s
 96557188 4814133   18.50000   36   26          -   18.33333      -  34.2 3505s
 96669484 4760665 infeasible   32               -   18.33333      -  34.2 3510s
 96786255 4704164 infeasible   38               -   18.33333      -  34.2 3515s
 96900890 4647972 infeasible   36               -   18.33333      -  34.3 3520s
 97008073 4596932   18.57143   42   43          -   18.33333      -  34.3 3525s
 97102172 4552233 infeasible   42               -   18.35556      -  34.3 3530s
 97194758 4506824 infeasible   43               -   18.37374      -  34.3 3535s
 97295367 4456277     cutoff   41               -   18.38462      -  34.3 3540s
 97393356 4405153     cutoff   42               -   18.40000      -  34.3 3545s
 97502617 4345615   18.60000   33   76          -   18.40000      -  34.3 3550s
 97600113 4293843 infeasible   40               -   18.41667      -  34.3 3555s
 97695259 4239559     cutoff   38               -   18.42857      -  34.3 3560s
 97788272 4187741     cutoff   33               -   18.44444      -  34.3 3565s
 97879528 4134069   18.80000   40   62          -   18.46667      -  34.4 3570s
 97983512 4069998   19.00000   34   10          -   18.50000      -  34.4 3575s
 98111070 3980300 infeasible   49               -   18.50000      -  34.4 3580s
 98231957 3905518     cutoff   42               -   18.50000      -  34.4 3585s
 98344986 3837749 infeasible   38               -   18.50000      -  34.4 3590s
 98466061 3764446 infeasible   37               -   18.50000      -  34.4 3595s
 98585978 3692517 infeasible   36               -   18.50000      -  34.4 3600s
 98703469 3622097 infeasible   43               -   18.50000      -  34.4 3605s
 98819651 3551736   19.00000   39    7          -   18.50000      -  34.4 3610s
 98941717 3477907     cutoff   40               -   18.50000      -  34.4 3615s
 99054537 3408848     cutoff   41               -   18.50000      -  34.4 3620s
 99181683 3334008 infeasible   41               -   18.50000      -  34.4 3625s
 99290969 3268947   18.75000   38   36          -   18.50000      -  34.4 3630s
 99405384 3201061     cutoff   39               -   18.50000      -  34.4 3635s
 99517544 3135677 infeasible   43               -   18.50000      -  34.4 3640s
 99606946 3076622 infeasible   41               -   18.53333      -  34.4 3645s
 99702389 3006946 infeasible   42               -   18.56250      -  34.4 3650s
 99800722 2932697     cutoff   39               -   18.58929      -  34.4 3655s
 99917876 2841406 infeasible   34               -   18.60000      -  34.4 3660s
 100010717 2766968 infeasible   39               -   18.63636      -  34.4 3665s
 100128789 2658211 infeasible   47               -   18.66667      -  34.4 3670s
 100273126 2533633     cutoff   34               -   18.66667      -  34.4 3675s
 100403523 2438028     cutoff   38               -   18.68421      -  34.4 3680s
 100512521 2345704     cutoff   29               -   18.73881      -  34.4 3685s
 100647484 2218125 infeasible   47               -   18.75000      -  34.4 3690s
 100781198 2112671   19.00000   39    6          -   18.80769      -  34.4 3695s
 100795069 2099414     cutoff   50               -   18.81818      -  34.4 3700s
 100810661 2064638     cutoff   32               -   18.82857      -  34.4 3705s
 100941310 1962242     cutoff   36               -   18.93750      -  34.4 3710s
 101195480 1693358 infeasible   36               -   19.00000      -  34.4 3715s
 101445138 1457417 infeasible   42               -   19.00000      -  34.3 3720s
 101722141 1193017 infeasible   38               -   19.00000      -  34.2 3725s
 101975651 951796     cutoff   41               -   19.00000      -  34.2 3730s
 102188618 756477 infeasible   48               -   19.00000      -  34.1 3735s
 102386512 576481     cutoff   32               -   19.00000      -  34.1 3740s
 102583259 399041 infeasible   37               -   19.00000      -  34.1 3745s

Cutting planes:
  Gomory: 89
  Lift-and-project: 3
  Cover: 2
  Implied bound: 195
  MIR: 333
  Flow cover: 1
  Zero half: 387
  Relax-and-lift: 14

Explored 102757875 nodes (3499999502 simplex iterations) in 3749.44 seconds (4837.86 work units)
Thread count was 64 (of 64 available processors)

Solution count 0

Model objective exceeds cutoff
Best objective -, best bound 1.950000000205e+01, gap -
