[2026-09-27 04:24:04] === D2_15 [[120,8]] w=5 d_ub=8 Xlog=8 Zlog=8 threads=8 nodefile=10GB memlimit=40GB
[2026-09-27 04:24:04] dZ sector 1/8: >= 8  (0s)
[2026-09-27 04:24:04] dZ sector 2/8: >= 8  (0s)
[2026-09-27 04:24:04] dZ sector 3/8: >= 8  (0s)
[2026-09-27 04:24:04] dZ sector 4/8: >= 8  (0s)
[2026-09-27 04:24:04] dZ sector 5/8: >= 8  (0s)
[2026-09-27 04:24:05] dZ sector 6/8: >= 8  (0s)
[2026-09-27 04:24:05] dZ sector 7/8: >= 8  (0s)
[2026-09-27 04:24:05] dZ sector 8/8: >= 8  (0s)
[2026-09-27 04:24:05] dX sector 1/8: >= 8  (0s)
[2026-09-27 04:24:05] dX sector 2/8: >= 8  (0s)
[2026-09-27 04:24:05] dX sector 3/8: >= 8  (0s)
[2026-09-27 04:24:05] dX sector 4/8: >= 8  (0s)
[2026-09-27 04:24:06] dX sector 5/8: >= 8  (0s)
[2026-09-27 04:24:06] dX sector 6/8: >= 8  (0s)
[2026-09-27 04:24:06] dX sector 7/8: >= 8  (0s)
[2026-09-27 04:24:06] dX sector 8/8: >= 8  (0s)
[2026-09-27 04:24:06] PROVEN d = 8
[2026-09-27 04:24:06] witness dZ sector 1 weight 8 support [24, 28, 51, 59, 66, 72, 73, 79]
[2026-09-27 04:24:06] === FINAL [[120,8,8]] w=5 Q=4.267
[2026-09-27 04:40:00] === D2_15 [[120,8]] w=5 d_ub=9 Xlog=8 Zlog=8 threads=4 nodefile=4GB memlimit=40GB
[2026-09-27 04:40:00] PROVEN d = 8
[2026-09-27 04:40:01] witness dZ sector 1 weight 8 support [24, 28, 51, 59, 66, 72, 73, 79]
[2026-09-27 04:40:01] === FINAL [[120,8,8]] w=5 Q=4.267
