[2026-09-27 04:24:10] === D2_4 [[240,16]] w=5 d_ub=8 Xlog=16 Zlog=16 threads=8 nodefile=10GB memlimit=40GB
[2026-09-27 04:24:11] dZ sector 1/16: >= 8  (0s)
[2026-09-27 04:24:11] dZ sector 2/16: >= 8  (0s)
[2026-09-27 04:24:11] dZ sector 3/16: >= 8  (0s)
[2026-09-27 04:24:11] dZ sector 4/16: >= 8  (0s)
[2026-09-27 04:24:11] dZ sector 5/16: >= 8  (0s)
[2026-09-27 04:24:11] dZ sector 6/16: >= 8  (0s)
[2026-09-27 04:24:11] dZ sector 7/16: >= 8  (0s)
[2026-09-27 04:24:11] dZ sector 8/16: >= 8  (0s)
[2026-09-27 04:24:11] dZ sector 9/16: >= 8  (0s)
[2026-09-27 04:24:11] dZ sector 10/16: >= 8  (0s)
[2026-09-27 04:24:12] dZ sector 11/16: >= 8  (0s)
[2026-09-27 04:24:12] dZ sector 12/16: >= 8  (0s)
[2026-09-27 04:24:12] dZ sector 13/16: >= 8  (0s)
[2026-09-27 04:24:12] dZ sector 14/16: >= 8  (0s)
[2026-09-27 04:24:12] dZ sector 15/16: >= 8  (0s)
[2026-09-27 04:24:12] dZ sector 16/16: >= 8  (0s)
[2026-09-27 04:24:12] dX sector 1/16: >= 8  (0s)
[2026-09-27 04:24:13] dX sector 2/16: >= 8  (0s)
[2026-09-27 04:24:13] dX sector 3/16: >= 8  (0s)
[2026-09-27 04:24:13] dX sector 4/16: >= 8  (0s)
[2026-09-27 04:24:13] dX sector 5/16: >= 8  (0s)
[2026-09-27 04:24:13] dX sector 6/16: >= 8  (0s)
[2026-09-27 04:24:14] dX sector 7/16: >= 8  (0s)
[2026-09-27 04:24:14] dX sector 8/16: >= 8  (0s)
[2026-09-27 04:24:14] dX sector 9/16: >= 8  (0s)
[2026-09-27 04:24:14] dX sector 10/16: >= 8  (0s)
[2026-09-27 04:24:14] dX sector 11/16: >= 8  (0s)
[2026-09-27 04:24:14] dX sector 12/16: >= 8  (0s)
[2026-09-27 04:24:14] dX sector 13/16: >= 8  (0s)
[2026-09-27 04:24:15] dX sector 14/16: >= 8  (0s)
[2026-09-27 04:24:15] dX sector 15/16: >= 8  (0s)
[2026-09-27 04:24:15] dX sector 16/16: >= 8  (0s)
[2026-09-27 04:24:15] PROVEN d = 8
[2026-09-27 04:24:15] witness dZ sector 1 weight 8 support [12, 34, 43, 65, 67, 84, 138, 163]
[2026-09-27 04:24:15] === FINAL [[240,16,8]] w=5 Q=4.267
