[2026-09-12 01:11:24] === H10_n360k20d20 [[360,20]] w=6 d_ub=20 Xlog=20 Zlog=20 threads=24 nodefile=30GB memlimit=40GB
[2026-09-12 02:06:20] dZ sector 2/20: >= 20  (3296s)
[2026-09-12 03:17:33] dZ sector 3/20: >= 20  (4273s)
[2026-09-12 04:06:23] dZ sector 4/20: >= 20  (2930s)
[2026-09-12 05:04:54] dZ sector 5/20: >= 20  (3511s)
[2026-09-12 06:03:24] dZ sector 6/20: >= 20  (3510s)
[2026-09-12 07:31:05] dZ sector 7/20: >= 20  (5261s)
[2026-09-12 08:20:22] dZ sector 8/20: >= 20  (2957s)
[2026-09-12 09:33:21] dZ sector 9/20: >= 20  (4380s)
[2026-09-12 10:30:45] dZ sector 10/20: >= 20  (3443s)
[2026-09-12 12:20:57] dZ sector 11/20: >= 20  (6612s)
[2026-09-12 13:44:13] dZ sector 12/20: >= 20  (4997s)
[2026-09-12 14:51:40] dZ sector 13/20: >= 20  (4047s)
[2026-09-12 16:04:11] dZ sector 14/20: >= 20  (4351s)
[2026-09-12 17:19:48] dZ sector 15/20: >= 20  (4537s)
[2026-09-12 18:25:02] dZ sector 16/20: >= 20  (3914s)
[2026-09-12 19:33:43] dZ sector 17/20: >= 20  (4120s)
[2026-09-12 20:30:50] dZ sector 18/20: >= 20  (3427s)
[2026-09-12 21:23:21] dZ sector 19/20: >= 20  (3151s)
[2026-09-12 22:34:20] dZ sector 20/20: >= 20  (4259s)
[2026-09-12 23:23:57] dX sector 1/20: >= 20  (2978s)
[2026-09-13 00:13:44] dX sector 2/20: >= 20  (2987s)
[2026-09-13 00:37:33] dX sector 3/20: >= 20  (1429s)
[2026-09-13 01:27:29] dX sector 4/20: >= 20  (2996s)
[2026-09-13 02:22:02] dX sector 5/20: >= 20  (3274s)
[2026-09-13 03:15:22] dX sector 6/20: >= 20  (3199s)
[2026-09-13 04:09:59] dX sector 7/20: >= 20  (3277s)
[2026-09-13 04:54:02] dX sector 8/20: >= 20  (2644s)
[2026-09-13 05:57:28] dX sector 9/20: >= 20  (3805s)
[2026-09-13 06:21:23] dX sector 10/20: >= 20  (1436s)
[2026-09-13 07:30:42] dX sector 11/20: >= 20  (4159s)
[2026-09-13 08:20:08] dX sector 12/20: >= 20  (2966s)
[2026-09-13 09:19:58] dX sector 13/20: >= 20  (3591s)
[2026-09-13 10:14:39] dX sector 14/20: >= 20  (3280s)
[2026-09-13 11:04:05] dX sector 15/20: >= 20  (2967s)
[2026-09-13 11:47:31] dX sector 16/20: >= 20  (2606s)
[2026-09-13 12:37:20] dX sector 17/20: >= 20  (2989s)
[2026-09-13 13:32:50] dX sector 18/20: >= 20  (3330s)
[2026-09-13 14:04:54] dX sector 19/20: >= 20  (1924s)
[2026-09-13 15:04:03] dX sector 20/20: >= 20  (3549s)
[2026-09-13 15:04:03] PROVEN d = 20
[2026-09-13 15:04:03] witness dZ sector 1 weight 20 support [6, 8, 9, 18, 43, 72, 75, 79, 89, 99, 104, 210, 226, 238, 251, 269, 302, 312, 345, 358]
[2026-09-13 15:04:03] === FINAL [[360,20,20]] w=6 Q=22.222
