
Gurobi 13.0.3 (linux64) logging started Fri Sep 11 23:40:02 2026

Set parameter LogFile to value "H10_n360k20d20_dZ_1-1_gurobi.log"
Set parameter Threads to value 16
Set parameter NodefileStart to value 8
Set parameter NodefileDir to value "."
Set parameter SoftMemLimit to value 45
Set parameter Cutoff to value 19.5
Set parameter MIPFocus to value 3
Set parameter Symmetry to value 2
Gurobi Optimizer version 13.0.3 build v13.0.3rc0 (linux64 - "Ubuntu 24.04.4 LTS")

CPU model: AMD Ryzen Threadripper PRO 9975WX 32-Cores, instruction set [SSE2|AVX|AVX2|AVX512]
Thread count: 32 physical cores, 64 logical processors, using up to 16 threads

Non-default parameters:
Cutoff  19.5
SoftMemLimit  45
MIPFocus  3
NodefileStart  8
Symmetry  2
Threads  16

Optimize a model with 181 rows, 541 columns and 1297 nonzeros (Min)
Model fingerprint: 0x7ae5c59e
Model has 360 linear objective coefficients
Variable types: 0 continuous, 541 integer (360 binary)
Coefficient statistics:
  Matrix range     [1e+00, 2e+00]
  Objective range  [1e+00, 1e+00]
  Bounds range     [1e+00, 2e+01]
  RHS range        [1e+00, 1e+00]

Presolve time: 0.00s
Presolved: 181 rows, 541 columns, 1297 nonzeros
Variable types: 0 continuous, 541 integer (360 binary)
Root relaxation presolve removed 181 rows and 541 columns
Root relaxation presolve: All rows and columns removed

Root relaxation: objective 1.000000e+00, 0 iterations, 0.00 seconds (0.00 work units)

    Nodes    |    Current Node    |     Objective Bounds      |     Work
 Expl Unexpl |  Obj  Depth IntInf | Incumbent    BestBd   Gap | It/Node Time

     0     0    1.00000    0    3          -    1.00000      -     -    0s
     0     0    1.00000    0    3          -    1.00000      -     -    0s
     0     0    1.00000    0    3          -    1.00000      -     -    0s
     0     0    2.00000    0    3          -    2.00000      -     -    0s
     0     0    2.00000    0    3          -    2.00000      -     -    0s
     0     2    3.00000    0    3          -    3.00000      -     -    0s
 41189 34387   11.00000   34   21          -    8.00000      -  31.5    5s
 62766 46047   11.50000   26   41          -    8.71376      -  49.2   10s
 88518 60035   15.00000   36    9          -    9.00000      -  57.8   15s
 114853 74673   13.19145   44  168          -    9.45455      -  60.3   20s
 151014 91671   15.76923   37  126          -   10.00000      -  59.5   25s
 185968 109585   12.00000   47   28          -   10.80000      -  59.5   30s
 222844 125390   15.25424   29  102          -   11.00000      -  59.2   35s
 253750 141796   12.23000   30  169          -   11.43750      -  59.9   40s
 281181 155867   14.79688   33  136          -   11.66667      -  60.6   45s
 307430 170099   14.75000   35   61          -   11.87805      -  61.7   50s
 312358 172133   12.84478   26  163          -   11.96000      -  62.1   55s
 330402 180992   15.66667   50   36          -   12.00000      -  62.6   60s
 362823 193524   12.00000   35   23          -   12.00000      -  62.7   65s
 389097 206620   13.00000   31   23          -   12.07225      -  63.5   70s
 412147 218196   14.60215   32  143          -   12.20692      -  64.3   75s
 435853 229979   12.39105   31  211          -   12.30625      -  65.2   80s
 455698 238975   15.00000   32    3          -   12.37248      -  65.6   85s
 465350 243529   14.00000   36   22          -   12.41156      -  65.9   90s
 484839 253345   13.32000   28   90          -   12.50000      -  66.7   95s
 512176 264825   15.00000   35   40          -   12.53406      -  66.7  100s
 536340 275655   13.00000   42   19          -   12.62500      -  67.3  105s
 562713 287238   15.00000   29   70          -   12.69355      -  67.6  110s
 588192 298427   13.11828   40  237          -   12.77273      -  67.9  115s
 615139 310018   17.50000   51   58          -   12.85135      -  68.2  120s
 639834 320628   16.17092   50  101          -   12.92875      -  68.5  125s
 666891 331681   15.75000   32   72          -   13.00000      -  68.7  130s
 699490 343281   14.72222   41   76          -   13.00000      -  68.5  135s
 733547 354553   14.00000   28    8          -   13.00000      -  68.2  140s
 760902 365662   14.00000   37   14          -   13.05000      -  68.3  145s
 788946 377773   14.00000   56   28          -   13.15385      -  68.3  150s
 818111 390059   13.66667   32   45          -   13.22973      -  68.2  155s
 846791 402198   18.63587   46  150          -   13.29245      -  68.2  160s
 874584 413700   13.50000   32   27          -   13.33333      -  68.2  165s
 904654 426379   16.00000   35    8          -   13.40000      -  68.1  170s
 932233 437370   15.98504   32  145          -   13.45455      -  68.1  175s
 961420 448810   17.96386   41  153          -   13.50000      -  68.0  180s
 991244 460172   19.11290   38  135          -   13.50000      -  68.0  185s
 1020055 470999   17.00000   40    9          -   13.55556      -  68.0  190s
 1048330 482170   14.57615   38  191          -   13.60194      -  68.0  195s
 1074717 492654   16.71875   33   73          -   13.65385      -  68.1  200s
 1103890 503469   14.33333   33   61          -   13.66667      -  68.1  205s
 1128950 513068   14.49292   31  142          -   13.71429      -  68.2  210s
 1156438 523222   14.00000   40   18          -   13.75000      -  68.3  215s
 1182502 532821   16.08048   33  155          -   13.77778      -  68.4  220s
 1206635 542055   15.00000   36   14          -   13.80493      -  68.5  225s
 1232402 551877   16.00000   41    4          -   13.83495      -  68.7  230s
 1254948 560551   17.00000   33   25          -   13.86287      -  68.8  235s
 1279475 569488   15.22078   34  120          -   13.88889      -  69.0  240s
 1302058 577916   16.00000   30   20          -   13.91525      -  69.2  245s
 1323620 585449   17.47059   29  121          -   13.93938      -  69.4  250s
 1345914 593237   15.40000   30   94          -   13.96629      -  69.6  255s
 1367003 600416   16.00000   42   38          -   13.99415      -  69.9  260s
 1395034 609539   16.49667   40  164          -   14.00000      -  69.9  265s
 1423298 617957   14.85714   60   86          -   14.00000      -  69.9  270s
 1453671 626883   16.00000   40   16          -   14.00000      -  69.8  275s
 1485559 636008   14.00000   42    8          -   14.00000      -  69.7  280s
 1515418 644640   18.00000   32   47          -   14.00000      -  69.7  285s
 1543738 653961   15.00000   36   39          -   14.00000      -  69.7  290s
 1567235 661816   15.20267   35  123          -   14.02662      -  69.8  295s
 1588250 668729   15.71930   36  153          -   14.05765      -  70.0  300s
 1611951 676290   18.59502   46  177          -   14.08889      -  70.1  305s
 1635579 683670   15.58824   28  108          -   14.11215      -  70.3  310s
 1657474 690575   15.02436   50  149          -   14.13486      -  70.4  315s
 1680322 697712   15.77949   31  128          -   14.15557      -  70.5  320s
 1702214 704534   16.96708   36  143          -   14.17380      -  70.7  325s
 1724646 710701   18.00000   35    1          -   14.19646      -  70.8  330s
 1748531 718015   18.17647   35   92          -   14.21327      -  70.9  335s
 1770987 724406   14.39282   37  198          -   14.23111      -  71.1  340s
 1791670 730061   16.00000   38    9          -   14.25000      -  71.2  345s
 1818339 737875   16.29787   37   79          -   14.26198      -  71.2  350s
 1841398 744161   18.00000   42   58          -   14.28241      -  71.4  355s
 1863857 750795   14.50000   35   42          -   14.30000      -  71.5  360s
 1885561 756470   18.42834   35  131          -   14.31707      -  71.6  365s
 1908020 762677   14.71429   28   78          -   14.33333      -  71.7  370s
 1941380 771680   14.60784   39  149          -   14.33333      -  71.6  375s
 1960840 776622   15.87842   44  196          -   14.35484      -  71.8  380s
 1981503 782266   15.76419   33  122          -   14.37333      -  71.9  385s
 2003411 788187   17.25000   39   84          -   14.39063      -  72.0  390s
 2025047 793699   17.80000   40   63          -   14.40193      -  72.1  395s
 2035711 796793   16.50000   34   55          -   14.41176      -  72.2  400s
 2058401 802756   14.66667   33   32          -   14.42857      -  72.3  405s
 2078680 807984   16.84615   34   96          -   14.44444      -  72.4  410s
 2101733 813407   16.78000   32  131          -   14.46154      -  72.5  415s
 2123324 818529   18.00000   38   50          -   14.48032      -  72.6  420s
 2142846 823223   17.75000   40   80          -   14.50000      -  72.8  425s
 2175523 831799   15.00000   37    7          -   14.50000      -  72.7  430s
 2210903 841766   15.19048   30   90          -   14.50000      -  72.5  435s
 2242762 850168   16.00000   33    8          -   14.50000      -  72.4  440s
 2263421 854854   16.00000   40   16          -   14.51807      -  72.5  445s
 2286667 860629   18.78400   40  131          -   14.54062      -  72.6  450s
 2307988 865601   17.70833   39  112          -   14.55881      -  72.7  455s
 2332127 871658   16.00000   49   51          -   14.57692      -  72.8  460s
 2355561 877488   16.03498   40  201          -   14.59991      -  72.9  465s
 2380659 883689   18.00000   42    1          -   14.61094      -  72.9  470s
 2403741 889198   17.43846   42  144          -   14.62736      -  72.9  475s
 2427649 894368   14.81926   39  225          -   14.64650      -  73.0  480s
 2449415 899264   14.90000   41   86          -   14.66667      -  73.1  485s
 2480584 907299   16.66667   50   35          -   14.66667      -  73.0  490s
 2507850 913819   16.33333   29   55          -   14.67742      -  73.0  495s
 2530430 918922   17.50000   44   22          -   14.69761      -  73.1  500s
 2552240 924169   16.40972   34  155          -   14.71429      -  73.1  505s
 2575799 929513   15.07692   34  119          -   14.72857      -  73.1  510s
 2595551 933765   18.00000   42    1          -   14.74699      -  73.2  515s
 2625590 941522   17.66667   48   43          -   14.75000      -  73.1  520s
 2645996 945935   16.70588   46   97          -   14.76471      -  73.2  525s
 2668950 950913     cutoff   46               -   14.78261      -  73.2  530s
 2687652 955234   15.00000   33   25          -   14.80000      -  73.3  535s
 2714499 961411   17.95056   37  159          -   14.80810      -  73.3  540s
 2736633 966334   17.12500   43   47          -   14.82707      -  73.3  545s
 2762563 972520   15.54514   33  166          -   14.83750      -  73.3  550s
 2782963 977120     cutoff   45               -   14.85704      -  73.4  555s
 2806931 982576   18.00000   44   22          -   14.86957      -  73.4  560s
 2830414 987873   15.14740   49  194          -   14.88489      -  73.4  565s
 2852759 993058   15.52511   51  137          -   14.90000      -  73.5  570s
 2873898 997685   16.64929   40  164          -   14.91379      -  73.5  575s
 2897035 1002885   18.72119   47  150          -   14.93000      -  73.5  580s
 2919008 1007764   15.50000   29   32          -   14.94737      -  73.6  585s
 2939966 1012443   16.96453   42  126          -   14.96512      -  73.6  590s
 2961076 1016888   18.00000   47   22          -   14.98684      -  73.7  595s
 2985923 1022189   15.12500   37   52          -   15.00000      -  73.7  600s
 2999222 1028332   16.16395   42  142          -   15.00000      -  73.7  608s
 3024543 1030579   15.00000   31   18          -   15.00000      -  73.6  610s
 3053658 1036416     cutoff   43               -   15.00000      -  73.6  615s
 3082923 1042422   15.00000   33   24          -   15.00000      -  73.5  620s
 3111375 1048187   15.45411   33  147          -   15.00000      -  73.5  625s
 3141457 1053974     cutoff   70               -   15.00000      -  73.4  630s
 3168062 1059274   17.33333   46   33          -   15.00000      -  73.4  635s
 3198827 1065065   15.42857   39   77          -   15.00000      -  73.3  640s
 3229006 1071242   15.00000   44   29          -   15.00000      -  73.2  645s
 3257578 1077180   16.40000   48   33          -   15.00000      -  73.2  650s
 3285968 1083480   17.00000   43   17          -   15.00000      -  73.1  655s
 3314348 1089703   15.00000   54   15          -   15.00000      -  73.1  660s
 3334826 1093358   17.00000   49   15          -   15.02011      -  73.1  665s
 3359220 1098934     cutoff   46               -   15.05602      -  73.1  670s
 3383898 1104921   17.00000   46   15          -   15.08333      -  73.1  675s
 3409548 1111144   15.43814   32  190          -   15.10448      -  73.1  680s
 3435763 1117244   16.00000   28    1          -   15.12500      -  73.0  685s
 3460695 1122703   15.78571   33   77          -   15.14286      -  73.0  690s
 3486037 1128705   17.80000   45   64          -   15.16667      -  73.0  695s
 3514665 1134914   15.50000   34   97          -   15.17933      -  72.9  700s
 3539793 1140732   16.33333   49   43          -   15.20000      -  72.9  705s
 3568096 1147397   18.45455   49   79          -   15.20905      -  72.8  710s
 3593885 1153608   15.84561   39  125          -   15.23026      -  72.8  715s
 3619043 1159069   17.51724   40  117          -   15.25000      -  72.8  720s
 3649203 1165808   15.27273   38   69          -   15.25000      -  72.7  725s
 3675349 1171771   16.52941   42  102          -   15.26881      -  72.7  730s
 3701689 1177657     cutoff   40               -   15.28571      -  72.6  735s
 3717379 1180814   15.69231   39   83          -   15.29509      -  72.6  740s
 3717643 1180999   17.14792   34  149          -   15.30000      -  72.6  745s
 3717805 1181126   15.50000   56   19          -   15.30000      -  72.6  750s
 3717927 1181228   15.66667   36  121          -   15.30000      -  72.6  755s
 3718029 1181318   15.73828   33  140          -   15.30000      -  72.6  760s
 3718083 1181358   15.75000   41   53          -   15.30033      -  72.6  768s
 3718137 1181409     cutoff   45               -   15.30128      -  72.6  770s
 3720022 1181969   17.07449   34  120          -   15.30303      -  72.6  776s
 3722994 1182976   16.43698   38  211          -   15.30527      -  72.6  780s
 3731943 1184911   15.86111   42  153          -   15.31250      -  72.6  785s
 3740920 1186932   15.45210   51  125          -   15.32143      -  72.6  790s
 3764356 1192058   15.65517   37  122          -   15.33333      -  72.6  795s
 3795055 1198371   15.50000   49   28          -   15.33333      -  72.5  800s
 3825630 1204794   17.41624   33  197          -   15.33333      -  72.4  805s
 3849940 1210034   17.00000   37   57          -   15.35443      -  72.4  810s
 3874343 1215339   15.61943   32  168          -   15.37451      -  72.4  815s
 3901967 1221507   15.75000   35   95          -   15.38889      -  72.4  820s
 3927860 1227277   17.00000   32   54          -   15.40000      -  72.4  825s
 3954512 1233317     cutoff   44               -   15.41444      -  72.3  830s
 3980947 1238825   18.00000   40   39          -   15.42857      -  72.3  835s
 4007253 1244688   16.60000   34   73          -   15.44444      -  72.3  840s
 4032357 1249899   17.66667   38   44          -   15.46154      -  72.3  845s
 4059089 1255731   15.59211   37  151          -   15.48000      -  72.3  850s
 4083281 1260709   17.41667   58  103          -   15.50000      -  72.3  855s
 4112982 1266298   16.50000   41   18          -   15.50000      -  72.2  860s
 4143355 1271638   17.60360   45  157          -   15.50000      -  72.1  865s
 4171796 1276660   16.00000   34   10          -   15.50000      -  72.1  870s
 4202172 1282024   17.00000   59    7          -   15.50000      -  72.0  875s
 4232181 1287181   17.00000   38   23          -   15.50000      -  72.0  880s
 4260181 1292180   17.66667   35  110          -   15.50000      -  72.0  885s
 4287860 1297356   17.00000   33   48          -   15.50365      -  71.9  890s
 4311411 1302361   16.00000   37   26          -   15.52830      -  71.9  895s
 4336759 1307615   16.57143   34   83          -   15.54545      -  71.9  900s
 4362583 1312643   18.29412   55   98          -   15.56075      -  71.9  905s
 4389824 1317989   17.40941   37  126          -   15.57391      -  71.9  910s
 4415060 1322971   17.77307   47  176          -   15.59166      -  71.9  915s
 4442630 1328136   18.50000   43   37          -   15.60000      -  71.8  920s
 4468999 1333435   16.48791   35  139          -   15.61321      -  71.8  925s
 4495754 1338536   17.16229   50  142          -   15.62500      -  71.8  930s
 4520664 1343563   18.28091   42  129          -   15.64176      -  71.8  935s
 4545141 1348289   16.51131   51  145          -   15.65809      -  71.8  940s
 4572727 1353622   18.00000   33    7          -   15.66667      -  71.8  945s
 4602167 1358546   17.80000   32   57          -   15.66667      -  71.7  950s
 4630732 1363130   16.25000   32   59          -   15.66667      -  71.7  955s
 4658134 1367785   16.55056   35  179          -   15.67093      -  71.6  960s
 4681798 1372246   16.63636   38   96          -   15.68966      -  71.6  965s
 4709940 1377827     cutoff   31               -   15.70543      -  71.6  970s
 4735509 1382550   16.35545   34  159          -   15.71429      -  71.6  975s
 4761782 1387350   19.00000   45   21          -   15.72917      -  71.6  980s
 4785954 1391677   17.25000   38   63          -   15.74569      -  71.6  985s
 4814576 1396710   18.33333   39   31          -   15.75000      -  71.6  990s
 4842928 1401182   16.00000   34   34          -   15.75000      -  71.6  995s
 4869769 1406104   17.00000   45    3          -   15.76045      -  71.6 1000s
 4894306 1410617   15.96000   46   80          -   15.77596      -  71.6 1005s
 4920163 1415292   16.50000   34   38          -   15.78854      -  71.6 1010s
 4946178 1419963   16.00000   38   78          -   15.80000      -  71.6 1015s
 4971056 1423751   17.00000   38   19          -   15.80000      -  71.5 1020s
 4980913 1425859   16.04536   33  217          -   15.80556      -  71.5 1025s
 5005601 1430439   17.26557   29  123          -   15.81818      -  71.5 1030s
 5028979 1434728   18.53659   32  140          -   15.83333      -  71.6 1035s
 5057812 1439436   16.38889   36   60          -   15.83333      -  71.5 1040s
 5082258 1443892   18.87209   33  164          -   15.84863      -  71.5 1045s
 5106656 1447975   16.61650   36  156          -   15.85714      -  71.5 1050s
 5132039 1452352   16.14286   54  105          -   15.86957      -  71.5 1055s
 5157533 1456727   16.00000   39  152          -   15.87755      -  71.5 1060s
 5181500 1460926   18.52941   41  129          -   15.88889      -  71.5 1065s
 5206666 1465367 infeasible   43               -   15.90000      -  71.5 1070s
 5230920 1469544   18.16667   47  141          -   15.90909      -  71.6 1075s
 5255078 1473648   18.00000   39   24          -   15.92092      -  71.6 1080s
 5278363 1477372   17.00810   42  162          -   15.93182      -  71.6 1085s
 5301920 1481247   16.82759   35  139          -   15.94340      -  71.6 1090s
 5325328 1484993   19.00000   42   28          -   15.95495      -  71.6 1095s
 5346511 1488446   16.75936   35  185          -   15.96808      -  71.6 1100s
 5370717 1492396   17.00000   40    9          -   15.98421      -  71.6 1105s
 5391440 1496307   16.45000   44   87          -   16.00000      -  71.7 1110s
 5416818 1499873   18.00000   43   12          -   16.00000      -  71.7 1115s
 5445008 1503382   18.00000   45   18          -   16.00000      -  71.6 1120s
 5471070 1506776   16.00000   29   40          -   16.00000      -  71.6 1125s
 5497667 1510087   16.11765   29  149          -   16.00000      -  71.6 1130s
 5525128 1512936   18.25000   40   54          -   16.00000      -  71.6 1135s
 5553272 1515609   16.85714   41   84          -   16.00000      -  71.6 1140s
 5580386 1518137   18.15629   33  203          -   16.00000      -  71.6 1145s
 5607380 1520745   17.00000   38   29          -   16.00000      -  71.6 1150s
 5635469 1523838   17.16667   30   79          -   16.00000      -  71.6 1155s
 5662437 1526822   17.00000   38   22          -   16.00000      -  71.6 1160s
 5690818 1529483     cutoff   34               -   16.00000      -  71.5 1165s
 5719129 1532410   16.00000   45   10          -   16.00000      -  71.5 1170s
 5746623 1535077     cutoff   33               -   16.00000      -  71.5 1175s
 5773856 1537854   16.50000   35   48          -   16.00000      -  71.5 1180s
 5803138 1540872   18.17647   36   82          -   16.00000      -  71.5 1185s
 5830476 1543635 infeasible   43               -   16.00000      -  71.5 1190s
 5856558 1546392   18.00000   27   32          -   16.00000      -  71.4 1195s
 5883997 1549168   16.00000   39    6          -   16.00000      -  71.4 1200s
 5910795 1551939   18.00000   47    8          -   16.00000      -  71.4 1205s
 5938856 1555183   16.50000   55   41          -   16.00000      -  71.4 1210s
 5967356 1558541   17.00000   49   13          -   16.00000      -  71.4 1215s
 5993620 1562064   16.45055   31  132          -   16.00000      -  71.4 1220s
 6021729 1565660   16.86136   29  160          -   16.00000      -  71.4 1225s
 6042185 1568768 infeasible   48               -   16.02821      -  71.4 1230s
 6066852 1572655   16.70034   39  157          -   16.04878      -  71.4 1235s
 6089831 1576278   17.36364   32  125          -   16.06396      -  71.4 1240s
 6115277 1580132   16.38462   49   83          -   16.07926      -  71.4 1245s
 6139493 1583691   18.00000   34   22          -   16.09091      -  71.4 1250s
 6155286 1586090   16.50569   37  138          -   16.10000      -  71.4 1255s
 6172896 1589020   16.37500   40   69          -   16.11111      -  71.4 1260s
 6197736 1592467   17.06127   44  184          -   16.12500      -  71.4 1265s
 6221375 1595909     cutoff   48               -   16.13267      -  71.4 1270s
 6247892 1599823   16.84848   36  140          -   16.14286      -  71.4 1275s
 6273740 1603628   17.07563   35  127          -   16.15385      -  71.4 1280s
 6298391 1607358     cutoff   49               -   16.16667      -  71.4 1285s
 6325882 1611199   17.50000   35   83          -   16.17021      -  71.3 1290s
 6349063 1614484   17.00000   40   18          -   16.18182      -  71.3 1295s
 6372746 1617906     cutoff   42               -   16.19608      -  71.3 1300s
 6400155 1621515   17.08108   34  113          -   16.20000      -  71.3 1305s
 6425816 1624854     cutoff   38               -   16.20816      -  71.3 1310s
 6449684 1628041   17.80392   35  136          -   16.22123      -  71.3 1315s
 6475955 1631707   17.66667   46   85          -   16.23077      -  71.3 1320s
 6499479 1635061   17.77530   51  173          -   16.24242      -  71.3 1325s
 6526573 1638342   17.20000   46   52          -   16.25000      -  71.3 1330s
 6555955 1641368     cutoff   47               -   16.25000      -  71.3 1335s
 6583673 1644521     cutoff   52               -   16.25000      -  71.2 1340s
 6607421 1647758   18.33333   52   61          -   16.26316      -  71.2 1345s
 6632499 1650818   18.00000   52   89          -   16.27333      -  71.2 1350s
 6656257 1653956   17.46591   39  136          -   16.28571      -  71.2 1355s
 6682580 1657003   17.00000   43   28          -   16.29245      -  71.2 1360s
 6706264 1659967   18.00000   43   28          -   16.30000      -  71.2 1365s
 6731055 1663557   18.50000   34   28          -   16.31250      -  71.2 1370s
 6753526 1666342   18.07967   47  191          -   16.32333      -  71.2 1375s
 6778755 1669074   17.12500   40   93          -   16.33333      -  71.2 1380s
 6807707 1671808   16.67123   37  107          -   16.33333      -  71.2 1385s
 6835789 1674253   16.50000   37   57          -   16.33333      -  71.2 1390s
 6864892 1676706   17.00000   49   83          -   16.33333      -  71.2 1395s
 6892577 1679147   17.11219   38  178          -   16.33333      -  71.2 1400s
 6916881 1681811   16.55497   35  163          -   16.34615      -  71.2 1405s
 6941904 1684861   16.42857   41   97          -   16.35749      -  71.2 1410s
 6965573 1687729   16.65625   36  118          -   16.36842      -  71.2 1415s
 6990504 1690248   16.55072   55   91          -   16.37500      -  71.2 1420s
 7015655 1693302   16.51222   53  188          -   16.38483      -  71.2 1425s
 7037556 1695882   19.00000   45   52          -   16.39801      -  71.2 1430s
 7066170 1698606   17.75000   53   83          -   16.40000      -  71.2 1435s
 7092604 1701347     cutoff   47               -   16.40385      -  71.1 1440s
 7114238 1703896   19.00000   43   25          -   16.41653      -  71.2 1445s
 7139366 1706683   16.80000   34   94          -   16.42603      -  71.2 1450s
 7167074 1709208   18.06667   38   86          -   16.42857      -  71.1 1455s
 7189214 1711807   17.50000   35   28          -   16.44068      -  71.2 1460s
 7213748 1714356   18.55172   44  110          -   16.44845      -  71.2 1465s
 7236621 1716782   18.21884   39  154          -   16.45720      -  71.2 1470s
 7261039 1719224   17.78947   33  114          -   16.46667      -  71.2 1475s
 7278155 1720888   17.37500   41   94          -   16.47500      -  71.2 1480s
 7289673 1722325   16.95556   33  149          -   16.48039      -  71.2 1485s
 7310976 1724348   17.04542   40  213          -   16.49479      -  71.2 1490s
 7336818 1726372   17.00000   35    7          -   16.50000      -  71.2 1495s
 7363161 1727899   18.00000   32   20          -   16.50000      -  71.2 1500s
 7391545 1729042   17.00000   43   21          -   16.50000      -  71.2 1505s
 7420723 1730369     cutoff   37               -   16.50000      -  71.1 1510s
 7448319 1731312   17.25000   35   92          -   16.50000      -  71.1 1515s
 7475406 1732499 infeasible   48               -   16.50000      -  71.1 1520s
 7504107 1733974     cutoff   36               -   16.50000      -  71.1 1525s
 7530263 1735101 infeasible   59               -   16.50000      -  71.1 1530s
 7558800 1736227     cutoff   38               -   16.50000      -  71.1 1535s
 7586387 1737146   16.78261   32  115          -   16.50000      -  71.0 1540s
 7613886 1738533   17.00000   41   19          -   16.50000      -  71.0 1545s
 7640354 1740392   17.41964   39   84          -   16.50000      -  71.0 1550s
 7663006 1741894     cutoff   44               -   16.50980      -  71.0 1555s
 7685884 1744281     cutoff   42               -   16.52381      -  71.0 1560s
 7708098 1746413     cutoff   49               -   16.53571      -  71.1 1565s
 7731658 1748559   17.00000   35   41          -   16.54545      -  71.1 1570s
 7754999 1750778   17.25323   40  134          -   16.55556      -  71.1 1575s
 7777444 1752932   17.00000   49   17          -   16.56250      -  71.1 1580s
 7801665 1754903   17.00000   37   33          -   16.57143      -  71.1 1585s
 7826320 1757042 infeasible   54               -   16.57895      -  71.1 1590s
 7847766 1758768   18.00000   41   12          -   16.58730      -  71.1 1595s
 7870817 1760924   18.00000   58   10          -   16.60000      -  71.1 1600s
 7897093 1762493   17.00000   46   55          -   16.60000      -  71.1 1605s
 7923250 1764120   17.50954   44  162          -   16.60079      -  71.1 1610s
 7944421 1766122   19.43023   51  145          -   16.61224      -  71.1 1615s
 7967869 1768183   17.30556   41  149          -   16.62222      -  71.1 1620s
 7992359 1770148   19.00000   54   13          -   16.62500      -  71.1 1625s
 8013827 1771974     cutoff   40               -   16.63636      -  71.1 1630s
 8037317 1773866     cutoff   44               -   16.64286      -  71.1 1635s
 8059817 1775816   17.29310   38  183          -   16.65385      -  71.1 1640s
 8080549 1777427     cutoff   36               -   16.66667      -  71.1 1645s
 8105690 1778585   17.54054   45  105          -   16.66667      -  71.1 1650s
 8133717 1779669   18.00000   48    6          -   16.66667      -  71.1 1655s
 8159791 1780559 infeasible   53               -   16.66667      -  71.1 1660s
 8186620 1781170 infeasible   40               -   16.66667      -  71.1 1665s
 8214750 1782066   17.77551   32  140          -   16.66667      -  71.1 1670s
 8240939 1782752   17.00000   34   37          -   16.66777      -  71.1 1675s
 8261323 1784366   18.09474   40  127          -   16.68116      -  71.1 1680s
 8283513 1785902   17.33333   44   89          -   16.69212      -  71.1 1685s
 8306155 1787582   18.00000   34   26          -   16.70000      -  71.1 1690s
 8328574 1788865   16.97561   33  125          -   16.70616      -  71.1 1695s
 8351285 1790058 infeasible   59               -   16.71429      -  71.1 1700s
 8375743 1791581   17.33528   42  222          -   16.72000      -  71.1 1705s
 8398439 1793091   18.00000   33   28          -   16.72727      -  71.1 1710s
 8421472 1794594   17.66667   35   33          -   16.73684      -  71.2 1715s
 8443881 1796160   17.32432   29   96          -   16.75000      -  71.2 1720s
 8468891 1796935   17.50000   37   58          -   16.75000      -  71.2 1725s
 8481958 1797387   17.00000   40   25          -   16.75000      -  71.2 1730s
 8509292 1798040 infeasible   62               -   16.75000      -  71.1 1735s
 8535442 1798757 infeasible   52               -   16.75000      -  71.1 1740s
 8559294 1800007     cutoff   52               -   16.75926      -  71.1 1745s
 8580855 1801443 infeasible   37               -   16.76923      -  71.2 1750s
 8602651 1803054     cutoff   41               -   16.77778      -  71.2 1755s
 8626231 1804417   17.50000   35   58          -   16.78261      -  71.2 1760s
 8649577 1805692   17.42373   44  112          -   16.79167      -  71.2 1765s
 8671970 1806923   18.00000   35   18          -   16.80000      -  71.2 1770s
 8698878 1807470   17.23967   39  150          -   16.80000      -  71.2 1775s
 8722361 1808011   17.68627   52  126          -   16.80199      -  71.2 1780s
 8744750 1809401   18.19901   37  172          -   16.81250      -  71.2 1785s
 8767453 1810632 infeasible   40               -   16.81902      -  71.2 1790s
 8789520 1811826   16.86218   40  172          -   16.82895      -  71.2 1795s
 8813777 1812624 infeasible   41               -   16.83333      -  71.2 1800s
 8839840 1813243   17.16667   44  101          -   16.83333      -  71.2 1805s
 8861053 1814558     cutoff   47               -   16.84375      -  71.2 1810s
 8883551 1815842   18.00000   37   16          -   16.85156      -  71.3 1815s
 8907090 1816640   17.77351   46  176          -   16.85714      -  71.3 1820s
 8930286 1817527   19.00000   50   19          -   16.86204      -  71.3 1825s
 8952625 1818588     cutoff   35               -   16.87097      -  71.3 1830s
 8977007 1819320   17.33333   33   46          -   16.87500      -  71.3 1835s
 8998458 1820270   18.60000   51   83          -   16.88235      -  71.3 1840s
 9021684 1821095 infeasible   32               -   16.88889      -  71.3 1845s
 9044174 1822188   17.00000   38  138          -   16.89641      -  71.3 1850s
 9066466 1822971   17.73585   44  125          -   16.90052      -  71.3 1855s
 9088670 1823965   18.28261   34  113          -   16.90909      -  71.4 1860s
 9110462 1824938   17.00000   35   29          -   16.91667      -  71.4 1865s
 9133269 1825668   18.14286   35   73          -   16.92308      -  71.4 1870s
 9155563 1826491   17.00000   26   17          -   16.92857      -  71.4 1875s
 9175836 1827280   17.99462   29  129          -   16.93750      -  71.4 1880s
 9199019 1828305   17.00000   35   11          -   16.94444      -  71.4 1885s
 9219983 1828993   17.85185   37  100          -   16.95238      -  71.4 1890s
 9240850 1829953   18.00000   34   20          -   16.96000      -  71.5 1895s
 9261610 1830734   17.69636   33  141          -   16.96814      -  71.5 1900s
 9282352 1831524   17.50000   46   54          -   16.97826      -  71.5 1905s
 9302942 1832425     cutoff   51               -   16.99061      -  71.5 1910s
 9315371 1832580 infeasible   34               -   17.00000      -  71.5 1915s
 9332676 1832349   18.10471   53  168          -   17.00000      -  71.5 1920s
 9356681 1831966     cutoff   39               -   17.00000      -  71.5 1925s
 9381573 1831465   18.00000   54   44          -   17.00000      -  71.5 1930s
 9405809 1831145   17.33333   55  116          -   17.00000      -  71.5 1935s
 9429868 1830024     cutoff   33               -   17.00000      -  71.5 1940s
 9453982 1828157     cutoff   38               -   17.00000      -  71.5 1945s
 9478516 1826059   18.43333   35  116          -   17.00000      -  71.5 1950s
 9505243 1823870     cutoff   43               -   17.00000      -  71.5 1955s
 9530178 1822166     cutoff   32               -   17.00000      -  71.5 1960s
 9555835 1820485   17.40000   47   44          -   17.00000      -  71.5 1965s
 9580741 1818642     cutoff   50               -   17.00000      -  71.5 1970s
 9605783 1817116     cutoff   32               -   17.00000      -  71.5 1975s
 9631847 1815586   18.00000   48    8          -   17.00000      -  71.5 1980s
 9655415 1813809   18.73834   38  130          -   17.00000      -  71.5 1985s
 9678930 1812331     cutoff   35               -   17.00000      -  71.5 1990s
 9706523 1810589     cutoff   42               -   17.00000      -  71.5 1995s
 9731075 1809035   18.50000   38   93          -   17.00000      -  71.5 2000s
 9755047 1807592   18.66667   45   38          -   17.00000      -  71.5 2005s
 9780216 1806310     cutoff   56               -   17.00000      -  71.5 2010s
 9804733 1804844 infeasible   38               -   17.00000      -  71.5 2015s
 9828435 1803158     cutoff   72               -   17.00000      -  71.5 2020s
 9855998 1801505   19.00000   53   21          -   17.00000      -  71.5 2025s
 9883189 1799611   19.02083   42  117          -   17.00000      -  71.5 2030s
 9907374 1797798     cutoff   39               -   17.00000      -  71.5 2035s
 9931581 1795849   17.00000   41    9          -   17.00000      -  71.5 2040s
 9954319 1793723 infeasible   37               -   17.00000      -  71.5 2045s
 9979946 1791682     cutoff   41               -   17.00000      -  71.5 2050s
 10005862 1790149     cutoff   48               -   17.00000      -  71.5 2055s
 10031900 1789111   18.53636   41   92          -   17.00000      -  71.5 2060s
 10056465 1788401   17.00000   69    9          -   17.00000      -  71.5 2065s
 10080980 1787135   19.00000   38   23          -   17.00000      -  71.5 2070s
 10104709 1786511   17.00000   44   37          -   17.00000      -  71.5 2075s
 10127687 1785627   18.02017   32  190          -   17.00000      -  71.5 2080s
 10147085 1785891   17.64352   37  126          -   17.01887      -  71.5 2085s
 10168399 1786637 infeasible   34               -   17.03650      -  71.5 2090s
 10189802 1787551   17.71429   41   93          -   17.05000      -  71.6 2095s
 10212156 1788396   17.61905   53   99          -   17.06250      -  71.6 2100s
 10234316 1789080     cutoff   32               -   17.07143      -  71.6 2105s
 10255044 1789655     cutoff   55               -   17.08333      -  71.6 2110s
 10277416 1790095   18.08065   43  119          -   17.09091      -  71.6 2115s
 10299020 1790573   18.50000   47   46          -   17.10000      -  71.6 2120s
 10320583 1791005 infeasible   55               -   17.11111      -  71.6 2125s
 10342686 1791275     cutoff   49               -   17.11765      -  71.6 2130s
 10364950 1791726     cutoff   45               -   17.12500      -  71.6 2135s
 10388190 1792128   17.40000   36   56          -   17.13333      -  71.6 2140s
 10408920 1792507   18.00000   40   16          -   17.14286      -  71.6 2145s
 10432926 1792501   17.27273   39   73          -   17.14667      -  71.6 2150s
 10454325 1792649 infeasible   48               -   17.15559      -  71.6 2155s
 10459563 1792850 infeasible   61               -   17.15686      -  71.6 2160s
 10482283 1793016 infeasible   37               -   17.16667      -  71.7 2165s
 10506927 1792322     cutoff   41               -   17.16667      -  71.6 2170s
 10526716 1792602   18.00000   43    6          -   17.17642      -  71.7 2175s
 10548867 1792619     cutoff   41               -   17.18350      -  71.7 2180s
 10569665 1792754     cutoff   35               -   17.19298      -  71.7 2185s
 10592181 1792588   17.20000   39   62          -   17.20000      -  71.7 2190s
 10616443 1791606 infeasible   37               -   17.20000      -  71.7 2195s
 10638933 1791329   18.84843   39  141          -   17.20588      -  71.7 2200s
 10658890 1791272   17.39623   39  114          -   17.21429      -  71.7 2205s
 10681131 1791128     cutoff   55               -   17.22222      -  71.7 2210s
 10702377 1791032   17.74074   45  128          -   17.23077      -  71.7 2215s
 10722466 1790929   17.65120   37  149          -   17.23789      -  71.7 2220s
 10742323 1791209   17.52564   46  120          -   17.25000      -  71.7 2225s
 10768326 1789757   18.80000   45   93          -   17.25000      -  71.7 2230s
 10792922 1788443     cutoff   39               -   17.25000      -  71.7 2235s
 10817115 1786928     cutoff   47               -   17.25000      -  71.7 2240s
 10840726 1785800   18.31111   45  118          -   17.25187      -  71.7 2245s
 10860121 1785664     cutoff   38               -   17.26316      -  71.7 2250s
 10879741 1785625   17.41667   43   80          -   17.27157      -  71.7 2255s
 10901487 1785184   18.56388   36  109          -   17.27778      -  71.7 2260s
 10922201 1784930   18.00000   59   32          -   17.28571      -  71.8 2265s
 10944807 1783970     cutoff   47               -   17.28916      -  71.8 2270s
 10963739 1783856   18.42857   51  145          -   17.29762      -  71.8 2275s
 10985859 1783306   19.00000   60    7          -   17.30328      -  71.8 2280s
 11006690 1783023   17.89446   42  177          -   17.31148      -  71.8 2285s
 11026958 1783005     cutoff   58               -   17.31884      -  71.8 2290s
 11048985 1783000   18.75000   36   77          -   17.33113      -  71.8 2295s
 11072583 1781796   18.29793   38  183          -   17.33333      -  71.8 2300s
 11098361 1779486     cutoff   38               -   17.33333      -  71.8 2305s
 11122965 1777249   17.60000   48   99          -   17.33333      -  71.8 2310s
 11148978 1774690   17.50000   46   58          -   17.33333      -  71.8 2315s
 11172037 1772289   18.07778   49  123          -   17.33333      -  71.8 2320s
 11196518 1769862     cutoff   49               -   17.33333      -  71.8 2325s
 11217938 1768805   18.60000   38   77          -   17.33898      -  71.8 2330s
 11238141 1768434 infeasible   51               -   17.34985      -  71.8 2335s
 11259245 1767822   17.86928   34  152          -   17.35714      -  71.8 2340s
 11278876 1767107   18.59677   35  152          -   17.36364      -  71.8 2345s
 11298800 1766782     cutoff   42               -   17.37288      -  71.9 2350s
 11320685 1765305   18.42593   58  105          -   17.37500      -  71.9 2355s
 11341562 1764740   18.48540   38  173          -   17.38384      -  71.9 2360s
 11361387 1763961   19.00000   36   97          -   17.39044      -  71.9 2365s
 11380287 1763349   18.66667   45   36          -   17.40000      -  71.9 2370s
 11405480 1761003   18.53153   46  139          -   17.40000      -  71.9 2375s
 11428228 1758631 infeasible   40               -   17.40000      -  71.9 2380s
 11447370 1757951 infeasible   31               -   17.40909      -  71.9 2385s
 11466999 1757082   18.00000   55   10          -   17.41667      -  71.9 2390s
 11487075 1756152   19.00000   36   17          -   17.42318      -  71.9 2395s
 11507723 1754687 infeasible   36               -   17.42857      -  72.0 2400s
 11515527 1753967     cutoff   48               -   17.42857      -  72.0 2405s
 11531529 1753332   18.38889   44  182          -   17.43423      -  72.0 2410s
 11551401 1752638 infeasible   37               -   17.44211      -  72.0 2415s
 11573569 1751236   18.24749   43  142          -   17.44633      -  72.0 2420s
 11591840 1750118   18.00000   45   63          -   17.45455      -  72.0 2425s
 11610828 1749279   18.00000   54   18          -   17.46078      -  72.0 2430s
 11632479 1748003     cutoff   43               -   17.46667      -  72.0 2435s
 11651400 1747112 infeasible   39               -   17.47453      -  72.1 2440s
 11670649 1745924   18.62500   33   91          -   17.48276      -  72.1 2445s
 11688097 1745185   18.93537   39  203          -   17.49209      -  72.1 2450s
 11707269 1743630     cutoff   32               -   17.50000      -  72.1 2455s
 11729571 1740912   18.00000   44    7          -   17.50000      -  72.1 2460s
 11755015 1736721 infeasible   57               -   17.50000      -  72.1 2465s
 11778910 1732953 infeasible   45               -   17.50000      -  72.1 2470s
 11804748 1728419 infeasible   39               -   17.50000      -  72.1 2475s
 11829713 1724329 infeasible   35               -   17.50000      -  72.1 2480s
 11853262 1720398   17.98980   47  158          -   17.50000      -  72.1 2485s
 11877446 1716549     cutoff   54               -   17.50000      -  72.1 2490s
 11901213 1712453     cutoff   34               -   17.50000      -  72.1 2495s
 11925610 1708148   17.50000   41   37          -   17.50000      -  72.1 2500s
 11951021 1703850   18.14286   37   76          -   17.50000      -  72.1 2505s
 11974940 1699530   18.62500   43   51          -   17.50000      -  72.1 2510s
 11999800 1695110     cutoff   50               -   17.50000      -  72.0 2515s
 12023655 1691906     cutoff   57               -   17.50000      -  72.0 2520s
 12046015 1688847     cutoff   37               -   17.50000      -  72.0 2525s
 12064578 1687442     cutoff   34               -   17.51111      -  72.1 2530s
 12083322 1686462   18.09201   38  168          -   17.52174      -  72.1 2535s
 12103166 1685160     cutoff   40               -   17.52941      -  72.1 2540s
 12120912 1684004   18.51282   41  133          -   17.53846      -  72.1 2545s
 12140570 1682337     cutoff   31               -   17.54545      -  72.1 2550s
 12159812 1680907   17.75000   36   74          -   17.55319      -  72.1 2555s
 12180214 1678842     cutoff   39               -   17.55814      -  72.2 2560s
 12198669 1677490   19.25000   35   66          -   17.56650      -  72.2 2565s
 12218206 1675382   18.00000   38   23          -   17.57143      -  72.2 2570s
 12238628 1673125   18.00000   38   18          -   17.57692      -  72.2 2575s
 12256712 1671412   17.94118   44  136          -   17.58333      -  72.2 2580s
 12275634 1669989     cutoff   36               -   17.59091      -  72.2 2585s
 12293524 1668312     cutoff   32               -   17.60000      -  72.2 2590s
 12316856 1664936   17.87500   35   92          -   17.60000      -  72.2 2595s
 12339049 1661413 infeasible   33               -   17.60000      -  72.2 2600s
 12357000 1659860   18.33333   35   81          -   17.60870      -  72.3 2605s
 12375916 1657933   18.00000   43    6          -   17.61538      -  72.3 2610s
 12393112 1656242   17.66109   43  177          -   17.62482      -  72.3 2615s
 12414626 1653195   17.94737   41   82          -   17.62500      -  72.3 2620s
 12432484 1651587     cutoff   34               -   17.63462      -  72.3 2625s
 12452118 1649223     cutoff   39               -   17.64063      -  72.3 2630s
 12469981 1646957   18.00000   32   16          -   17.64706      -  72.4 2635s
 12487273 1645042   18.40265   40  124          -   17.65517      -  72.4 2640s
 12503080 1643672     cutoff   55               -   17.66485      -  72.4 2645s
 12525660 1639633   19.00000   35   13          -   17.66667      -  72.4 2650s
 12547885 1635057 infeasible   35               -   17.66667      -  72.4 2655s
 12571008 1630178 infeasible   42               -   17.66667      -  72.4 2660s
 12593909 1625062   18.57143   60  167          -   17.66667      -  72.4 2665s
 12617144 1619955     cutoff   47               -   17.66667      -  72.4 2670s
 12639901 1615234     cutoff   54               -   17.66667      -  72.4 2675s
 12654488 1612403   18.00000   42   10          -   17.66667      -  72.4 2680s
 12670548 1610734 infeasible   42               -   17.67647      -  72.4 2685s
 12688985 1608480   18.00000   35   40          -   17.68519      -  72.4 2690s
 12707555 1606149   18.29032   44  131          -   17.69231      -  72.4 2695s
 12724485 1604175   18.00000   50   12          -   17.70000      -  72.5 2700s
 12743954 1601454   18.29307   40  187          -   17.70588      -  72.5 2705s
 12761243 1599420     cutoff   37               -   17.71429      -  72.5 2710s
 12781899 1595717     cutoff   44               -   17.71429      -  72.5 2715s
 12800629 1593122   18.56897   42  110          -   17.72222      -  72.5 2720s
 12819360 1590305   18.00000   46    5          -   17.72759      -  72.5 2725s
 12836105 1588119 infeasible   39               -   17.73529      -  72.6 2730s
 12853573 1585826     cutoff   46               -   17.74297      -  72.6 2735s
 12873113 1582370   18.25000   51   72          -   17.75000      -  72.6 2740s
 12894624 1577345   19.00000   39    9          -   17.75000      -  72.6 2745s
 12917675 1572140     cutoff   35               -   17.75000      -  72.6 2750s
 12940335 1566616     cutoff   52               -   17.75000      -  72.6 2755s
 12960977 1563023     cutoff   32               -   17.75385      -  72.6 2760s
 12977745 1560567   19.00000   43   56          -   17.76234      -  72.6 2765s
 12995621 1557540     cutoff   37               -   17.76923      -  72.6 2770s
 13011182 1555277     cutoff   41               -   17.77748      -  72.7 2775s
 13031678 1551437     cutoff   49               -   17.78125      -  72.7 2780s
 13049421 1548741   19.00000   30   66          -   17.78814      -  72.7 2785s
 13066391 1546230 infeasible   40               -   17.79630      -  72.7 2790s
 13086907 1541789   19.00000   43   37          -   17.80000      -  72.7 2795s
 13107532 1537346   18.50000   50   32          -   17.80000      -  72.7 2800s
 13108266 1537096     cutoff   45               -   17.80000      -  72.7 2805s
 13117052 1534455 infeasible   41               -   17.80000      -  72.7 2810s
 13135657 1531475     cutoff   38               -   17.80782      -  72.7 2815s
 13152115 1528313   17.86475   39  206          -   17.81515      -  72.8 2820s
 13170547 1524809 infeasible   44               -   17.82143      -  72.8 2825s
 13187600 1521920   18.50000   38   31          -   17.82955      -  72.8 2830s
 13208256 1516806     cutoff   43               -   17.83333      -  72.8 2835s
 13228631 1511654   18.34426   53  126          -   17.83333      -  72.8 2840s
 13246453 1508207   18.91139   36  121          -   17.84142      -  72.8 2845s
 13262745 1504882     cutoff   42               -   17.84772      -  72.8 2850s
 13278120 1501729   18.00000   41  105          -   17.85598      -  72.9 2855s
 13298863 1496014     cutoff   39               -   17.85714      -  72.9 2860s
 13314551 1492842   19.00000   40   11          -   17.86364      -  72.9 2865s
 13331720 1489419     cutoff   49               -   17.87135      -  72.9 2870s
 13350099 1484517   18.00000   32   12          -   17.87500      -  72.9 2875s
 13367561 1480846     cutoff   39               -   17.88103      -  72.9 2880s
 13383464 1477161 infeasible   44               -   17.88889      -  72.9 2885s
 13401588 1472479     cutoff   46               -   17.89247      -  72.9 2890s
 13417302 1468716     cutoff   32               -   17.90000      -  73.0 2895s
 13435280 1464142   18.15152   37  116          -   17.90476      -  73.0 2900s
 13453160 1459703     cutoff   44               -   17.91064      -  73.0 2905s
 13469891 1455304   18.00000   37   10          -   17.91667      -  73.0 2910s
 13485454 1451563 infeasible   38               -   17.92308      -  73.0 2915s
 13502948 1447250     cutoff   38               -   17.92949      -  73.0 2920s
 13518449 1442837     cutoff   33               -   17.93750      -  73.1 2925s
 13534501 1438526     cutoff   39               -   17.94404      -  73.1 2930s
 13549506 1434813     cutoff   39               -   17.95000      -  73.1 2935s
 13565192 1430279 infeasible   44               -   17.95763      -  73.1 2940s
 13579719 1426291   18.95160   37  176          -   17.96449      -  73.1 2945s
 13595735 1421932 infeasible   42               -   17.97368      -  73.1 2950s
 13610234 1418235   18.16667   38  118          -   17.98214      -  73.2 2955s
 13624269 1414635 infeasible   59               -   17.99262      -  73.2 2960s
 13640835 1409296     cutoff   41               -   18.00000      -  73.2 2965s
 13659204 1403347     cutoff   43               -   18.00000      -  73.2 2970s
 13681279 1395588   18.00000   42   10          -   18.00000      -  73.2 2975s
 13701013 1388594   18.00000   60   12          -   18.00000      -  73.2 2980s
 13723108 1379635     cutoff   60               -   18.00000      -  73.2 2985s
 13746250 1369170 infeasible   42               -   18.00000      -  73.2 2990s
 13769320 1358461     cutoff   38               -   18.00000      -  73.2 2995s
 13792206 1348848     cutoff   46               -   18.00000      -  73.2 3000s
 13813245 1339869     cutoff   44               -   18.00000      -  73.2 3005s
 13835741 1330212 infeasible   52               -   18.00000      -  73.2 3010s
 13858336 1320854     cutoff   57               -   18.00000      -  73.1 3015s
 13880313 1311159     cutoff   36               -   18.00000      -  73.1 3020s
 13903411 1301328     cutoff   44               -   18.00000      -  73.1 3025s
 13926298 1290940 infeasible   68               -   18.00000      -  73.1 3030s
 13949335 1280943     cutoff   40               -   18.00000      -  73.1 3035s
 13972406 1271208     cutoff   49               -   18.00000      -  73.1 3040s
 13995175 1260962     cutoff   37               -   18.00000      -  73.1 3045s
 14018288 1251024     cutoff   54               -   18.00000      -  73.1 3050s
 14041445 1240724   18.00000   38    6          -   18.00000      -  73.1 3055s
 14065630 1229762     cutoff   40               -   18.00000      -  73.1 3060s
 14088011 1219662   18.00000   33    6          -   18.00000      -  73.1 3065s
 14110962 1208493   18.00000   35   45          -   18.00000      -  73.0 3070s
 14134176 1197727     cutoff   41               -   18.00000      -  73.0 3075s
 14157474 1188018     cutoff   43               -   18.00000      -  73.0 3080s
 14178929 1179373     cutoff   52               -   18.00000      -  73.0 3085s
 14200069 1171003     cutoff   41               -   18.00000      -  73.0 3090s
 14221160 1162787 infeasible   46               -   18.00000      -  73.0 3095s
 14241458 1154775 infeasible   36               -   18.00000      -  73.0 3100s
 14257501 1149206   18.26590   47  183          -   18.00957      -  73.0 3105s
 14270099 1144889 infeasible   51               -   18.02627      -  73.1 3110s
 14284754 1140162     cutoff   42               -   18.04000      -  73.1 3115s
 14299702 1135499     cutoff   53               -   18.05263      -  73.1 3120s
 14314589 1130609     cutoff   42               -   18.06280      -  73.1 3125s
 14329111 1125580   18.32000   50  109          -   18.07339      -  73.1 3130s
 14344122 1120043     cutoff   40               -   18.08333      -  73.1 3135s
 14358613 1114885     cutoff   41               -   18.09150      -  73.1 3140s
 14374893 1108793   18.33781   33  179          -   18.10140      -  73.2 3145s
 14389462 1103247 infeasible   41               -   18.11111      -  73.2 3150s
 14404816 1097569   18.44740   39  154          -   18.12037      -  73.2 3155s
 14420963 1091221   18.69678   45  210          -   18.12547      -  73.2 3160s
 14435804 1085560 infeasible   36               -   18.13636      -  73.2 3165s
 14451714 1078720     cutoff   40               -   18.14286      -  73.2 3170s
 14466092 1072626 infeasible   33               -   18.15294      -  73.2 3175s
 14481780 1066410     cutoff   39               -   18.16374      -  73.2 3180s
 14499299 1058021 infeasible   44               -   18.16667      -  73.2 3185s
 14514673 1051295     cutoff   35               -   18.17647      -  73.2 3190s
 14529062 1045249   18.50000   38   90          -   18.18519      -  73.3 3195s
 14544645 1038542 infeasible   38               -   18.19637      -  73.3 3200s
 14561627 1030078     cutoff   40               -   18.20000      -  73.3 3205s
 14577928 1022382 infeasible   42               -   18.20635      -  73.3 3210s
 14593057 1014905 infeasible   54               -   18.21739      -  73.3 3215s
 14607999 1007710     cutoff   41               -   18.22535      -  73.3 3220s
 14621969 1000651     cutoff   42               -   18.23529      -  73.3 3225s
 14635623 993622 infeasible   41               -   18.24845      -  73.3 3230s
 14654307 982884     cutoff   41               -   18.25000      -  73.3 3235s
 14674714 971423 infeasible   36               -   18.25000      -  73.3 3240s
 14690424 963442     cutoff   42               -   18.25926      -  73.3 3245s
 14704115 956245   18.48235   41  125          -   18.27027      -  73.3 3250s
 14718816 948552   18.28000   49  124          -   18.28000      -  73.3 3255s
 14736147 939648     cutoff   45               -   18.28611      -  73.3 3260s
 14749579 930906 infeasible   35               -   18.30000      -  73.4 3265s
 14766028 922276 infeasible   49               -   18.30909      -  73.4 3270s
 14780000 914309     cutoff   38               -   18.32036      -  73.4 3275s
 14792752 906169   18.56383   46  149          -   18.33333      -  73.4 3280s
 14812862 893625     cutoff   46               -   18.33333      -  73.4 3285s
 14834909 879242     cutoff   35               -   18.33333      -  73.4 3290s
 14851081 868652     cutoff   41               -   18.33333      -  73.3 3295s
 14867243 859554     cutoff   55               -   18.34286      -  73.3 3300s
 14880610 851087 infeasible   49               -   18.35556      -  73.4 3305s
 14896038 841926   18.50532   36  169          -   18.36689      -  73.4 3310s
 14910780 832210 infeasible   50               -   18.37500      -  73.4 3315s
 14926131 822720 infeasible   43               -   18.38889      -  73.4 3320s
 14942275 811916     cutoff   46               -   18.40000      -  73.4 3325s
 14960950 800399     cutoff   51               -   18.40331      -  73.4 3330s
 14975824 790323     cutoff   44               -   18.41667      -  73.4 3335s
 14988813 781049     cutoff   45               -   18.42857      -  73.4 3340s
 15006134 770100 infeasible   52               -   18.43810      -  73.4 3345s
 15022361 758786 infeasible   54               -   18.45087      -  73.4 3350s
 15027395 755904     cutoff   48               -   18.45455      -  73.4 3355s
 15030545 752365 infeasible   44               -   18.45600      -  73.4 3360s
 15046179 741807     cutoff   40               -   18.47201      -  73.4 3365s
 15059991 732366     cutoff   50               -   18.48673      -  73.4 3370s
 15074839 720254   18.86667   38   94          -   18.50000      -  73.4 3375s
 15098716 700803     cutoff   43               -   18.50000      -  73.4 3380s
 15121393 683883 infeasible   42               -   18.50000      -  73.3 3385s
 15143033 667127     cutoff   46               -   18.50000      -  73.3 3390s
 15165562 649946     cutoff   38               -   18.50000      -  73.3 3395s
 15191367 629728     cutoff   43               -   18.50000      -  73.3 3400s
 15210853 616318     cutoff   34               -   18.50000      -  73.2 3405s
 15227986 604961   18.52174   38  103          -   18.52174      -  73.2 3410s
 15244068 592512     cutoff   46               -   18.54361      -  73.2 3415s
 15261135 579259     cutoff   47               -   18.56170      -  73.2 3420s
 15277739 565936     cutoff   45               -   18.57713      -  73.2 3425s
 15294223 549262 infeasible   43               -   18.60000      -  73.2 3430s
 15313844 536099     cutoff   52               -   18.60976      -  73.2 3435s
 15332263 520663     cutoff   44               -   18.62962      -  73.2 3440s
 15349851 505916     cutoff   38               -   18.65385      -  73.2 3445s
 15370106 481800     cutoff   45               -   18.66667      -  73.2 3451s
 15395287 460083     cutoff   47               -   18.66667      -  73.1 3455s
 15416752 446173     cutoff   45               -   18.69375      -  73.1 3460s
 15437726 427696     cutoff   43               -   18.72000      -  73.1 3465s
 15453487 407344 infeasible   46               -   18.75000      -  73.1 3470s
 15484769 385000     cutoff   54               -   18.76471      -  73.0 3475s
 15503186 361716     cutoff   45               -   18.80000      -  73.0 3480s
 15536010 337942     cutoff   40               -   18.83333      -  72.9 3485s
 15561860 314184     cutoff   44               -   18.88235      -  72.9 3490s
 15591299 286758     cutoff   41               -   18.96000      -  72.8 3495s
 15630688 242456 infeasible   38               -   19.00000      -  72.7 3500s
 15694881 180037 infeasible   50               -   19.00000      -  72.5 3505s
 15758015 117839 infeasible   44               -   19.00000      -  72.3 3510s

Cutting planes:
  Gomory: 34
  Implied bound: 792
  MIR: 156
  Zero half: 278
  Relax-and-lift: 9

Explored 15793207 nodes (1139390349 simplex iterations) in 3513.28 seconds (9177.07 work units)
Thread count was 16 (of 64 available processors)

Solution count 0

Model objective exceeds cutoff
Best objective -, best bound 1.950000000205e+01, gap -
