nohup: ignoring input
[2026-09-13 00:01:28] === H10_n360k20d20 [[360,20]] dX sectors 9-13 of 20  cutoff=19.5 threads=12 nodefile=30GB
Restricted license - for non-production use only - expires 2027-11-29
Set parameter OutputFlag to value 1
Set parameter LogFile to value "H10_n360k20d20_dX_9-13_gurobi.log"
Set parameter Threads to value 12
Set parameter NodefileStart to value 30
Set parameter NodefileDir to value "."
Set parameter SoftMemLimit to value 30
Set parameter Cutoff to value 19.5
Set parameter MIPFocus to value 3
Set parameter Symmetry to value 2
Gurobi Optimizer version 13.0.3 build v13.0.3rc0 (linux64 - "Ubuntu 24.04.4 LTS")

CPU model: AMD Ryzen Threadripper PRO 9975WX 32-Cores, instruction set [SSE2|AVX|AVX2|AVX512]
Thread count: 32 physical cores, 64 logical processors, using up to 12 threads

Non-default parameters:
Cutoff  19.5
SoftMemLimit  30
MIPFocus  3
NodefileStart  30
Symmetry  2
Threads  12

Optimize a model with 181 rows, 541 columns and 1305 nonzeros (Min)
Model fingerprint: 0xaae50d90
Model has 360 linear objective coefficients
Variable types: 0 continuous, 541 integer (360 binary)
Coefficient statistics:
  Matrix range     [1e+00, 2e+00]
  Objective range  [1e+00, 1e+00]
  Bounds range     [1e+00, 2e+01]
  RHS range        [1e+00, 1e+00]

Presolve time: 0.00s
Presolved: 181 rows, 541 columns, 1305 nonzeros
Variable types: 0 continuous, 541 integer (360 binary)
Root relaxation presolve removed 181 rows and 541 columns
Root relaxation presolve: All rows and columns removed

Root relaxation: objective 1.000000e+00, 0 iterations, 0.00 seconds (0.00 work units)

    Nodes    |    Current Node    |     Objective Bounds      |     Work
 Expl Unexpl |  Obj  Depth IntInf | Incumbent    BestBd   Gap | It/Node Time

     0     0    1.00000    0    3          -    1.00000      -     -    0s
     0     0    1.00000    0    3          -    1.00000      -     -    0s
     0     0    1.00000    0    3          -    1.00000      -     -    0s
     0     0    2.00000    0    3          -    2.00000      -     -    0s
     0     0    2.00000    0    3          -    2.00000      -     -    0s
     0     2    3.00000    0    3          -    3.00000      -     -    0s
 47486 35791    8.39530   28  230          -    7.85657      -  25.2    5s
 69061 47541   11.00000   17   18          -    8.00000      -  35.2   10s
 83823 57737   12.00000   25    1          -    8.35268      -  45.1   15s
 97853 66501   11.80000   33   38          -    8.52150      -  51.8   20s
 114618 76531   12.00000   41    1          -    8.76923      -  57.0   25s
 133086 85889   16.14495   38  147          -    9.00000      -  59.4   30s
 157889 97995   13.84821   52  107          -    9.11732      -  59.0   35s
 179059 109225   12.23810   48   86          -    9.57552      -  59.7   40s
 205152 121429   16.91667   31   93          -   10.00000      -  59.5   45s
 232418 133197   11.98276   49   65          -   10.20000      -  58.8   50s
 253602 144678   11.00000   27   19          -   10.62912      -  59.0   55s
 272868 155016   11.00000   23   17          -   11.00000      -  59.4   60s
 299029 165166   15.54585   25  165          -   11.00000      -  59.1   65s
 322268 175828   17.87500   51   78          -   11.01429      -  59.5   70s
 345017 188466   13.63636   34  113          -   11.33333      -  59.8   75s
 366162 200030   14.45926   26   96          -   11.50000      -  60.3   80s
 386905 211055   12.83333   27   60          -   11.58333      -  60.8   85s
 405958 221345     cutoff   39               -   11.66667      -  61.4   90s
 413293 225035   12.40768   24  111          -   11.72816      -  61.7   95s
 413425 225167   12.00000   34   30          -   11.75000      -  61.7  100s
 425116 232343   12.44515   41  164          -   11.79543      -  62.2  105s
 442684 241556   16.50000   48   49          -   11.85714      -  62.9  110s
 459175 250512   15.00000   28    3          -   11.92283      -  63.6  115s
 473651 258110   15.44853   37  186          -   11.97869      -  64.3  120s
 494540 267515   16.44118   54   93          -   12.00000      -  64.6  125s
 507316 272311   17.16667   33   78          -   12.00000      -  64.6  130s
 521900 278215   16.00000   35    1          -   12.00000      -  64.6  135s
 544436 287519   14.00000   22   22          -   12.00000      -  64.7  140s
 563075 297244   13.02669   50  109          -   12.01686      -  65.1  145s
 579914 306187   12.90000   38   94          -   12.08710      -  65.6  150s
 595745 314261   12.67206   35  214          -   12.14286      -  66.1  155s
 612407 322182   13.60339   35  202          -   12.19493      -  66.5  160s
 629026 330289   13.33333   42   46          -   12.24066      -  66.9  165s
 647657 339348   15.00000   38    3          -   12.28533      -  67.2  170s
 665174 347860   14.36842   22   78          -   12.33333      -  67.5  175s
 684087 356494   13.03704   28  111          -   12.36395      -  67.7  180s
 701491 364189   15.87132   37  191          -   12.40476      -  67.9  185s
 719575 372489   13.14583   31  130          -   12.45161      -  68.2  190s
 736921 380605   14.00000   32   32          -   12.50000      -  68.5  195s
 761796 390976   13.65097   27  215          -   12.50000      -  68.4  200s
 780420 399141   16.00000   35    1          -   12.53326      -  68.6  205s
 798716 407576   13.09141   38  137          -   12.58333      -  68.8  210s
 817763 415660   16.00000   37   28          -   12.62055      -  68.9  215s
 836463 423797   13.71186   27  209          -   12.66667      -  69.0  220s
 857212 432965   15.57143   45   47          -   12.68750      -  69.0  225s
 875048 440970   16.66667   44   40          -   12.72880      -  69.1  230s
 896201 449858   16.46591   41  123          -   12.76344      -  69.1  235s
 914957 457878   13.10145   29   87          -   12.80000      -  69.1  240s
 935235 466623   13.09091   26   78          -   12.84180      -  69.2  245s
 954257 475031   14.00000   25   18          -   12.88146      -  69.3  250s
 973181 483199   13.75000   41   56          -   12.92157      -  69.4  255s
 992836 491542   13.86901   37  182          -   12.96970      -  69.4  260s
 1012985 500129   13.42922   38  116          -   13.00000      -  69.4  265s
 1036026 508294   15.00000   33   31          -   13.00000      -  69.4  270s
 1059775 516246   17.00000   44   23          -   13.00000      -  69.3  275s
 1082860 524172   17.00000   45   13          -   13.00000      -  69.2  280s
 1106057 532096   14.24390   56  149          -   13.00000      -  69.1  285s
 1128057 540696   13.66667   30   31          -   13.00000      -  69.1  290s
 1148170 549368   15.44444   28  189          -   13.06174      -  69.1  295s
 1168269 558051   13.50000   31   46          -   13.11111      -  69.1  300s
 1189641 567502   15.28431   27  142          -   13.15772      -  69.0  305s
 1211239 576703   17.50675   25  133          -   13.20000      -  68.9  310s
 1233661 585901   13.76045   38  215          -   13.23698      -  68.9  315s
 1255165 595002   14.98630   33  126          -   13.26065      -  68.8  320s
 1276317 604096   13.41689   45  152          -   13.29787      -  68.7  325s
 1297316 613029   15.42499   51  179          -   13.33333      -  68.7  330s
 1318899 621524   15.13453   33  209          -   13.33571      -  68.7  335s
 1338502 629646   16.00000   52    8          -   13.37496      -  68.7  340s
 1359938 637708   15.50000   42   41          -   13.40000      -  68.6  345s
 1380887 646521   15.00000   24   15          -   13.42857      -  68.6  350s
 1401009 654627   15.28571   29   58          -   13.45455      -  68.6  355s
 1420631 662645   14.00000   34    6          -   13.48276      -  68.6  360s
 1442705 671261   16.83333   47  130          -   13.50000      -  68.6  365s
 1464032 678912   17.32143   48  129          -   13.50000      -  68.6  370s
 1478792 683632   18.36392   36  155          -   13.50000      -  68.6  375s
 1484070 686031   16.00000   39   38          -   13.50000      -  68.6  380s
 1500500 692208   16.96965   24  157          -   13.50227      -  68.6  385s
 1518395 699608   16.00000   29   20          -   13.53247      -  68.6  390s
 1537564 707421   15.07471   50  125          -   13.55556      -  68.7  395s
 1555127 714644   15.61531   37  161          -   13.57445      -  68.7  400s
 1573293 722086   17.44643   33  109          -   13.59803      -  68.8  405s
 1592802 729732   15.93750   28   73          -   13.61111      -  68.8  410s
 1610801 737117   17.22222   22   75          -   13.62766      -  68.8  415s
 1628151 744022   14.25731   38  121          -   13.64516      -  68.9  420s
 1644852 750738   16.45364   26  143          -   13.66600      -  69.0  425s
 1667714 758628   17.80000   38   46          -   13.66667      -  69.0  430s
 1685512 765539   16.45946   43  132          -   13.67391      -  69.0  435s
 1703308 772249   17.00000   54    5          -   13.69231      -  69.1  440s
 1720543 779053   16.50000   25   42          -   13.70770      -  69.2  445s
 1737596 785348   17.00000   36   19          -   13.72045      -  69.3  450s
 1753692 791337   16.96907   45  108          -   13.73588      -  69.4  455s
 1768927 797447   15.00000   35    9          -   13.75000      -  69.5  460s
 1790806 804731   15.66667   37   21          -   13.75122      -  69.5  465s
 1805249 810339   14.00000   58   28          -   13.76471      -  69.6  470s
 1821237 816618   14.30952   34  111          -   13.77778      -  69.8  475s
 1837777 822639   15.00000   37    3          -   13.78889      -  69.9  480s
 1853714 828436   16.00000   36   24          -   13.80000      -  70.0  485s
 1871382 835078   16.50000   33   18          -   13.80730      -  70.1  490s
 1887884 840948   16.93125   29  127          -   13.81905      -  70.2  495s
 1902702 846421   16.18519   29  102          -   13.82979      -  70.3  500s
 1921358 853125   17.00000   40   25          -   13.83644      -  70.4  505s
 1935701 858321   18.00000   41   58          -   13.84615      -  70.5  510s
 1952956 864341   14.50000   25   50          -   13.85714      -  70.6  515s
 1967611 869448   15.66667   37   53          -   13.86585      -  70.7  520s
 1984362 875104   16.00000   38   86          -   13.87500      -  70.8  525s
 1999195 880002   17.00000   31   25          -   13.88571      -  70.9  530s
 2014799 885434   15.74576   29  124          -   13.89420      -  71.1  535s
 2031086 891023   14.50877   30  108          -   13.90323      -  71.2  540s
 2045984 895915   15.00000   40   15          -   13.91301      -  71.3  545s
 2061404 900886   16.66667   32   66          -   13.92282      -  71.4  550s
 2077185 905819   17.00000   31   17          -   13.93151      -  71.5  555s
 2092222 911033   14.37500   31   72          -   13.94031      -  71.7  560s
 2106274 915596   17.00000   37   15          -   13.94822      -  71.8  565s
 2120991 920302   14.33333   40   59          -   13.95833      -  71.9  570s
 2134821 924533   18.00000   37    1          -   13.96629      -  72.1  575s
 2149015 928994   14.62500   37   66          -   13.97561      -  72.2  580s
 2163272 933812   17.00000   43   21          -   13.98611      -  72.4  585s
 2176752 937870   17.00000   32   17          -   13.99659      -  72.5  590s
 2193686 943291   18.00000   39    8          -   14.00000      -  72.6  595s
 2214115 949709   15.00000   33   66          -   14.00000      -  72.6  600s
 2236113 956211   18.75000   29   73          -   14.00000      -  72.5  605s
 2257543 962225   15.00000   24   22          -   14.00000      -  72.5  610s
 2278628 968211   14.15385   32  107          -   14.00000      -  72.4  615s
 2301199 974357   16.16667   30   76          -   14.00000      -  72.4  620s
 2323718 980909   16.70588   32  116          -   14.00000      -  72.3  625s
 2346444 987511 infeasible   32               -   14.00000      -  72.3  630s
 2368594 993438   14.16667   47   37          -   14.00000      -  72.2  635s
 2391372 1000160   18.00000   42    1          -   14.00000      -  72.2  640s
 2412187 1006634   16.00000   33    4          -   14.00000      -  72.1  645s
 2433241 1013249   16.00000   28   11          -   14.00000      -  72.1  650s
 2447996 1018170   15.00000   44    9          -   14.00559      -  72.2  655s
 2461627 1022064   14.23643   34  190          -   14.01887      -  72.3  660s
 2476243 1026444   16.95833   43   90          -   14.03157      -  72.4  665s
 2491256 1030926   18.00000   34   22          -   14.04229      -  72.5  670s
 2506388 1035223   18.00000   37    1          -   14.05387      -  72.6  675s
 2522281 1039931   14.94670   29  173          -   14.06408      -  72.7  680s
 2537446 1044338   17.00000   30   18          -   14.07391      -  72.8  685s
 2552456 1048723   16.87909   39  207          -   14.08333      -  72.9  690s
 2568951 1053197   17.40299   32   94          -   14.09211      -  72.9  695s
 2584811 1057853   15.16667   27   77          -   14.10007      -  73.0  700s
 2599544 1062123   18.00000   37   22          -   14.11028      -  73.1  705s
 2614317 1066134   16.43478   38   77          -   14.11838      -  73.2  710s
 2632568 1071231     cutoff   37               -   14.12700      -  73.2  715s
 2647980 1075399   18.00000   31   22          -   14.13681      -  73.3  720s
 2664797 1080269   16.47646   30  130          -   14.14458      -  73.4  725s
 2679147 1084434   14.69318   34  121          -   14.15376      -  73.5  730s
 2696230 1088861   14.18134   33  231          -   14.16349      -  73.5  735s
 2717325 1094505   18.00000   36   23          -   14.17034      -  73.6  740s
 2733254 1098520   17.25000   35   91          -   14.17982      -  73.7  745s
 2749557 1102580   19.00000   33   43          -   14.18862      -  73.7  750s
 2765377 1106266   18.00000   37   39          -   14.19876      -  73.8  755s
 2786393 1112182   17.00000   36   15          -   14.20280      -  73.8  760s
 2803151 1115979   17.00000   35    3          -   14.21344      -  73.9  765s
 2819227 1120300   18.00000   45   33          -   14.22222      -  74.0  770s
 2835979 1124271   15.18496   32  177          -   14.23077      -  74.0  775s
 2852708 1128190   16.94231   35  108          -   14.24067      -  74.1  780s
 2867754 1132000   15.81818   33  101          -   14.25000      -  74.2  785s
 2887835 1137916   14.50000   32   43          -   14.25000      -  74.1  790s
 2906514 1142783   18.00000   34    1          -   14.25514      -  74.2  795s
 2921580 1146375   17.00000   47   21          -   14.26484      -  74.2  800s
 2939333 1150575   17.50539   33  145          -   14.27454      -  74.3  805s
 2955665 1154289   14.44051   41  214          -   14.28448      -  74.4  810s
 2973145 1158706   15.48400   33  119          -   14.29126      -  74.4  815s
 2991395 1163052   14.30000   36   97          -   14.30000      -  74.4  820s
 3007304 1166844 infeasible   50               -   14.30952      -  74.5  825s
 3023810 1170717   18.00000   44   28          -   14.31805      -  74.6  830s
 3038689 1173572   17.00000   34   19          -   14.32759      -  74.6  835s
 3045326 1175592   18.00000   37    1          -   14.33333      -  74.7  840s
 3068234 1181716   15.50000   54   40          -   14.33333      -  74.6  845s
 3090801 1188149   15.80000   25   55          -   14.33333      -  74.6  850s
 3107996 1192265   17.65050   41  197          -   14.34066      -  74.6  855s
 3124208 1195764   18.00000   43   22          -   14.35070      -  74.7  860s
 3140354 1199349   17.00000   38   43          -   14.36055      -  74.7  865s
 3156873 1202802   19.00000   50   15          -   14.36951      -  74.8  870s
 3175290 1207192   14.50000   48   22          -   14.37714      -  74.8  875s
 3191485 1210664   14.96667   32  114          -   14.38750      -  74.8  880s
 3207384 1214084   14.89655   44  117          -   14.39714      -  74.9  885s
 3229359 1219811   15.90000   25  122          -   14.40000      -  74.9  890s
 3245055 1223065   16.00000   41   12          -   14.40956      -  74.9  895s
 3262164 1226754   17.66667   50   37          -   14.41923      -  75.0  900s
 3276757 1229973   14.75000   33   57          -   14.42857      -  75.0  905s
 3295394 1234294   18.00000   44   35          -   14.43555      -  75.0  910s
 3312305 1238408   14.74953   30  235          -   14.44444      -  75.1  915s
 3329663 1241893   17.65696   42  146          -   14.45328      -  75.1  920s
 3345297 1245477   14.50000   25   48          -   14.46154      -  75.2  925s
 3363005 1249041   14.85310   33  196          -   14.47059      -  75.2  930s
 3379332 1252520   16.00000   31    6          -   14.48000      -  75.2  935s
 3394475 1255564   15.87437   34  147          -   14.49068      -  75.3  940s
 3412082 1259458   15.53947   40   90          -   14.50000      -  75.3  945s
 3434735 1265294   16.05263   37   75          -   14.50000      -  75.2  950s
 3458751 1271556   17.00000   39   52          -   14.50000      -  75.2  955s
 3481960 1277347   15.00000   40   19          -   14.50000      -  75.1  960s
 3505814 1283661   14.50000   41   32          -   14.50000      -  75.1  965s
 3529384 1289967   18.90476   38  138          -   14.50000      -  75.0  970s
 3552464 1295907   16.75000   41   37          -   14.50000      -  74.9  975s
 3568181 1298928     cutoff   48               -   14.50821      -  75.0  980s
 3583956 1301971   19.00000   41   31          -   14.52016      -  75.0  985s
 3601060 1305516   15.37471   39  143          -   14.53170      -  75.1  990s
 3617097 1309095 infeasible   47               -   14.54122      -  75.1  995s
 3633789 1312929   15.44620   29  232          -   14.55166      -  75.1 1000s
 3651383 1316642   17.00000   45   25          -   14.56035      -  75.1 1005s
 3667901 1320316   18.50000   45   26          -   14.57143      -  75.1 1010s
 3687089 1324543   15.18334   46  178          -   14.57895      -  75.1 1015s
 3703947 1328055   15.17996   40  239          -   14.58858      -  75.2 1020s
 3720911 1331639   16.00000   45   14          -   14.60000      -  75.2 1025s
 3742204 1336753   17.50000   41   78          -   14.60135      -  75.1 1030s
 3746275 1337633   17.00000   44   17          -   14.60563      -  75.1 1035s
 3759835 1340582   18.40000   44  111          -   14.61538      -  75.2 1040s
 3777613 1344119   16.41667   49   40          -   14.62500      -  75.2 1045s
 3795779 1348259   17.00000   48   19          -   14.63415      -  75.2 1050s
 3812690 1352247   16.12069   32  118          -   14.64286      -  75.2 1055s
 3830328 1355677   18.00000   40   17          -   14.65278      -  75.2 1060s
 3845915 1358606   15.00000   42   15          -   14.66522      -  75.2 1065s
 3868382 1364152   15.00000   27   17          -   14.66667      -  75.2 1070s
 3890554 1369869   16.89286   46   86          -   14.66667      -  75.1 1075s
 3914474 1376042   18.33333   34   53          -   14.66667      -  75.1 1080s
 3931917 1380006   17.00000   46    3          -   14.67523      -  75.1 1085s
 3948505 1383308   17.50000   47   45          -   14.68627      -  75.1 1090s
 3966453 1386985   17.00000   46   19          -   14.69697      -  75.1 1095s
 3983710 1390477   17.33333   42   27          -   14.70695      -  75.2 1100s
 4002917 1394777   17.00000   49   19          -   14.71429      -  75.2 1105s
 4019033 1397929   14.80952   45  113          -   14.72549      -  75.2 1110s
 4036406 1401838   16.00000   30   43          -   14.73529      -  75.2 1115s
 4053240 1405156   18.50000   49   57          -   14.74780      -  75.2 1120s
 4076374 1410475   16.30769   30   90          -   14.75000      -  75.2 1125s
 4097971 1416103   14.93069   53  151          -   14.75000      -  75.1 1130s
 4114178 1419555   17.31667   26  111          -   14.76000      -  75.1 1135s
 4132093 1423076   17.00000   30   15          -   14.77039      -  75.1 1140s
 4149963 1426996   16.78689   46   71          -   14.77953      -  75.2 1145s
 4166897 1430408   19.00000   44   40          -   14.79022      -  75.2 1150s
 4185051 1434229   15.25000   39   54          -   14.80000      -  75.2 1155s
 4205589 1439369   15.25942   38  210          -   14.80000      -  75.1 1160s
 4221683 1442531     cutoff   56               -   14.81198      -  75.2 1165s
 4239252 1446145   17.00000   56   15          -   14.82143      -  75.2 1170s
 4255920 1449569   17.66667   47   29          -   14.83282      -  75.2 1175s
 4278301 1454877   15.15909   25  106          -   14.83333      -  75.2 1180s
 4295131 1458307   17.22727   48   95          -   14.84524      -  75.2 1185s
 4312448 1461911   16.41132   32  152          -   14.85625      -  75.2 1190s
 4331978 1466417   15.00000   37   26          -   14.86131      -  75.2 1195s
 4348495 1469495   15.94118   31  110          -   14.87273      -  75.2 1200s
 4359380 1471997   18.00000   52    8          -   14.87500      -  75.2 1205s
 4373446 1474598   15.64273   35  161          -   14.88235      -  75.2 1210s
 4392665 1478292   17.50000   57   24          -   14.89247      -  75.2 1215s
 4410590 1482394   16.50000   28   40          -   14.90000      -  75.2 1220s
 4429794 1486247   16.00000   25   28          -   14.91111      -  75.2 1225s
 4447826 1490056   16.79155   46  154          -   14.92095      -  75.2 1230s
 4467075 1494075   16.87037   28  109          -   14.93040      -  75.2 1235s
 4485302 1497847   17.50000   41  114          -   14.94118      -  75.2 1240s
 4503689 1501694   18.50000   50   33          -   14.95189      -  75.2 1245s
 4520973 1505317     cutoff   50               -   14.96296      -  75.2 1250s
 4539099 1508920     cutoff   50               -   14.97531      -  75.2 1255s
 4555247 1512280   17.00000   51    4          -   14.98901      -  75.3 1260s
 4574052 1515592   16.66667   34   84          -   15.00000      -  75.3 1265s
 4593246 1519932 infeasible   45               -   15.00000      -  75.3 1270s
 4615718 1524709   15.18182   31   86          -   15.00000      -  75.2 1275s
 4638682 1529687   17.00000   30   46          -   15.00000      -  75.2 1280s
 4660723 1534054   15.00000   36   17          -   15.00000      -  75.2 1285s
 4682960 1538344   18.44444   40   80          -   15.00000      -  75.1 1290s
 4703965 1542214   17.00000   26   26          -   15.00000      -  75.1 1295s
 4716688 1544408   18.50000   33   36          -   15.00000      -  75.1 1300s
 4731948 1547778   17.00000   33   65          -   15.00000      -  75.1 1305s
 4754825 1552604   16.72222   41  102          -   15.00000      -  75.1 1310s
 4778413 1557325   16.00000   34   20          -   15.00000      -  75.0 1315s
 4800828 1561816   15.36364   48   62          -   15.00000      -  75.0 1320s
 4821664 1566078   16.50000   37   43          -   15.00000      -  75.0 1325s
 4844611 1570717   15.50000   48   32          -   15.00000      -  75.0 1330s
 4866422 1574918   17.07353   33   85          -   15.00000      -  74.9 1335s
 4888958 1579299     cutoff   45               -   15.00000      -  74.9 1340s
 4911253 1583605   17.00000   36   51          -   15.00000      -  74.9 1345s
 4934353 1588348   17.20000   35   64          -   15.00000      -  74.9 1350s
 4956148 1592947   17.83333   32   62          -   15.00000      -  74.8 1355s
 4978633 1597663   16.00000   36    8          -   15.00000      -  74.8 1360s
 5001536 1602368   16.00000   37    6          -   15.00000      -  74.8 1365s
 5023381 1606811   17.00000   31   71          -   15.00000      -  74.8 1370s
 5045954 1611362   16.77778   28   62          -   15.00000      -  74.7 1375s
 5065443 1615265   16.00000   32   22          -   15.00000      -  74.7 1380s
 5082137 1618290   18.00000   47   22          -   15.01101      -  74.7 1385s
 5100448 1622068   16.84601   48  170          -   15.03448      -  74.7 1390s
 5120937 1626651   15.22118   54  176          -   15.05463      -  74.7 1395s
 5140902 1631350   16.33333   36   36          -   15.07143      -  74.7 1400s
 5162482 1636267   15.37807   34  216          -   15.08511      -  74.7 1405s
 5182833 1641010     cutoff   45               -   15.10000      -  74.6 1410s
 5204492 1645953   16.59464   47  161          -   15.11111      -  74.6 1415s
 5224260 1650539   17.66667   39   73          -   15.12500      -  74.6 1420s
 5244700 1655030   16.22222   55   33          -   15.13333      -  74.6 1425s
 5265776 1659912   16.11111   39  107          -   15.14286      -  74.5 1430s
 5286953 1664482     cutoff   56               -   15.15620      -  74.5 1435s
 5307675 1669070   16.66667   36   32          -   15.16667      -  74.5 1440s
 5330017 1674076   16.00000   27   44          -   15.17391      -  74.4 1445s
 5349649 1678639   16.47887   34  131          -   15.18519      -  74.4 1450s
 5369155 1683191     cutoff   54               -   15.20000      -  74.4 1455s
 5392246 1688254   16.20000   30  103          -   15.20000      -  74.3 1460s
 5413694 1693000   15.65193   45  127          -   15.20879      -  74.3 1465s
 5433467 1697537   17.25000   39   61          -   15.22222      -  74.3 1470s
 5455291 1702255   15.47059   35   69          -   15.23077      -  74.2 1475s
 5475230 1706763   17.00000   50   23          -   15.24444      -  74.2 1480s
 5497007 1711313   17.00000   40   18          -   15.25000      -  74.2 1485s
 5519789 1715972   16.00000   34    9          -   15.25000      -  74.2 1490s
 5542541 1720633   17.00000   50    3          -   15.25000      -  74.1 1495s
 5562647 1725087   16.47458   35  150          -   15.26667      -  74.1 1500s
 5582986 1729557   17.14695   33  161          -   15.27746      -  74.1 1505s
 5603957 1734191   17.31034   40   81          -   15.28571      -  74.1 1510s
 5624500 1738859   15.53205   48  161          -   15.29545      -  74.0 1515s
 5644072 1742918   15.42857   33   76          -   15.30534      -  74.0 1520s
 5658405 1745999   16.41892   34   91          -   15.31276      -  74.0 1525s
 5669424 1748891     cutoff   50               -   15.31946      -  74.0 1530s
 5688263 1752974   15.44209   53  181          -   15.33333      -  74.0 1535s
 5709321 1757702   15.96154   30  101          -   15.33333      -  74.0 1540s
 5730568 1761737   18.37500   40   82          -   15.33333      -  73.9 1545s
 5751707 1765747   16.00000   31   37          -   15.33333      -  73.9 1550s
 5774285 1770022 infeasible   35               -   15.33333      -  73.9 1555s
