nohup: ignoring input
[2026-09-13 00:01:28] === H10_n360k20d20 [[360,20]] dX sectors 14-20 of 20  cutoff=19.5 threads=12 nodefile=30GB
[2026-09-13 00:01:28] dX sector 14 already done: >=20
Restricted license - for non-production use only - expires 2027-11-29
Set parameter OutputFlag to value 1
Set parameter LogFile to value "H10_n360k20d20_dX_14-20_gurobi.log"
Set parameter Threads to value 12
Set parameter NodefileStart to value 30
Set parameter NodefileDir to value "."
Set parameter SoftMemLimit to value 30
Set parameter Cutoff to value 19.5
Set parameter MIPFocus to value 3
Set parameter Symmetry to value 2
Gurobi Optimizer version 13.0.3 build v13.0.3rc0 (linux64 - "Ubuntu 24.04.4 LTS")

CPU model: AMD Ryzen Threadripper PRO 9975WX 32-Cores, instruction set [SSE2|AVX|AVX2|AVX512]
Thread count: 32 physical cores, 64 logical processors, using up to 12 threads

Non-default parameters:
Cutoff  19.5
SoftMemLimit  30
MIPFocus  3
NodefileStart  30
Symmetry  2
Threads  12

Optimize a model with 181 rows, 541 columns and 1349 nonzeros (Min)
Model fingerprint: 0xad7f1f90
Model has 360 linear objective coefficients
Variable types: 0 continuous, 541 integer (360 binary)
Coefficient statistics:
  Matrix range     [1e+00, 2e+00]
  Objective range  [1e+00, 1e+00]
  Bounds range     [1e+00, 4e+01]
  RHS range        [1e+00, 1e+00]

Presolve time: 0.00s
Presolved: 181 rows, 541 columns, 1349 nonzeros
Variable types: 0 continuous, 541 integer (360 binary)
Root relaxation presolve removed 181 rows and 541 columns
Root relaxation presolve: All rows and columns removed

Root relaxation: objective 1.000000e+00, 0 iterations, 0.00 seconds (0.00 work units)

    Nodes    |    Current Node    |     Objective Bounds      |     Work
 Expl Unexpl |  Obj  Depth IntInf | Incumbent    BestBd   Gap | It/Node Time

     0     0    1.00000    0    3          -    1.00000      -     -    0s
     0     0    1.00000    0    3          -    1.00000      -     -    0s
     0     0    1.00000    0    3          -    1.00000      -     -    0s
     0     0    2.00000    0    3          -    2.00000      -     -    0s
     0     0    2.00000    0    3          -    2.00000      -     -    0s
     0     2    2.00000    0    3          -    2.00000      -     -    0s
 44117 32259   11.25000   34   55          -    7.00000      -  27.4    5s
 58888 42632   12.00000   31    1          -    7.28889      -  38.0   10s
 72653 52038   10.63902   36  150          -    7.50000      -  47.9   15s
 86093 61560   11.41597   34  196          -    7.68868      -  54.5   20s
 99882 71281   11.65952   52  214          -    7.84157      -  59.6   25s
 112280 79433   12.00000   50    1          -    7.95778      -  63.7   30s
 130992 89999   16.67707   65  215          -    8.00000      -  65.8   35s
 145675 98933   16.42857   49  142          -    8.06053      -  67.7   40s
 160155 107858   12.00000   46    1          -    8.16654      -  69.7   45s
 175150 116434   12.00000   48   22          -    8.27734      -  71.1   50s
 191589 125349   16.41772   70  149          -    8.40000      -  72.0   55s
 193483 125775   13.03263   68  175          -    8.45798      -  72.2   60s
 208184 133317   12.80000   57   39          -    8.58974      -  72.6   65s
 212828 135005   18.27715   66  169          -    8.68031      -  72.7   70s
 216016 136691   14.00000   85   12          -    8.75000      -  72.8   75s
 232196 143764     cutoff   55               -    9.00000      -  72.9   80s
 250888 152628   15.04545   35  175          -    9.00000      -  73.1   85s
 271137 160207   14.00000   25    1          -    9.66667      -  72.5   90s
 288044 168128   15.90588   46  148          -   10.00000      -  72.8   95s
 306784 176373   13.00000   29   55          -   10.00000      -  73.1  100s
 324740 186012   10.91045   34  122          -   10.58742      -  73.4  105s
 341645 196352   11.69697   26  104          -   10.90459      -  73.6  110s
 357309 204595   17.67284   45  134          -   11.00000      -  74.0  115s
 374493 212520   12.00000   39    1          -   11.00000      -  74.4  120s
 390660 221073   13.00000   63    9          -   11.01554      -  74.6  125s
 405733 230904   12.75379   27  173          -   11.17647      -  74.9  130s
 419742 240303     cutoff   71               -   11.25000      -  75.3  135s
 432654 249069   16.00000   34    1          -   11.29981      -  75.9  140s
 445920 257915   15.00000   31    3          -   11.33573      -  76.3  145s
 458608 266575   13.95455   38  124          -   11.37838      -  76.8  150s
 472615 275852   16.00000   39   24          -   11.41860      -  77.3  155s
 485159 283946   15.39535   33  131          -   11.45161      -  77.7  160s
 499463 293068   16.00000   40    1          -   11.48576      -  78.1  165s
 512071 300616   12.90434   63  150          -   11.50000      -  78.5  170s
 525788 309522   11.64027   43  216          -   11.52000      -  78.9  175s
 540468 318784   14.50000   48   33          -   11.55556      -  79.2  180s
 553248 326927   14.00000   52    1          -   11.58505      -  79.5  185s
 566557 334977   14.00000   52    1          -   11.61106      -  79.9  190s
 580679 343819   16.00000   49    4          -   11.64138      -  80.3  195s
 594427 352196   15.00000   43   17          -   11.66667      -  80.6  200s
 607303 359984   16.00000   38    1          -   11.68966      -  80.9  205s
 621588 368602     cutoff   56               -   11.71643      -  81.1  210s
 634487 376426   16.00000   51   28          -   11.74167      -  81.4  215s
 649937 385380   16.00000   62    1          -   11.76542      -  81.6  220s
 662449 392792   12.00000   39    1          -   11.79054      -  81.9  225s
 675976 400488   13.06250   47  125          -   11.81675      -  82.1  230s
 690128 408145   16.00000   48   23          -   11.84284      -  82.4  235s
 703386 415570   16.00000   55   22          -   11.86861      -  82.6  240s
 716735 422790   14.00000   51    1          -   11.89685      -  82.8  245s
 731288 430469   16.34161   67  142          -   11.92793      -  83.0  250s
 744538 437375   16.00000   54    1          -   11.95546      -  83.2  255s
 758050 444432   15.00000   50   15          -   11.98816      -  83.3  260s
 773745 453081   13.15211   37  220          -   12.00000      -  83.5  265s
 790656 462292   15.00000   38   69          -   12.00000      -  83.4  270s
 807099 471704   17.00000   32   54          -   12.00000      -  83.3  275s
 824468 481426   15.22368   36  126          -   12.00000      -  83.2  280s
 843765 492199   16.00000   53   28          -   12.00000      -  83.0  285s
 860079 501464   14.00000   53   34          -   12.00000      -  83.0  290s
 877758 511365   12.71308   42  157          -   12.00000      -  82.9  295s
 895572 522499   13.02474   36  219          -   12.00000      -  82.8  300s
 909777 529623 infeasible   71               -   12.03977      -  82.9  305s
 924284 536737   15.00000   60   21          -   12.08243      -  83.0  310s
 939149 543201   16.00000   61    1          -   12.11917      -  83.0  315s
 954178 549935   15.00000   53   21          -   12.16015      -  83.1  320s
 970385 557103   13.11111   27  135          -   12.20000      -  83.1  325s
 984792 563118   13.93333   38   93          -   12.24013      -  83.1  330s
 1001562 570518   16.00000   69   16          -   12.27778      -  83.1  335s
 1017522 577312   16.00000   63   28          -   12.32500      -  83.1  340s
 1032710 583650   15.00000   64   17          -   12.35626      -  83.1  345s
 1048762 590280   15.50000   66   41          -   12.40103      -  83.1  350s
 1064242 596654   13.03524   37  160          -   12.45016      -  83.0  355s
 1081988 604366   12.75000   23   49          -   12.50000      -  82.9  360s
 1098259 611971     cutoff   69               -   12.50000      -  82.9  365s
 1115497 618990     cutoff   75               -   12.54286      -  82.9  370s
 1132998 626852     cutoff   64               -   12.59302      -  82.7  375s
 1151006 635123   16.00000   68    1          -   12.63636      -  82.6  380s
 1169035 643701 infeasible   72               -   12.66667      -  82.5  385s
 1186480 651839   13.40711   35  153          -   12.70769      -  82.4  390s
 1204911 660342   13.00000   47   54          -   12.75000      -  82.3  395s
 1222410 668838 infeasible   64               -   12.78439      -  82.2  400s
 1241531 677736   15.00000   38   29          -   12.82156      -  82.1  405s
 1259321 687118   13.74093   38  227          -   12.85374      -  82.0  410s
 1277852 696595   18.63218   55  161          -   12.88399      -  81.8  415s
 1295848 705545   15.00000   60    3          -   12.91239      -  81.8  420s
 1312765 714376   13.14751   35  212          -   12.94047      -  81.6  425s
 1330837 724074   13.22413   32  196          -   12.96673      -  81.5  430s
 1347557 733717   13.05755   36  168          -   12.99338      -  81.4  435s
 1364040 741028   14.02669   32  188          -   13.00000      -  81.5  440s
 1379704 747800     cutoff   47               -   13.00000      -  81.6  445s
 1394602 754273   13.63462   28  140          -   13.00000      -  81.6  450s
 1411997 761503     cutoff   60               -   13.00000      -  81.7  455s
 1427635 767753   13.50000   36   56          -   13.00000      -  81.7  460s
 1442362 774050   14.00000   31   17          -   13.00000      -  81.8  465s
 1460423 783618   16.00000   41   22          -   13.03436      -  81.7  470s
 1477598 793019   13.19213   30  228          -   13.05972      -  81.7  475s
 1494004 801645   13.78208   51  203          -   13.07780      -  81.6  480s
 1509496 810181   15.28049   43  136          -   13.09384      -  81.6  485s
 1524385 818235   14.00000   28   16          -   13.10695      -  81.6  490s
 1539326 826242   14.00000   42  124          -   13.11888      -  81.6  495s
 1553555 833854   14.88202   51  181          -   13.13155      -  81.7  500s
 1568496 841547   18.00000   54    1          -   13.14286      -  81.8  505s
 1582039 848895   16.00000   57    1          -   13.15278      -  81.8  510s
 1595204 855872   16.00000   30   22          -   13.16279      -  81.9  515s
 1609938 863211   16.00000   33    1          -   13.17115      -  81.9  520s
 1624363 870821   18.00000   35   27          -   13.18071      -  82.0  525s
 1637237 877392   13.28904   42  197          -   13.18919      -  82.1  530s
 1650916 884631   13.30862   49  211          -   13.19780      -  82.2  535s
 1664477 890944   16.46895   51  173          -   13.20312      -  82.3  540s
 1678598 897884   18.00000   48    1          -   13.21126      -  82.4  545s
 1691999 904819   15.75551   36  161          -   13.21826      -  82.4  550s
 1705423 911464   17.00000   40   15          -   13.22530      -  82.6  555s
 1718450 917743   16.00000   33    1          -   13.23232      -  82.7  560s
 1731681 924651   15.00000   41   13          -   13.23878      -  82.7  565s
 1744097 931302   16.30096   37  193          -   13.24511      -  82.9  570s
 1756905 937098   13.50000   58   48          -   13.25000      -  83.0  575s
 1769847 943117   17.85572   35  154          -   13.25342      -  83.1  580s
 1783058 949539   18.00000   42    1          -   13.26084      -  83.2  585s
 1795803 956077   14.61763   45  181          -   13.26667      -  83.3  590s
 1808134 962389   14.45370   48  103          -   13.27273      -  83.4  595s
 1818403 967233   16.66667   36   43          -   13.27778      -  83.5  600s
 1831368 973158   13.49468   52  204          -   13.28424      -  83.6  605s
 1843218 978570   13.41602   29  252          -   13.28846      -  83.7  610s
 1855663 984790   16.96899   40  121          -   13.29405      -  83.9  615s
 1868110 990648 infeasible   65               -   13.30000      -  84.0  620s
 1880711 996487   14.50000   33   76          -   13.30508      -  84.1  625s
 1892286 1001874   14.59806   45  203          -   13.30996      -  84.2  630s
 1904428 1007235   13.58086   45  222          -   13.31579      -  84.4  635s
 1916436 1012772   18.00000   35   18          -   13.32059      -  84.5  640s
 1928619 1018390     cutoff   55               -   13.32609      -  84.6  645s
 1941119 1024446   18.00000   44    1          -   13.33212      -  84.7  650s
 1944854 1025447   13.84739   31  159          -   13.33333      -  84.7  655s
 1946233 1026348   18.00000   45    1          -   13.33333      -  84.8  660s
 1955500 1030100   16.97834   42  166          -   13.33333      -  84.8  665s
 1968817 1035601   16.00000   41    1          -   13.33669      -  84.9  670s
 1980910 1041348   16.00000   46    1          -   13.34194      -  85.0  675s
 1992994 1046747   18.00000   32    1          -   13.34698      -  85.1  680s
 2005108 1052323   16.00000   37   18          -   13.35202      -  85.2  685s
 2017698 1057930   18.00000   40    1          -   13.35714      -  85.4  690s
 2028865 1062499   18.00000   40    1          -   13.36122      -  85.5  695s
 2041277 1068152   15.00000   37   14          -   13.36577      -  85.6  700s
 2053175 1073646   16.50000   38   21          -   13.37005      -  85.7  705s
 2065356 1079104     cutoff   56               -   13.37500      -  85.8  710s
 2077222 1083977   16.88889   37  121          -   13.37879      -  85.9  715s
 2089682 1089699   14.98463   33  202          -   13.38372      -  86.0  720s
 2102477 1094906   18.39623   38  130          -   13.38801      -  86.1  725s
 2115891 1100813   16.88782   50  179          -   13.39286      -  86.2  730s
 2129399 1106848   17.26354   38  166          -   13.39790      -  86.3  735s
 2143338 1112236   17.50000   59   34          -   13.40000      -  86.4  740s
 2156536 1117607   18.00000   49    1          -   13.40504      -  86.5  745s
 2168587 1122541   18.00000   48    1          -   13.40929      -  86.6  750s
 2181423 1127655   18.00000   44    1          -   13.41383      -  86.7  755s
 2193840 1133029   17.45765   37  173          -   13.41818      -  86.8  760s
 2206518 1138208   17.00000   40   21          -   13.42276      -  86.9  765s
 2216063 1141514   18.00000   43    1          -   13.42676      -  87.0  770s
 2216200 1141644   15.50000   41   16          -   13.42780      -  87.0  775s
 2224166 1145050   18.00000   44    1          -   13.42918      -  87.0  780s
 2235917 1149704   17.00000   38    3          -   13.43359      -  87.1  785s
 2249419 1155407   15.56250   41   51          -   13.43810      -  87.2  790s
 2261073 1160215   16.98592   48  170          -   13.44231      -  87.3  795s
 2273351 1165296   18.00000   42    1          -   13.44613      -  87.4  800s
 2285190 1170299   17.00000   45   45          -   13.45033      -  87.5  805s
 2298587 1175724   16.00000   54   17          -   13.45455      -  87.6  810s
 2310333 1180727   16.00000   44    1          -   13.45876      -  87.7  815s
 2322308 1185417   16.50000   40   30          -   13.46292      -  87.8  820s
 2334542 1190631   18.51081   50  169          -   13.46689      -  87.9  825s
 2347731 1195955   18.00000   47    1          -   13.47160      -  87.9  830s
 2359616 1200540     cutoff   40               -   13.47586      -  88.0  835s
 2371642 1205835   16.00000   50    1          -   13.48000      -  88.1  840s
 2383658 1210756   17.31818   33  128          -   13.48413      -  88.2  845s
 2397207 1216410   18.00000   47   38          -   13.48858      -  88.3  850s
 2408913 1221460   16.00000   36    1          -   13.49286      -  88.4  855s
 2421351 1226655   17.00000   49   25          -   13.49769      -  88.5  860s
 2432803 1230558   16.50000   39   19          -   13.50000      -  88.6  865s
 2446552 1234814   16.50000   38   39          -   13.50000      -  88.7  870s
 2460932 1239348 infeasible   42               -   13.50000      -  88.7  875s
 2474766 1243605   16.00000   47   34          -   13.50000      -  88.8  880s
 2487837 1247668   16.00000   51    1          -   13.50000      -  88.9  885s
 2498979 1251091   13.55919   41  245          -   13.50171      -  89.0  890s
 2510615 1254972   18.00000   43    1          -   13.50598      -  89.1  895s
 2523892 1260033   13.88983   33  175          -   13.51092      -  89.2  900s
 2536066 1264569   18.00000   39    4          -   13.51608      -  89.3  905s
 2547630 1269227   19.00000   45   92          -   13.52083      -  89.4  910s
 2561337 1274585   15.58333   44   85          -   13.52575      -  89.4  915s
 2573514 1279188   18.00000   53   22          -   13.52965      -  89.5  920s
 2585222 1283519   18.00000   44    1          -   13.53393      -  89.6  925s
 2597887 1288300   18.07574   59  181          -   13.53846      -  89.6  930s
 2609889 1292543 infeasible   45               -   13.54281      -  89.7  935s
 2623189 1297421   16.00000   50   24          -   13.54667      -  89.8  940s
 2635577 1302200   16.16000   41   82          -   13.55102      -  89.8  945s
 2648222 1306891   14.69231   32   99          -   13.55556      -  89.9  950s
 2660359 1311338   15.30426   38  213          -   13.55918      -  90.0  955s
 2672547 1315712   13.64405   50  240          -   13.56327      -  90.0  960s
 2684295 1320101     cutoff   47               -   13.56725      -  90.1  965s
 2696732 1324553   14.23529   33  115          -   13.57143      -  90.2  970s
 2708674 1328649   16.00000   41   20          -   13.57471      -  90.2  975s
 2720966 1332944   18.00000   42    1          -   13.57895      -  90.3  980s
 2732937 1336629   15.09722   47  121          -   13.58333      -  90.4  985s
 2744128 1340433   16.00000   32   14          -   13.58644      -  90.4  990s
 2756243 1344552     cutoff   52               -   13.59060      -  90.5  995s
 2769457 1349477   18.00000   48    1          -   13.59501      -  90.6 1000s
 2781245 1353572   17.68889   49  125          -   13.59936      -  90.7 1005s
 2793236 1357266   16.79359   50  168          -   13.60000      -  90.7 1010s
 2805613 1361880 infeasible   54               -   13.60475      -  90.8 1015s
 2817334 1365889   17.00000   50    3          -   13.60870      -  90.8 1020s
 2830431 1370375   18.00000   73   28          -   13.61311      -  90.9 1025s
 2842628 1374489   16.30883   48  164          -   13.61668      -  91.0 1030s
 2854489 1378840   18.00000   43   24          -   13.62054      -  91.0 1035s
 2866208 1382792   15.60000   50   27          -   13.62477      -  91.1 1040s
 2880166 1387426   17.00000   50   27          -   13.62813      -  91.1 1045s
 2892165 1391536   16.27828   43  143          -   13.63235      -  91.2 1050s
 2904280 1395654   14.29933   36  167          -   13.63636      -  91.3 1055s
 2916401 1399539   16.00000   51    1          -   13.64000      -  91.3 1060s
 2928479 1403247   18.00000   50    1          -   13.64365      -  91.4 1065s
 2940628 1407070     cutoff   60               -   13.64787      -  91.5 1070s
 2952698 1410865   18.00000   48    1          -   13.65196      -  91.5 1075s
 2964872 1414571 infeasible   52               -   13.65605      -  91.6 1080s
 2976014 1417736   18.00000   57    1          -   13.66021      -  91.7 1085s
 2988219 1421992   18.00000   56    1          -   13.66489      -  91.7 1090s
 3001412 1425420   15.97059   60   87          -   13.66667      -  91.8 1095s
 3014632 1428954   18.00000   45    1          -   13.66667      -  91.8 1100s
 3027627 1433301   18.00000   46    1          -   13.67073      -  91.9 1105s
 3039442 1436717   16.85714   50   56          -   13.67566      -  92.0 1110s
 3051641 1440337   17.00000   66   17          -   13.68003      -  92.0 1115s
 3063285 1443821   18.00000   57    1          -   13.68434      -  92.1 1120s
 3076409 1447437   18.00000   46   22          -   13.68897      -  92.1 1125s
 3088728 1451090   17.00000   56    3          -   13.69306      -  92.2 1130s
 3100669 1454596   17.50000   57   36          -   13.69767      -  92.3 1135s
 3111623 1457855     cutoff   57               -   13.70078      -  92.3 1140s
 3123623 1461447   17.00000   56   30          -   13.70527      -  92.4 1145s
 3135629 1465159   16.00000   46   14          -   13.70946      -  92.4 1150s
 3147664 1468703   18.00000   49    1          -   13.71426      -  92.5 1155s
 3161128 1472230     cutoff   48               -   13.71698      -  92.5 1160s
 3172948 1475464   16.98163   58  160          -   13.72146      -  92.6 1165s
 3183736 1478619   16.90158   50  163          -   13.72566      -  92.7 1170s
 3196190 1482077   18.00000   43   36          -   13.72960      -  92.7 1175s
 3208406 1485271   18.00000   55   22          -   13.73372      -  92.8 1180s
 3220034 1488458   18.83333   44   78          -   13.73795      -  92.8 1185s
 3231164 1491587 infeasible   48               -   13.74208      -  92.9 1190s
 3243834 1495004   16.66667   63   70          -   13.74688      -  92.9 1195s
 3257466 1498511   15.12575   37  138          -   13.75000      -  93.0 1200s
 3266796 1500647     cutoff   65               -   13.75000      -  93.0 1205s
 3278961 1503958   16.00000   43    1          -   13.75456      -  93.1 1210s
 3291639 1507535   17.00000   53   33          -   13.75915      -  93.1 1215s
 3303830 1510876   16.00000   53    1          -   13.76367      -  93.2 1220s
 3315880 1514081   18.00000   50   28          -   13.76804      -  93.2 1225s
 3329074 1517648   18.00000   58    1          -   13.77232      -  93.3 1230s
 3339981 1520541   17.00000   58   15          -   13.77679      -  93.3 1235s
 3353249 1523720     cutoff   48               -   13.78109      -  93.4 1240s
 3365346 1526471   18.00000   48   37          -   13.78571      -  93.4 1245s
 3377113 1529477   18.00000   47    1          -   13.78977      -  93.5 1250s
 3389326 1532707   18.33047   55  128          -   13.79439      -  93.5 1255s
 3400913 1535537   17.00000   48   32          -   13.79944      -  93.6 1260s
 3411443 1537321   16.00000   63    1          -   13.80000      -  93.6 1265s
 3412611 1537646   17.00000   53   15          -   13.80087      -  93.6 1270s
 3417794 1539253   18.00000   55    1          -   13.80328      -  93.6 1275s
 3430796 1542576   18.00000   58    1          -   13.80851      -  93.7 1280s
 3442708 1545318   17.78249   48  172          -   13.81333      -  93.7 1285s
 3453788 1548055   18.00000   50    1          -   13.81789      -  93.8 1290s
 3466931 1551665   16.74725   57  159          -   13.82182      -  93.8 1295s
 3478972 1554527     cutoff   61               -   13.82643      -  93.9 1300s
 3491160 1557514   18.00000   62    1          -   13.83146      -  93.9 1305s
 3504658 1560288   18.00000   62   28          -   13.83336      -  93.9 1310s
 3516230 1562745   16.00000   48   29          -   13.83871      -  94.0 1315s
 3528974 1565750   17.00000   57   25          -   13.84337      -  94.0 1320s
 3540912 1568304   18.55840   66  170          -   13.84848      -  94.1 1325s
 3551912 1570768   17.00000   50   35          -   13.85310      -  94.1 1330s
 3566018 1574171   18.00000   58   40          -   13.85714      -  94.1 1335s
 3577262 1576622   18.00000   41   26          -   13.86207      -  94.2 1340s
 3589386 1579080   14.64246   29  170          -   13.86686      -  94.2 1345s
 3601232 1581694   18.55556   59   75          -   13.87273      -  94.3 1350s
 3612757 1584009   18.00000   57    1          -   13.87604      -  94.3 1355s
 3624812 1586666   16.00000   64   16          -   13.88136      -  94.4 1360s
 3637223 1589472   18.00000   53    1          -   13.88660      -  94.4 1365s
 3650485 1592318   17.47222   52  162          -   13.89149      -  94.4 1370s
 3662754 1594966   18.00000   61   26          -   13.89645      -  94.5 1375s
 3674439 1597401   18.00000   55   34          -   13.90055      -  94.5 1380s
 3687276 1600149   14.21621   60  221          -   13.90625      -  94.6 1385s
 3699128 1602684     cutoff   54               -   13.91086      -  94.6 1390s
 3710842 1605094   14.12626   63  219          -   13.91635      -  94.6 1395s
 3723058 1607765   14.02909   51  207          -   13.92091      -  94.7 1400s
 3736183 1610732   18.27716   62  180          -   13.92609      -  94.7 1405s
 3748057 1613115   14.02460   58  186          -   13.93103      -  94.7 1410s
 3761149 1615768   17.99747   60  181          -   13.93663      -  94.7 1415s
 3773044 1618393   18.00000   58   28          -   13.94152      -  94.8 1420s
 3785179 1620709   18.00000   62   22          -   13.94703      -  94.8 1425s
 3797302 1623027   17.54395   53  196          -   13.95259      -  94.9 1430s
 3809346 1625317     cutoff   65               -   13.95833      -  94.9 1435s
 3821082 1627472   16.00000   54    4          -   13.96383      -  94.9 1440s
 3833544 1629654   14.80769   34  109          -   13.96989      -  95.0 1445s
 3845521 1631916   18.64257   53  142          -   13.97627      -  95.0 1450s
 3857645 1634138   16.00000   57    1          -   13.98276      -  95.0 1455s
 3868983 1636198   15.00000   55    5          -   13.98939      -  95.1 1460s
 3882293 1638763 infeasible   62               -   13.99864      -  95.1 1465s
 3895356 1642253     cutoff   60               -   14.00000      -  95.1 1470s
 3909349 1645129   18.00000   66    1          -   14.00000      -  95.1 1475s
 3924039 1648568   14.79272   28  165          -   14.00000      -  95.1 1480s
 3938834 1652611     cutoff   47               -   14.00000      -  95.1 1485s
 3953367 1656732   16.00000   49    4          -   14.00000      -  95.1 1490s
 3967195 1660335   15.33333   60   52          -   14.00000      -  95.1 1495s
 3981391 1664342 infeasible   67               -   14.00000      -  95.1 1500s
 3995957 1668549   18.40000   71   39          -   14.00000      -  95.1 1505s
 4010996 1672944 infeasible   38               -   14.00000      -  95.1 1510s
 4024543 1675967   14.22222   41   58          -   14.00000      -  95.1 1515s
 4038915 1679311   18.00000   60    1          -   14.00000      -  95.2 1520s
 4052977 1682510   18.00000   67    1          -   14.00000      -  95.2 1525s
 4066658 1686812   18.00000   61   26          -   14.00090      -  95.2 1530s
 4077893 1689222   17.00000   61   22          -   14.00862      -  95.2 1535s
 4090814 1691686   14.16537   54  220          -   14.01782      -  95.2 1540s
 4104092 1694254   17.00000   59   17          -   14.02734      -  95.2 1545s
 4116115 1696357   19.11111   59   84          -   14.03503      -  95.2 1550s
 4129157 1698384   18.57245   56  179          -   14.04348      -  95.3 1555s
