[2026-09-27 04:24:45] === D3_41 [[112,12]] w=7 d_ub=10 Xlog=12 Zlog=12 threads=8 nodefile=10GB memlimit=40GB
[2026-09-27 04:24:48] dZ sector 1/12: >= 10  (3s)
[2026-09-27 04:24:50] dZ sector 2/12: >= 10  (2s)
[2026-09-27 04:24:52] dZ sector 3/12: >= 10  (2s)
[2026-09-27 04:24:54] dZ sector 4/12: >= 10  (2s)
[2026-09-27 04:24:57] dZ sector 5/12: >= 10  (3s)
[2026-09-27 04:24:59] dZ sector 6/12: >= 10  (2s)
[2026-09-27 04:25:01] dZ sector 7/12: >= 10  (2s)
[2026-09-27 04:25:03] dZ sector 8/12: >= 10  (2s)
[2026-09-27 04:25:04] dZ sector 9/12: >= 10  (1s)
[2026-09-27 04:25:08] dZ sector 10/12: >= 10  (3s)
[2026-09-27 04:25:10] dZ sector 11/12: >= 10  (3s)
[2026-09-27 04:25:13] dZ sector 12/12: >= 10  (3s)
[2026-09-27 04:25:14] dX sector 1/12: >= 10  (1s)
[2026-09-27 04:25:17] dX sector 2/12: >= 10  (3s)
[2026-09-27 04:25:20] dX sector 3/12: >= 10  (3s)
[2026-09-27 04:25:22] dX sector 4/12: >= 10  (2s)
[2026-09-27 04:25:25] dX sector 5/12: >= 10  (3s)
[2026-09-27 04:25:27] dX sector 6/12: >= 10  (2s)
[2026-09-27 04:25:30] dX sector 7/12: >= 10  (3s)
[2026-09-27 04:25:33] dX sector 8/12: >= 10  (3s)
[2026-09-27 04:25:36] dX sector 9/12: >= 10  (2s)
[2026-09-27 04:25:38] dX sector 10/12: >= 10  (2s)
[2026-09-27 04:25:41] dX sector 11/12: >= 10  (3s)
[2026-09-27 04:25:43] dX sector 12/12: >= 10  (2s)
[2026-09-27 04:25:43] PROVEN d = 10
[2026-09-27 04:25:43] witness dZ sector 1 weight 10 support [5, 9, 19, 20, 23, 24, 63, 79, 91, 98]
[2026-09-27 04:25:43] === FINAL [[112,12,10]] w=7 Q=10.714
