[2026-09-27 04:27:16] === D3_8 [[252,22]] w=7 d_ub=10 Xlog=22 Zlog=22 threads=8 nodefile=10GB memlimit=40GB
[2026-09-27 04:27:16] dZ sector 1/22: >= 10  (0s)
[2026-09-27 04:27:18] dZ sector 2/22: >= 10  (1s)
[2026-09-27 04:27:19] dZ sector 3/22: >= 10  (2s)
[2026-09-27 04:27:21] dZ sector 4/22: >= 10  (2s)
[2026-09-27 04:27:22] dZ sector 5/22: >= 10  (0s)
[2026-09-27 04:27:24] dZ sector 6/22: >= 10  (2s)
[2026-09-27 04:27:26] dZ sector 7/22: >= 10  (2s)
[2026-09-27 04:27:28] dZ sector 8/22: >= 10  (3s)
[2026-09-27 04:27:30] dZ sector 9/22: >= 10  (2s)
[2026-09-27 04:27:31] dZ sector 10/22: >= 10  (0s)
[2026-09-27 04:27:33] dZ sector 11/22: >= 10  (2s)
[2026-09-27 04:27:37] dZ sector 12/22: >= 10  (3s)
[2026-09-27 04:27:40] dZ sector 13/22: >= 10  (3s)
[2026-09-27 04:27:43] dZ sector 14/22: >= 10  (4s)
[2026-09-27 04:27:46] dZ sector 15/22: >= 10  (3s)
[2026-09-27 04:27:49] dZ sector 16/22: >= 10  (2s)
[2026-09-27 04:27:51] dZ sector 17/22: >= 10  (2s)
[2026-09-27 04:27:54] dZ sector 18/22: >= 10  (3s)
[2026-09-27 04:27:56] dZ sector 19/22: >= 10  (2s)
[2026-09-27 04:27:58] dZ sector 20/22: >= 10  (2s)
[2026-09-27 04:28:01] dZ sector 21/22: >= 10  (3s)
[2026-09-27 04:28:03] dZ sector 22/22: >= 10  (2s)
[2026-09-27 04:28:03] dX sector 1/22: >= 10  (0s)
[2026-09-27 04:28:04] dX sector 2/22: >= 10  (1s)
[2026-09-27 04:28:05] dX sector 3/22: >= 10  (0s)
[2026-09-27 04:28:06] dX sector 4/22: >= 10  (1s)
[2026-09-27 04:28:06] dX sector 5/22: >= 10  (0s)
[2026-09-27 04:28:07] dX sector 6/22: >= 10  (1s)
[2026-09-27 04:28:09] dX sector 7/22: >= 10  (2s)
[2026-09-27 04:28:10] dX sector 8/22: >= 10  (1s)
[2026-09-27 04:28:11] dX sector 9/22: >= 10  (1s)
[2026-09-27 04:28:12] dX sector 10/22: >= 10  (1s)
[2026-09-27 04:28:13] dX sector 11/22: >= 10  (1s)
[2026-09-27 04:28:16] dX sector 12/22: >= 10  (3s)
[2026-09-27 04:28:19] dX sector 13/22: >= 10  (3s)
[2026-09-27 04:28:22] dX sector 14/22: >= 10  (2s)
[2026-09-27 04:28:24] dX sector 15/22: >= 10  (2s)
[2026-09-27 04:28:26] dX sector 16/22: >= 10  (2s)
[2026-09-27 04:28:28] dX sector 17/22: >= 10  (2s)
[2026-09-27 04:28:30] dX sector 18/22: >= 10  (3s)
[2026-09-27 04:28:32] dX sector 19/22: >= 10  (1s)
[2026-09-27 04:28:34] dX sector 20/22: >= 10  (2s)
[2026-09-27 04:28:35] dX sector 21/22: >= 10  (1s)
[2026-09-27 04:28:37] dX sector 22/22: >= 10  (2s)
[2026-09-27 04:28:37] PROVEN d = 10
[2026-09-27 04:28:37] witness dZ sector 1 weight 10 support [0, 7, 8, 9, 17, 24, 33, 34, 43, 52]
[2026-09-27 04:28:37] === FINAL [[252,22,10]] w=7 Q=8.730
