[2026-09-27 04:24:16] === D3_5 [[224,24]] w=7 d_ub=9 Xlog=24 Zlog=24 threads=8 nodefile=10GB memlimit=40GB
[2026-09-27 04:24:16] dZ sector 1/24: >= 9  (0s)
[2026-09-27 04:24:16] dZ sector 2/24: >= 9  (0s)
[2026-09-27 04:24:17] dZ sector 3/24: >= 9  (0s)
[2026-09-27 04:24:17] dZ sector 4/24: >= 9  (0s)
[2026-09-27 04:24:19] dZ sector 5/24: >= 9  (1s)
[2026-09-27 04:24:19] dZ sector 6/24: >= 9  (0s)
[2026-09-27 04:24:19] dZ sector 7/24: >= 9  (0s)
[2026-09-27 04:24:21] dZ sector 8/24: >= 9  (2s)
[2026-09-27 04:24:21] dZ sector 9/24: >= 9  (0s)
[2026-09-27 04:24:22] dZ sector 10/24: >= 9  (0s)
[2026-09-27 04:24:22] dZ sector 11/24: >= 9  (0s)
[2026-09-27 04:24:23] dZ sector 12/24: >= 9  (0s)
[2026-09-27 04:24:23] dZ sector 13/24: >= 9  (1s)
[2026-09-27 04:24:24] dZ sector 14/24: >= 9  (0s)
[2026-09-27 04:24:25] dZ sector 15/24: >= 9  (1s)
[2026-09-27 04:24:26] dZ sector 16/24: >= 9  (1s)
[2026-09-27 04:24:27] dZ sector 17/24: >= 9  (1s)
[2026-09-27 04:24:28] dZ sector 18/24: >= 9  (1s)
[2026-09-27 04:24:29] dZ sector 19/24: >= 9  (0s)
[2026-09-27 04:24:30] dZ sector 20/24: >= 9  (1s)
[2026-09-27 04:24:30] dZ sector 21/24: >= 9  (0s)
[2026-09-27 04:24:31] dZ sector 22/24: >= 9  (1s)
[2026-09-27 04:24:31] dZ sector 23/24: >= 9  (0s)
[2026-09-27 04:24:33] dZ sector 24/24: >= 9  (1s)
[2026-09-27 04:24:33] dX sector 1/24: >= 9  (0s)
[2026-09-27 04:24:33] dX sector 2/24: >= 9  (0s)
[2026-09-27 04:24:34] dX sector 3/24: >= 9  (0s)
[2026-09-27 04:24:34] dX sector 4/24: >= 9  (0s)
[2026-09-27 04:24:34] dX sector 5/24: >= 9  (0s)
[2026-09-27 04:24:35] dX sector 6/24: >= 9  (0s)
[2026-09-27 04:24:35] dX sector 7/24: >= 9  (0s)
[2026-09-27 04:24:35] dX sector 8/24: >= 9  (0s)
[2026-09-27 04:24:36] dX sector 9/24: >= 9  (0s)
[2026-09-27 04:24:36] dX sector 10/24: >= 9  (0s)
[2026-09-27 04:24:36] dX sector 11/24: >= 9  (0s)
[2026-09-27 04:24:37] dX sector 12/24: >= 9  (0s)
[2026-09-27 04:24:39] dX sector 13/24: >= 9  (2s)
[2026-09-27 04:24:41] dX sector 14/24: >= 9  (2s)
[2026-09-27 04:24:41] dX sector 15/24: >= 9  (0s)
[2026-09-27 04:24:41] dX sector 16/24: >= 9  (0s)
[2026-09-27 04:24:42] dX sector 17/24: >= 9  (0s)
[2026-09-27 04:24:42] dX sector 18/24: >= 9  (0s)
[2026-09-27 04:24:43] dX sector 19/24: >= 9  (1s)
[2026-09-27 04:24:43] dX sector 20/24: >= 9  (0s)
[2026-09-27 04:24:43] dX sector 21/24: >= 9  (0s)
[2026-09-27 04:24:44] dX sector 22/24: >= 9  (0s)
[2026-09-27 04:24:44] dX sector 23/24: >= 9  (0s)
[2026-09-27 04:24:44] dX sector 24/24: >= 9  (0s)
[2026-09-27 04:24:44] PROVEN d = 9
[2026-09-27 04:24:44] witness dZ sector 1 weight 9 support [0, 3, 35, 43, 49, 54, 136, 153, 217]
[2026-09-27 04:24:44] === FINAL [[224,24,9]] w=7 Q=8.679
