[2026-09-27 04:35:16] === D3_17 [[180,16]] w=7 d_ub=12 Xlog=16 Zlog=16 threads=8 nodefile=10GB memlimit=40GB
[2026-09-27 04:35:21] dZ sector 1/16: >= 12  (5s)
[2026-09-27 04:35:26] dZ sector 2/16: >= 12  (4s)
[2026-09-27 04:35:34] dZ sector 3/16: >= 12  (8s)
[2026-09-27 04:35:41] dZ sector 4/16: >= 12  (8s)
[2026-09-27 04:35:49] dZ sector 5/16: >= 12  (8s)
[2026-09-27 04:35:57] dZ sector 6/16: >= 12  (7s)
[2026-09-27 04:36:05] dZ sector 7/16: >= 12  (9s)
[2026-09-27 04:36:13] dZ sector 8/16: >= 12  (7s)
[2026-09-27 04:36:26] dZ sector 9/16: >= 12  (13s)
[2026-09-27 04:36:37] dZ sector 10/16: >= 12  (11s)
[2026-09-27 04:36:49] dZ sector 11/16: >= 12  (11s)
[2026-09-27 04:37:01] dZ sector 12/16: >= 12  (13s)
[2026-09-27 04:37:14] dZ sector 13/16: >= 12  (13s)
[2026-09-27 04:37:25] dZ sector 14/16: >= 12  (11s)
[2026-09-27 04:37:41] dZ sector 15/16: >= 12  (16s)
[2026-09-27 04:37:52] dZ sector 16/16: >= 12  (11s)
[2026-09-27 04:38:11] dX sector 1/16: >= 12  (19s)
[2026-09-27 04:38:20] dX sector 2/16: >= 12  (9s)
[2026-09-27 04:38:29] dX sector 3/16: >= 12  (9s)
[2026-09-27 04:38:42] dX sector 4/16: >= 12  (13s)
[2026-09-27 04:38:52] dX sector 5/16: >= 12  (10s)
[2026-09-27 04:39:02] dX sector 6/16: >= 12  (9s)
[2026-09-27 04:39:11] dX sector 7/16: >= 12  (10s)
[2026-09-27 04:39:19] dX sector 8/16: >= 12  (8s)
[2026-09-27 04:39:28] dX sector 9/16: >= 12  (9s)
[2026-09-27 04:39:39] dX sector 10/16: >= 12  (11s)
[2026-09-27 04:39:50] dX sector 11/16: >= 12  (12s)
[2026-09-27 04:40:02] dX sector 12/16: >= 12  (12s)
[2026-09-27 04:40:15] dX sector 13/16: >= 12  (13s)
[2026-09-27 04:40:25] dX sector 14/16: >= 12  (10s)
[2026-09-27 04:40:41] dX sector 15/16: >= 12  (16s)
[2026-09-27 04:40:51] dX sector 16/16: >= 12  (10s)
[2026-09-27 04:40:51] PROVEN d = 12
[2026-09-27 04:40:53] witness dZ sector 1 weight 12 support [2, 6, 14, 15, 17, 22, 35, 44, 101, 131, 145, 171]
[2026-09-27 04:40:53] === FINAL [[180,16,12]] w=7 Q=12.800
